2026-08-31 09:25:01,292 - E:\STangWork\PythonProjects\skp_parser\util\db_util.py - INFO - 数据库连接池已创建: 127.0.0.1:3306/suidaobig
2026-08-31 09:25:01,293 - E:\STangWork\PythonProjects\skp_parser\util\db_util.py - INFO - 数据库连接池已关闭
2026-08-31 09:25:11,158 - E:\STangWork\PythonProjects\skp_parser\util\db_util.py - INFO - 数据库连接池已创建: 127.0.0.1:3306/suidaobig
2026-08-31 09:25:11,981 - E:\STangWork\PythonProjects\skp_parser\util\db_util.py - INFO - 数据库连接池已关闭
2026-08-31 09:25:25,365 - E:\STangWork\PythonProjects\skp_parser\util\db_util.py - INFO - 数据库连接池已创建: 127.0.0.1:3306/suidaobig
2026-08-31 09:25:25,408 - E:\STangWork\PythonProjects\skp_parser\util\db_util.py - INFO - 数据库连接池已关闭
2026-08-31 09:28:41,073 - E:\STangWork\PythonProjects\skp_parser\util\db_util.py - INFO - 数据库连接池已创建: 127.0.0.1:3306/suidaobig
2026-08-31 09:29:48,573 - E:\STangWork\PythonProjects\skp_parser\full_scan.py - INFO - 扫描目录: E:\STangWork\STangFiles\各省重点项目：2020年起,支持格式文件 1281 个
2026-08-31 09:31:17,058 - E:\STangWork\PythonProjects\skp_parser\full_scan.py - INFO - 扫描目录: E:\STangWork\STangFiles\各省重点项目：2020年起,支持格式文件 1281 个
2026-08-31 09:32:28,791 - E:\STangWork\PythonProjects\skp_parser\main.py - WARNING - 分类校验[2020年宁夏全区重大项目清单（最新）.xlsx] 工业: 标题声明 478 项,解析 0 项
2026-08-31 09:32:28,791 - E:\STangWork\PythonProjects\skp_parser\main.py - WARNING - 分类校验[2020年宁夏全区重大项目清单（最新）.xlsx] 其他: 标题声明 134 项,解析 8 项
2026-08-31 09:32:28,792 - E:\STangWork\PythonProjects\skp_parser\main.py - WARNING - 分类校验[2020年宁夏全区重大项目清单（最新）.xlsx] 其他-拟建项目: 标题声明 38 项,解析 0 项
2026-08-31 09:32:28,794 - E:\STangWork\PythonProjects\skp_parser\main.py - WARNING - 分类校验[2020年宁夏全区重大项目清单（最新）.xlsx] 现代服务业: 标题声明 235 项,解析 0 项
2026-08-31 09:32:28,794 - E:\STangWork\PythonProjects\skp_parser\main.py - WARNING - 分类校验[2020年宁夏全区重大项目清单（最新）.xlsx] 现代商贸服务业: 标题声明 13 项,解析 21 项
2026-08-31 09:32:28,794 - E:\STangWork\PythonProjects\skp_parser\main.py - WARNING - 分类校验[2020年宁夏全区重大项目清单（最新）.xlsx] 房地产开发: 标题声明 72 项,解析 26 项
2026-08-31 09:32:28,794 - E:\STangWork\PythonProjects\skp_parser\main.py - WARNING - 分类校验[2020年宁夏全区重大项目清单（最新）.xlsx] 丝路明珠塔: 标题声明 46 项,解析 45 项
2026-08-31 09:32:28,794 - E:\STangWork\PythonProjects\skp_parser\main.py - WARNING - 分类校验[2020年宁夏全区重大项目清单（最新）.xlsx] 产业融合: 标题声明 63 项,解析 12 项
2026-08-31 09:32:28,794 - E:\STangWork\PythonProjects\skp_parser\main.py - WARNING - 分类校验[2020年宁夏全区重大项目清单（最新）.xlsx] 产业融合-拟建项目: 标题声明 20 项,解析 0 项
2026-08-31 09:32:28,794 - E:\STangWork\PythonProjects\skp_parser\main.py - WARNING - 分类校验[2020年宁夏全区重大项目清单（最新）.xlsx] 现代农业: 标题声明 59 项,解析 0 项
2026-08-31 09:32:28,795 - E:\STangWork\PythonProjects\skp_parser\main.py - WARNING - 分类校验[2020年宁夏全区重大项目清单（最新）.xlsx] 经果林产业: 标题声明 1 项,解析 2 项
2026-08-31 09:32:28,795 - E:\STangWork\PythonProjects\skp_parser\main.py - WARNING - 分类校验[2020年宁夏全区重大项目清单（最新）.xlsx] 现代畜牧业: 标题声明 47 项,解析 28 项
2026-08-31 09:32:28,795 - E:\STangWork\PythonProjects\skp_parser\main.py - WARNING - 分类校验[2020年宁夏全区重大项目清单（最新）.xlsx] 现代畜牧业-拟建项目: 标题声明 2 项,解析 0 项
2026-08-31 09:32:28,795 - E:\STangWork\PythonProjects\skp_parser\main.py - WARNING - 分类校验[2020年宁夏全区重大项目清单（最新）.xlsx] 交通基础设施: 标题声明 43 项,解析 0 项
2026-08-31 09:32:28,795 - E:\STangWork\PythonProjects\skp_parser\main.py - WARNING - 分类校验[2020年宁夏全区重大项目清单（最新）.xlsx] 高速公路: 标题声明 5 项,解析 6 项
2026-08-31 09:32:28,795 - E:\STangWork\PythonProjects\skp_parser\main.py - WARNING - 分类校验[2020年宁夏全区重大项目清单（最新）.xlsx] 普通公路: 标题声明 13 项,解析 16 项
2026-08-31 09:32:28,795 - E:\STangWork\PythonProjects\skp_parser\main.py - WARNING - 分类校验[2020年宁夏全区重大项目清单（最新）.xlsx] 交通枢纽: 标题声明 16 项,解析 3 项
2026-08-31 09:32:28,795 - E:\STangWork\PythonProjects\skp_parser\main.py - WARNING - 分类校验[2020年宁夏全区重大项目清单（最新）.xlsx] 交通枢纽-拟建项目: 标题声明 6 项,解析 0 项
2026-08-31 09:32:28,795 - E:\STangWork\PythonProjects\skp_parser\main.py - WARNING - 分类校验[2020年宁夏全区重大项目清单（最新）.xlsx] 农林水利基础设施: 标题声明 63 项,解析 0 项
2026-08-31 09:32:28,796 - E:\STangWork\PythonProjects\skp_parser\main.py - WARNING - 分类校验[2020年宁夏全区重大项目清单（最新）.xlsx] 水利设施: 标题声明 18 项,解析 25 项
2026-08-31 09:32:28,796 - E:\STangWork\PythonProjects\skp_parser\main.py - WARNING - 分类校验[2020年宁夏全区重大项目清单（最新）.xlsx] 农业农村: 标题声明 9 项,解析 17 项
2026-08-31 09:32:28,796 - E:\STangWork\PythonProjects\skp_parser\main.py - WARNING - 分类校验[2020年宁夏全区重大项目清单（最新）.xlsx] 林业建设: 标题声明 23 项,解析 4 项
2026-08-31 09:32:28,796 - E:\STangWork\PythonProjects\skp_parser\main.py - WARNING - 分类校验[2020年宁夏全区重大项目清单（最新）.xlsx] 林业建设-拟建项目: 标题声明 8 项,解析 0 项
2026-08-31 09:32:28,796 - E:\STangWork\PythonProjects\skp_parser\main.py - WARNING - 分类校验[2020年宁夏全区重大项目清单（最新）.xlsx] 社会公共服务: 标题声明 81 项,解析 0 项
2026-08-31 09:32:28,796 - E:\STangWork\PythonProjects\skp_parser\main.py - WARNING - 分类校验[2020年宁夏全区重大项目清单（最新）.xlsx] 教育: 标题声明 12 项,解析 19 项
2026-08-31 09:32:28,796 - E:\STangWork\PythonProjects\skp_parser\main.py - WARNING - 分类校验[2020年宁夏全区重大项目清单（最新）.xlsx] 医疗卫生: 标题声明 11 项,解析 15 项
2026-08-31 09:32:28,796 - E:\STangWork\PythonProjects\skp_parser\main.py - WARNING - 分类校验[2020年宁夏全区重大项目清单（最新）.xlsx] 社会保障: 标题声明 27 项,解析 4 项
2026-08-31 09:32:28,796 - E:\STangWork\PythonProjects\skp_parser\main.py - WARNING - 分类校验[2020年宁夏全区重大项目清单（最新）.xlsx] 物流配送-拟建项目: 标题声明 20 项,解析 0 项
2026-08-31 09:32:28,796 - E:\STangWork\PythonProjects\skp_parser\main.py - WARNING - 分类校验[2020年宁夏全区重大项目清单（最新）.xlsx] 市政基础设施: 标题声明 112 项,解析 0 项
2026-08-31 09:32:28,796 - E:\STangWork\PythonProjects\skp_parser\main.py - WARNING - 分类校验[2020年宁夏全区重大项目清单（最新）.xlsx] 其他综合基础设施: 标题声明 67 项,解析 19 项
2026-08-31 09:32:28,797 - E:\STangWork\PythonProjects\skp_parser\main.py - WARNING - 分类校验[2020年宁夏全区重大项目清单（最新）.xlsx] 其他综合基础设施-拟建项目: 标题声明 4 项,解析 0 项
2026-08-31 09:32:28,797 - E:\STangWork\PythonProjects\skp_parser\main.py - WARNING - 分类校验[2020年宁夏全区重大项目清单（最新）.xlsx] 生态环保: 标题声明 70 项,解析 0 项
2026-08-31 09:32:28,797 - E:\STangWork\PythonProjects\skp_parser\main.py - WARNING - 分类校验[2020年宁夏全区重大项目清单（最新）.xlsx] 污水垃圾处理: 标题声明 56 项,解析 29 项
2026-08-31 09:32:28,797 - E:\STangWork\PythonProjects\skp_parser\main.py - WARNING - 分类校验[2020年宁夏全区重大项目清单（最新）.xlsx] 污水垃圾处理-拟建项目: 标题声明 9 项,解析 0 项
2026-08-31 09:32:28,797 - E:\STangWork\PythonProjects\skp_parser\main.py - WARNING - 分类校验[2020年宁夏全区重大项目清单（最新）.xlsx] 公共安全: 标题声明 20 项,解析 0 项
2026-08-31 09:32:28,797 - E:\STangWork\PythonProjects\skp_parser\main.py - WARNING - 分类校验[2020年宁夏全区重大项目清单（最新）.xlsx] 消防应急设施-拟建项目: 标题声明 2 项,解析 0 项
2026-08-31 09:32:28,797 - E:\STangWork\PythonProjects\skp_parser\main.py - WARNING - 分类校验[2020年宁夏全区重大项目清单（最新）.xlsx] 标注▲2018年重点建设项目结转: 标题声明 35 项,解析 0 项
2026-08-31 09:32:35,618 - E:\STangWork\PythonProjects\skp_parser\util\db_util.py - INFO - 数据库连接池已关闭
2026-08-31 09:33:03,887 - E:\STangWork\PythonProjects\skp_parser\full_scan.py - INFO - 扫描目录: E:\STangWork\STangFiles\各省重点项目：2020年起,支持格式文件 1281 个
2026-08-31 09:40:48,428 - E:\STangWork\PythonProjects\skp_parser\full_scan.py - INFO - 扫描目录: E:\STangWork\STangFiles\各省重点项目：2020年起,支持格式文件 1281 个
2026-08-31 09:42:30,296 - E:\STangWork\PythonProjects\skp_parser\full_scan.py - INFO - 扫描目录: E:\STangWork\STangFiles\各省重点项目：2020年起,支持格式文件 1281 个
2026-08-31 09:48:04,997 - E:\STangWork\PythonProjects\skp_parser\util\db_util.py - INFO - 数据库连接池已创建: 127.0.0.1:3306/suidaobig
2026-08-31 09:48:09,195 - E:\STangWork\PythonProjects\skp_parser\util\db_util.py - INFO - 数据库连接池已关闭
2026-08-31 09:48:20,102 - E:\STangWork\PythonProjects\skp_parser\util\db_util.py - INFO - 数据库连接池已创建: 127.0.0.1:3306/suidaobig
2026-08-31 09:48:20,135 - E:\STangWork\PythonProjects\skp_parser\util\db_util.py - INFO - 数据库连接池已关闭
2026-08-31 09:49:44,872 - E:\STangWork\PythonProjects\skp_parser\util\db_util.py - INFO - 数据库连接池已创建: 127.0.0.1:3306/suidaobig
2026-08-31 09:49:47,002 - E:\STangWork\PythonProjects\skp_parser\util\db_util.py - INFO - 数据库连接池已关闭
2026-08-31 09:50:03,279 - E:\STangWork\PythonProjects\skp_parser\util\db_util.py - INFO - 数据库连接池已创建: 127.0.0.1:3306/suidaobig
2026-08-31 09:50:19,665 - E:\STangWork\PythonProjects\skp_parser\main.py - WARNING - 分类校验[附件：2022年省重点建设项目通知+附件-1.pdf] 河北中医学院河北省中医药博物馆
项目(鹿泉区)
(五)基础设施: 标题声明 17 项,解析 3 项
2026-08-31 09:50:19,665 - E:\STangWork\PythonProjects\skp_parser\main.py - WARNING - 分类校验[附件：2022年省重点建设项目通知+附件-1.pdf] 邢台综合客运枢纽(襄都区 )
(六)民生补短板: 标题声明 15 项,解析 10 项
2026-08-31 09:50:19,665 - E:\STangWork\PythonProjects\skp_parser\main.py - WARNING - 分类校验[附件：2022年省重点建设项目通知+附件-1.pdf] 涉县太行红河谷景区 ppp 项目(涉
县)
(五)基础设施: 标题声明 2 项,解析 0 项
2026-08-31 09:51:04,234 - E:\STangWork\PythonProjects\skp_parser\parser\xlsx_parser.py - WARNING - E:\STangWork\STangFiles\各省重点项目：2020年起\2023年重点项目\30云南省2023年重点项目清单\2023年昆明市\附件1.昆明市2023年市级重大在建项目计划表.xlsx[Sheet2]: 前 20 行未找到表头,跳过
2026-08-31 09:51:06,468 - E:\STangWork\PythonProjects\skp_parser\parser\xlsx_parser.py - WARNING - E:\STangWork\STangFiles\各省重点项目：2020年起\2023年重点项目\30云南省2023年重点项目清单\2023年昆明市\附件2.昆明市2023年市级重大新开工项目计划表.xlsx[Sheet2]: 前 20 行未找到表头,跳过
2026-08-31 09:51:11,483 - E:\STangWork\PythonProjects\skp_parser\parser\xlsx_parser.py - WARNING - E:\STangWork\STangFiles\各省重点项目：2020年起\2023年重点项目\30云南省2023年重点项目清单\2023年昆明市\附件3.昆明市2023年市级重大前期项目计划表.xlsx[Sheet2]: 前 20 行未找到表头,跳过
2026-08-31 09:51:12,181 - E:\STangWork\PythonProjects\skp_parser\parser\xlsx_parser.py - WARNING - E:\STangWork\STangFiles\各省重点项目：2020年起\2023年重点项目\30云南省2023年重点项目清单\2023年昆明市\附件4.2023年市级“重中之重”项目计划表.xlsx[Sheet2]: 前 20 行未找到表头,跳过
2026-08-31 09:51:13,556 - E:\STangWork\PythonProjects\skp_parser\main.py - WARNING - 通知信息解析失败 金政办发〔2023〕108号  附件2+金昌市2024年重大前期项目清单.xlsx.xlsx: No /Root object! - Is this really a PDF?
2026-08-31 09:51:18,049 - E:\STangWork\PythonProjects\skp_parser\parser\xlsx_parser.py - WARNING - E:\STangWork\STangFiles\各省重点项目：2020年起\2025年重点项目\29四川省2025年重点项目清单\泸州市2025年\泸州市2025年重点项目表.xlsx[封面 ]: 前 20 行未找到表头,跳过
2026-08-31 09:51:18,055 - E:\STangWork\PythonProjects\skp_parser\parser\xlsx_parser.py - WARNING - E:\STangWork\STangFiles\各省重点项目：2020年起\2025年重点项目\29四川省2025年重点项目清单\泸州市2025年\泸州市2025年重点项目表.xlsx[描述]: 前 20 行未找到表头,跳过
2026-08-31 09:51:20,888 - E:\STangWork\PythonProjects\skp_parser\main.py - WARNING - 通知信息解析失败 金政办发〔2025〕68号 附件2 2026年重大前期项目清单.xlsx: No /Root object! - Is this really a PDF?
2026-08-31 09:51:29,037 - E:\STangWork\PythonProjects\skp_parser\parser\xlsx_parser.py - WARNING - E:\STangWork\STangFiles\各省重点项目：2020年起\2026年重点项目\文章发布表格.xlsx[甘肃]: 前 20 行未找到表头,跳过
2026-08-31 09:51:29,517 - E:\STangWork\PythonProjects\skp_parser\main.py - WARNING - 分类校验[文章发布表格.xlsx] 年度省重点项目名单: 标题声明 1570 项,解析 0 项
2026-08-31 09:51:29,517 - E:\STangWork\PythonProjects\skp_parser\main.py - WARNING - 分类校验[文章发布表格.xlsx] 先进制造业领域项目: 标题声明 852 项,解析 0 项
2026-08-31 09:51:29,517 - E:\STangWork\PythonProjects\skp_parser\main.py - WARNING - 分类校验[文章发布表格.xlsx] 先进制造业领域项目-制造业支柱产业: 标题声明 256 项,解析 0 项
2026-08-31 09:51:29,517 - E:\STangWork\PythonProjects\skp_parser\main.py - WARNING - 分类校验[文章发布表格.xlsx] 现代纺织鞋服产业-制造业特色优势产业: 标题声明 221 项,解析 0 项
2026-08-31 09:51:29,517 - E:\STangWork\PythonProjects\skp_parser\main.py - WARNING - 分类校验[文章发布表格.xlsx] 特色轻工产业-战略性新兴产业: 标题声明 177 项,解析 0 项
2026-08-31 09:51:29,518 - E:\STangWork\PythonProjects\skp_parser\main.py - WARNING - 分类校验[文章发布表格.xlsx] 现代化立体综合交通领域项目: 标题声明 119 项,解析 0 项
2026-08-31 09:51:29,518 - E:\STangWork\PythonProjects\skp_parser\main.py - WARNING - 分类校验[文章发布表格.xlsx] 现代化立体综合交通领域项目-轨道交通网: 标题声明 13 项,解析 0 项
2026-08-31 09:51:29,518 - E:\STangWork\PythonProjects\skp_parser\main.py - WARNING - 分类校验[文章发布表格.xlsx] 城市轨道-公路: 标题声明 70 项,解析 0 项
2026-08-31 09:51:29,518 - E:\STangWork\PythonProjects\skp_parser\main.py - WARNING - 分类校验[文章发布表格.xlsx] 低碳清洁能源领域项目: 标题声明 75 项,解析 0 项
2026-08-31 09:51:29,518 - E:\STangWork\PythonProjects\skp_parser\main.py - WARNING - 分类校验[文章发布表格.xlsx] 国网福建电力2026年电网项目: 标题声明 4 项,解析 6 项
2026-08-31 09:51:29,519 - E:\STangWork\PythonProjects\skp_parser\main.py - WARNING - 分类校验[文章发布表格.xlsx] 安全韧性水网领域项目: 标题声明 74 项,解析 26 项
2026-08-31 09:51:29,519 - E:\STangWork\PythonProjects\skp_parser\main.py - WARNING - 分类校验[文章发布表格.xlsx] 漳州排水防涝提升项目: 标题声明 2 项,解析 8 项
2026-08-31 09:51:29,519 - E:\STangWork\PythonProjects\skp_parser\main.py - WARNING - 分类校验[文章发布表格.xlsx] 漳州排水防涝提升项目-漳州主城区市政排水系统及雨污分流改造项目 在建: 标题声明 2 项,解析 7 项
2026-08-31 09:51:29,519 - E:\STangWork\PythonProjects\skp_parser\main.py - WARNING - 分类校验[文章发布表格.xlsx] 三明管网改造提升项目: 标题声明 3 项,解析 4 项
2026-08-31 09:51:29,519 - E:\STangWork\PythonProjects\skp_parser\main.py - WARNING - 分类校验[文章发布表格.xlsx] 三明管网改造提升项目-明溪县城区市政管网改造提升工程 在建: 标题声明 3 项,解析 4 项
2026-08-31 09:51:29,519 - E:\STangWork\PythonProjects\skp_parser\main.py - WARNING - 分类校验[文章发布表格.xlsx] 南平排水防涝提升项目: 标题声明 2 项,解析 21 项
2026-08-31 09:51:29,520 - E:\STangWork\PythonProjects\skp_parser\main.py - WARNING - 分类校验[文章发布表格.xlsx] 福州城乡供水一体化项目: 标题声明 3 项,解析 9 项
2026-08-31 09:51:29,520 - E:\STangWork\PythonProjects\skp_parser\main.py - WARNING - 分类校验[文章发布表格.xlsx] 泉州城乡供水一体化项目: 标题声明 4 项,解析 7 项
2026-08-31 09:51:29,520 - E:\STangWork\PythonProjects\skp_parser\main.py - WARNING - 分类校验[文章发布表格.xlsx] 三明城乡供水一体化项目: 标题声明 2 项,解析 4 项
2026-08-31 09:51:29,520 - E:\STangWork\PythonProjects\skp_parser\main.py - WARNING - 分类校验[文章发布表格.xlsx] 南平城乡供水一体化项目: 标题声明 6 项,解析 7 项
2026-08-31 09:51:29,520 - E:\STangWork\PythonProjects\skp_parser\main.py - WARNING - 分类校验[文章发布表格.xlsx] 城市更新领域项目: 标题声明 92 项,解析 0 项
2026-08-31 09:51:29,520 - E:\STangWork\PythonProjects\skp_parser\main.py - WARNING - 分类校验[文章发布表格.xlsx] 城市更新领域项目-市政设施提升工程: 标题声明 73 项,解析 0 项
2026-08-31 09:51:29,520 - E:\STangWork\PythonProjects\skp_parser\main.py - WARNING - 分类校验[文章发布表格.xlsx] 南平污水提质增效项目: 标题声明 5 项,解析 7 项
2026-08-31 09:51:29,521 - E:\STangWork\PythonProjects\skp_parser\main.py - WARNING - 分类校验[文章发布表格.xlsx] 宁德污水提质增效项目: 标题声明 6 项,解析 9 项
2026-08-31 09:51:29,521 - E:\STangWork\PythonProjects\skp_parser\main.py - WARNING - 分类校验[文章发布表格.xlsx] 现代服务与文旅融合领域项目: 标题声明 123 项,解析 0 项
2026-08-31 09:51:29,521 - E:\STangWork\PythonProjects\skp_parser\main.py - WARNING - 分类校验[文章发布表格.xlsx] 现代服务与文旅融合领域项目-现代服务业: 标题声明 76 项,解析 0 项
2026-08-31 09:51:29,521 - E:\STangWork\PythonProjects\skp_parser\main.py - WARNING - 分类校验[文章发布表格.xlsx] 民生福祉设施领域项目-教育: 标题声明 46 项,解析 79 项
2026-08-31 09:51:29,521 - E:\STangWork\PythonProjects\skp_parser\main.py - WARNING - 分类校验[文章发布表格.xlsx] 民生福祉设施领域项目-体育: 标题声明 6 项,解析 83 项
2026-08-31 09:51:29,522 - E:\STangWork\PythonProjects\skp_parser\main.py - WARNING - 分类校验[文章发布表格.xlsx] 城市建设-能源网: 标题声明 24 项,解析 34 项
2026-08-31 09:51:29,522 - E:\STangWork\PythonProjects\skp_parser\main.py - WARNING - 分类校验[文章发布表格.xlsx] 城市建设-物流网: 标题声明 32 项,解析 38 项
2026-08-31 09:51:29,522 - E:\STangWork\PythonProjects\skp_parser\main.py - WARNING - 分类校验[文章发布表格.xlsx] 第一部分 实施项目: 标题声明 550 项,解析 0 项
2026-08-31 09:51:29,522 - E:\STangWork\PythonProjects\skp_parser\main.py - WARNING - 分类校验[文章发布表格.xlsx] 重大产业: 标题声明 414 项,解析 0 项
2026-08-31 09:51:29,522 - E:\STangWork\PythonProjects\skp_parser\main.py - WARNING - 分类校验[文章发布表格.xlsx] 重大产业-战略性新兴产业: 标题声明 255 项,解析 0 项
2026-08-31 09:51:29,523 - E:\STangWork\PythonProjects\skp_parser\main.py - WARNING - 分类校验[文章发布表格.xlsx] Ⅶ 绿色低碳: 标题声明 23 项,解析 64 项
2026-08-31 09:51:29,523 - E:\STangWork\PythonProjects\skp_parser\main.py - WARNING - 分类校验[文章发布表格.xlsx] Ⅶ 绿色低碳-先进制造业: 标题声明 74 项,解析 0 项
2026-08-31 09:51:29,523 - E:\STangWork\PythonProjects\skp_parser\main.py - WARNING - 分类校验[文章发布表格.xlsx] Ⅶ 工业技改: 标题声明 1 项,解析 45 项
2026-08-31 09:51:29,524 - E:\STangWork\PythonProjects\skp_parser\main.py - WARNING - 分类校验[文章发布表格.xlsx] Ⅶ 工业技改-现代服务业: 标题声明 33 项,解析 44 项
2026-08-31 09:51:29,524 - E:\STangWork\PythonProjects\skp_parser\main.py - WARNING - 分类校验[文章发布表格.xlsx] 民生环保-民生保障: 标题声明 12 项,解析 18 项
2026-08-31 09:51:29,524 - E:\STangWork\PythonProjects\skp_parser\main.py - WARNING - 分类校验[文章发布表格.xlsx] 基础设施: 标题声明 118 项,解析 11 项
2026-08-31 09:51:29,524 - E:\STangWork\PythonProjects\skp_parser\main.py - WARNING - 分类校验[文章发布表格.xlsx] 基础设施-交通: 标题声明 60 项,解析 0 项
2026-08-31 09:51:29,525 - E:\STangWork\PythonProjects\skp_parser\main.py - WARNING - 分类校验[文章发布表格.xlsx] VII 轨道交通-能源: 标题声明 33 项,解析 0 项
2026-08-31 09:51:29,525 - E:\STangWork\PythonProjects\skp_parser\main.py - WARNING - 分类校验[文章发布表格.xlsx] III 天然气输储设施: 标题声明 6 项,解析 20 项
2026-08-31 09:51:29,525 - E:\STangWork\PythonProjects\skp_parser\main.py - WARNING - 分类校验[文章发布表格.xlsx] 第二部分 储备项目: 标题声明 120 项,解析 0 项
2026-08-31 09:51:29,525 - E:\STangWork\PythonProjects\skp_parser\main.py - WARNING - 分类校验[文章发布表格.xlsx] 产业类: 标题声明 75 项,解析 0 项
2026-08-31 09:51:29,526 - E:\STangWork\PythonProjects\skp_parser\main.py - WARNING - 分类校验[文章发布表格.xlsx] 基础设施类: 标题声明 820 项,解析 782 项
2026-08-31 09:51:29,526 - E:\STangWork\PythonProjects\skp_parser\main.py - WARNING - 分类校验[文章发布表格.xlsx] 战略性新兴产业: 标题声明 146 项,解析 0 项
2026-08-31 09:51:29,527 - E:\STangWork\PythonProjects\skp_parser\main.py - WARNING - 分类校验[文章发布表格.xlsx] 传统产业转型升级: 标题声明 34 项,解析 51 项
2026-08-31 09:51:29,527 - E:\STangWork\PythonProjects\skp_parser\main.py - WARNING - 分类校验[文章发布表格.xlsx] 建成投产项目: 标题声明 129 项,解析 4 项
2026-08-31 09:51:29,527 - E:\STangWork\PythonProjects\skp_parser\main.py - WARNING - 分类校验[文章发布表格.xlsx] 建成投产项目-基础设施项目: 标题声明 24 项,解析 4 项
2026-08-31 09:51:29,527 - E:\STangWork\PythonProjects\skp_parser\main.py - WARNING - 分类校验[文章发布表格.xlsx] 国省干线普通公路: 标题声明 29 项,解析 49 项
2026-08-31 09:51:29,528 - E:\STangWork\PythonProjects\skp_parser\main.py - WARNING - 分类校验[文章发布表格.xlsx] 港口航道提升工程: 标题声明 2 项,解析 3 项
2026-08-31 09:51:29,528 - E:\STangWork\PythonProjects\skp_parser\main.py - WARNING - 分类校验[文章发布表格.xlsx] 输变电工程: 标题声明 5 项,解析 96 项
2026-08-31 09:51:29,528 - E:\STangWork\PythonProjects\skp_parser\main.py - WARNING - 分类校验[文章发布表格.xlsx] 输变电工程-产业发展项目: 标题声明 83 项,解析 79 项
2026-08-31 09:51:29,528 - E:\STangWork\PythonProjects\skp_parser\main.py - WARNING - 分类校验[文章发布表格.xlsx] 中央储备粮仓储项目: 标题声明 32 项,解析 64 项
2026-08-31 09:51:29,528 - E:\STangWork\PythonProjects\skp_parser\main.py - WARNING - 分类校验[文章发布表格.xlsx] 中央储备粮仓储项目-社会民生项目: 标题声明 21 项,解析 16 项
2026-08-31 09:51:29,529 - E:\STangWork\PythonProjects\skp_parser\main.py - WARNING - 分类校验[文章发布表格.xlsx] 续建项目: 标题声明 170 项,解析 20 项
2026-08-31 09:51:29,529 - E:\STangWork\PythonProjects\skp_parser\main.py - WARNING - 分类校验[文章发布表格.xlsx] 续建项目-基础设施项目: 标题声明 64 项,解析 20 项
2026-08-31 09:51:29,529 - E:\STangWork\PythonProjects\skp_parser\main.py - WARNING - 分类校验[文章发布表格.xlsx] 风电项目: 标题声明 11 项,解析 129 项
2026-08-31 09:51:29,529 - E:\STangWork\PythonProjects\skp_parser\main.py - WARNING - 分类校验[文章发布表格.xlsx] 风电项目-产业发展项目: 标题声明 91 项,解析 87 项
2026-08-31 09:51:29,529 - E:\STangWork\PythonProjects\skp_parser\main.py - WARNING - 分类校验[文章发布表格.xlsx] 江西省人民医院改造提升项目: 标题声明 2 项,解析 12 项
2026-08-31 09:51:29,529 - E:\STangWork\PythonProjects\skp_parser\main.py - WARNING - 分类校验[文章发布表格.xlsx] 计划新开工项目: 标题声明 177 项,解析 13 项
2026-08-31 09:51:29,530 - E:\STangWork\PythonProjects\skp_parser\main.py - WARNING - 分类校验[文章发布表格.xlsx] 计划新开工项目-基础设施项目: 标题声明 38 项,解析 13 项
2026-08-31 09:51:29,530 - E:\STangWork\PythonProjects\skp_parser\main.py - WARNING - 分类校验[文章发布表格.xlsx] 500千伏输电工程: 标题声明 5 项,解析 9 项
2026-08-31 09:51:29,530 - E:\STangWork\PythonProjects\skp_parser\main.py - WARNING - 分类校验[文章发布表格.xlsx] 昌九客专输变电工程: 标题声明 2 项,解析 117 项
2026-08-31 09:51:29,530 - E:\STangWork\PythonProjects\skp_parser\main.py - WARNING - 分类校验[文章发布表格.xlsx] 昌九客专输变电工程-产业发展项目: 标题声明 106 项,解析 98 项
2026-08-31 09:51:29,530 - E:\STangWork\PythonProjects\skp_parser\main.py - WARNING - 分类校验[文章发布表格.xlsx] 国家粮食和物资储备局江西局建库项目: 标题声明 5 项,解析 12 项
2026-08-31 09:51:29,530 - E:\STangWork\PythonProjects\skp_parser\main.py - WARNING - 分类校验[文章发布表格.xlsx] 国家粮食和物资储备局江西局建库项目-社会民生项目: 标题声明 11 项,解析 1 项
2026-08-31 09:51:29,530 - E:\STangWork\PythonProjects\skp_parser\main.py - WARNING - 分类校验[文章发布表格.xlsx] 江西飞行学院吉安主校区建设项目: 标题声明 3 项,解析 8 项
2026-08-31 09:51:29,531 - E:\STangWork\PythonProjects\skp_parser\main.py - WARNING - 分类校验[文章发布表格.xlsx] 江西省豫章监狱迁建及配套工程: 标题声明 2 项,解析 26 项
2026-08-31 09:51:29,531 - E:\STangWork\PythonProjects\skp_parser\main.py - WARNING - 分类校验[文章发布表格.xlsx] 预备项目: 标题声明 10 项,解析 2 项
2026-08-31 09:51:29,531 - E:\STangWork\PythonProjects\skp_parser\main.py - WARNING - 分类校验[文章发布表格.xlsx] 产业发展类-农业: 标题声明 86 项,解析 240 项
2026-08-31 09:51:29,531 - E:\STangWork\PythonProjects\skp_parser\main.py - WARNING - 分类校验[文章发布表格.xlsx] 基础设施类-社会事业: 标题声明 57 项,解析 105 项
2026-08-31 09:52:47,920 - E:\STangWork\PythonProjects\skp_parser\util\db_util.py - INFO - 数据库连接池已关闭
2026-08-31 09:55:15,513 - E:\STangWork\PythonProjects\skp_parser\util\db_util.py - INFO - 数据库连接池已创建: 127.0.0.1:3306/suidaobig
2026-08-31 09:55:48,254 - E:\STangWork\PythonProjects\skp_parser\util\db_util.py - INFO - 数据库连接池已关闭
2026-08-31 09:55:58,221 - E:\STangWork\PythonProjects\skp_parser\util\db_util.py - INFO - 数据库连接池已创建: 127.0.0.1:3306/suidaobig
2026-08-31 09:56:00,988 - E:\STangWork\PythonProjects\skp_parser\util\db_util.py - INFO - 数据库连接池已关闭
2026-08-31 09:56:49,793 - E:\STangWork\PythonProjects\skp_parser\util\db_util.py - INFO - 数据库连接池已创建: 127.0.0.1:3306/suidaobig
2026-08-31 09:57:20,465 - E:\STangWork\PythonProjects\skp_parser\util\db_util.py - INFO - 数据库连接池已关闭
2026-08-31 09:57:29,857 - E:\STangWork\PythonProjects\skp_parser\util\db_util.py - INFO - 数据库连接池已创建: 127.0.0.1:3306/suidaobig
2026-08-31 09:57:32,542 - E:\STangWork\PythonProjects\skp_parser\util\db_util.py - INFO - 数据库连接池已关闭
2026-08-31 09:57:46,121 - E:\STangWork\PythonProjects\skp_parser\util\db_util.py - INFO - 数据库连接池已创建: 127.0.0.1:3306/suidaobig
2026-08-31 09:58:35,702 - E:\STangWork\PythonProjects\skp_parser\util\db_util.py - INFO - 数据库连接池已关闭
2026-08-31 09:58:48,481 - E:\STangWork\PythonProjects\skp_parser\util\db_util.py - INFO - 数据库连接池已创建: 127.0.0.1:3306/suidaobig
2026-08-31 09:58:51,225 - E:\STangWork\PythonProjects\skp_parser\util\db_util.py - INFO - 数据库连接池已关闭
2026-08-31 09:59:02,611 - E:\STangWork\PythonProjects\skp_parser\util\db_util.py - INFO - 数据库连接池已创建: 127.0.0.1:3306/suidaobig
2026-08-31 09:59:36,209 - E:\STangWork\PythonProjects\skp_parser\util\db_util.py - INFO - 数据库连接池已关闭
2026-08-31 09:59:52,737 - E:\STangWork\PythonProjects\skp_parser\util\db_util.py - INFO - 数据库连接池已创建: 127.0.0.1:3306/suidaobig
2026-08-31 10:05:29,647 - E:\STangWork\PythonProjects\skp_parser\util\db_util.py - INFO - 数据库连接池已关闭
2026-08-31 10:48:11,502 - E:\STangWork\PythonProjects\skp_parser\util\db_util.py - INFO - 数据库连接池已创建: 127.0.0.1:3306/suidaobig
2026-08-31 10:48:13,005 - E:\STangWork\PythonProjects\skp_parser\parser\xls_parser.py - WARNING - E:\STangWork\STangFiles\各省重点项目：2020年起\2021年重点项目\05广西自治区2021年重点项目清单\1：2021年广西第一批（调整后）\附件1 2021年第一批自治区层面统筹推进重大项目（新开工）进度目标责任表（调整后）.xls[Sheet2]: 前 20 行未找到表头,跳过
2026-08-31 10:48:13,005 - E:\STangWork\PythonProjects\skp_parser\parser\xls_parser.py - WARNING - E:\STangWork\STangFiles\各省重点项目：2020年起\2021年重点项目\05广西自治区2021年重点项目清单\1：2021年广西第一批（调整后）\附件1 2021年第一批自治区层面统筹推进重大项目（新开工）进度目标责任表（调整后）.xls[Sheet3]: 前 20 行未找到表头,跳过
2026-08-31 10:48:17,583 - E:\STangWork\PythonProjects\skp_parser\parser\xls_parser.py - WARNING - E:\STangWork\STangFiles\各省重点项目：2020年起\2021年重点项目\05广西自治区2021年重点项目清单\1：2021年广西第一批（调整后）\附件3 2021年第一批自治区层面统筹推进重大项目（竣工投产）进度目标责任表（调整后）.xls[Sheet3]: 前 20 行未找到表头,跳过
2026-08-31 10:48:18,091 - E:\STangWork\PythonProjects\skp_parser\parser\xls_parser.py - WARNING - E:\STangWork\STangFiles\各省重点项目：2020年起\2021年重点项目\05广西自治区2021年重点项目清单\1：2021年广西第一批（调整后）\附件4 2021年第一批自治区层面统筹推进重大项目（预备）进度目标责任表（调整后）.xls[Sheet2]: 前 20 行未找到表头,跳过
2026-08-31 10:48:18,091 - E:\STangWork\PythonProjects\skp_parser\parser\xls_parser.py - WARNING - E:\STangWork\STangFiles\各省重点项目：2020年起\2021年重点项目\05广西自治区2021年重点项目清单\1：2021年广西第一批（调整后）\附件4 2021年第一批自治区层面统筹推进重大项目（预备）进度目标责任表（调整后）.xls[Sheet3]: 前 20 行未找到表头,跳过
2026-08-31 10:48:19,178 - E:\STangWork\PythonProjects\skp_parser\parser\pdf_parser.py - WARNING - E:\STangWork\STangFiles\各省重点项目：2020年起\2021年重点项目\05广西自治区2021年重点项目清单\1：2021年广西第一批（跳过解析）\广西壮族自治区重大项目建设推进领导小组办公室关于印发2021年第一批自治区层面统筹推进重大项目方案的通知.pdf: 列式提取仅 1 条,改用文本兜底
2026-08-31 10:49:07,131 - E:\STangWork\PythonProjects\skp_parser\parser\xls_parser.py - WARNING - E:\STangWork\STangFiles\各省重点项目：2020年起\2021年重点项目\05广西自治区2021年重点项目清单\2021年广西重点项目.xls[Sheet2]: 前 20 行未找到表头,跳过
2026-08-31 10:49:07,131 - E:\STangWork\PythonProjects\skp_parser\parser\xls_parser.py - WARNING - E:\STangWork\STangFiles\各省重点项目：2020年起\2021年重点项目\05广西自治区2021年重点项目清单\2021年广西重点项目.xls[Sheet3]: 前 20 行未找到表头,跳过
2026-08-31 10:49:07,298 - E:\STangWork\PythonProjects\skp_parser\parser\xls_parser.py - WARNING - E:\STangWork\STangFiles\各省重点项目：2020年起\2021年重点项目\05广西自治区2021年重点项目清单\2：2021年广西第二批\附件1 2021年第二批自治区层面统筹推进重大项目（新开工）进度目标责任表.xls[Sheet2]: 前 20 行未找到表头,跳过
2026-08-31 10:49:07,298 - E:\STangWork\PythonProjects\skp_parser\parser\xls_parser.py - WARNING - E:\STangWork\STangFiles\各省重点项目：2020年起\2021年重点项目\05广西自治区2021年重点项目清单\2：2021年广西第二批\附件1 2021年第二批自治区层面统筹推进重大项目（新开工）进度目标责任表.xls[Sheet3]: 前 20 行未找到表头,跳过
2026-08-31 10:49:09,803 - E:\STangWork\PythonProjects\skp_parser\parser\xls_parser.py - WARNING - E:\STangWork\STangFiles\各省重点项目：2020年起\2021年重点项目\05广西自治区2021年重点项目清单\2：2021年广西第二批\附件3 2021年第二批自治区层面统筹推进重大项目（竣工投产）进度目标责任表.xls[Sheet3]: 前 20 行未找到表头,跳过
2026-08-31 10:49:10,203 - E:\STangWork\PythonProjects\skp_parser\parser\xls_parser.py - WARNING - E:\STangWork\STangFiles\各省重点项目：2020年起\2021年重点项目\05广西自治区2021年重点项目清单\2：2021年广西第二批\附件4 2021年第二批自治区层面统筹推进重大项目（预备）进度目标责任表.xls[Sheet2]: 前 20 行未找到表头,跳过
2026-08-31 10:49:10,203 - E:\STangWork\PythonProjects\skp_parser\parser\xls_parser.py - WARNING - E:\STangWork\STangFiles\各省重点项目：2020年起\2021年重点项目\05广西自治区2021年重点项目清单\2：2021年广西第二批\附件4 2021年第二批自治区层面统筹推进重大项目（预备）进度目标责任表.xls[Sheet3]: 前 20 行未找到表头,跳过
2026-08-31 10:49:10,784 - E:\STangWork\PythonProjects\skp_parser\parser\xls_parser.py - WARNING - E:\STangWork\STangFiles\各省重点项目：2020年起\2021年重点项目\05广西自治区2021年重点项目清单\3：2021年广西第三批\附件1 2021年第三批自治区层面统筹推进重大项目（新开工）进度目标责任表.xls[Sheet2]: 前 20 行未找到表头,跳过
2026-08-31 10:49:10,784 - E:\STangWork\PythonProjects\skp_parser\parser\xls_parser.py - WARNING - E:\STangWork\STangFiles\各省重点项目：2020年起\2021年重点项目\05广西自治区2021年重点项目清单\3：2021年广西第三批\附件1 2021年第三批自治区层面统筹推进重大项目（新开工）进度目标责任表.xls[Sheet3]: 前 20 行未找到表头,跳过
2026-08-31 10:49:12,317 - E:\STangWork\PythonProjects\skp_parser\parser\xls_parser.py - WARNING - E:\STangWork\STangFiles\各省重点项目：2020年起\2021年重点项目\05广西自治区2021年重点项目清单\3：2021年广西第三批\附件3 2021年第三批自治区层面统筹推进重大项目（预备）进度目标责任表.xls[Sheet2]: 前 20 行未找到表头,跳过
2026-08-31 10:49:12,317 - E:\STangWork\PythonProjects\skp_parser\parser\xls_parser.py - WARNING - E:\STangWork\STangFiles\各省重点项目：2020年起\2021年重点项目\05广西自治区2021年重点项目清单\3：2021年广西第三批\附件3 2021年第三批自治区层面统筹推进重大项目（预备）进度目标责任表.xls[Sheet3]: 前 20 行未找到表头,跳过
2026-08-31 10:49:12,856 - E:\STangWork\PythonProjects\skp_parser\parser\xls_parser.py - WARNING - E:\STangWork\STangFiles\各省重点项目：2020年起\2021年重点项目\05广西自治区2021年重点项目清单\4：2021年广西第四批\1.2021年第四批自治区层面统筹推进重大项目（新开工）进度目标责任表.xls[Sheet2]: 前 20 行未找到表头,跳过
2026-08-31 10:49:12,857 - E:\STangWork\PythonProjects\skp_parser\parser\xls_parser.py - WARNING - E:\STangWork\STangFiles\各省重点项目：2020年起\2021年重点项目\05广西自治区2021年重点项目清单\4：2021年广西第四批\1.2021年第四批自治区层面统筹推进重大项目（新开工）进度目标责任表.xls[Sheet3]: 前 20 行未找到表头,跳过
2026-08-31 10:49:13,458 - E:\STangWork\PythonProjects\skp_parser\parser\xls_parser.py - WARNING - E:\STangWork\STangFiles\各省重点项目：2020年起\2021年重点项目\05广西自治区2021年重点项目清单\4：2021年广西第四批\3.2021年第四批自治区层面统筹推进重大项目（竣工投产）进度目标责任表.xls[Sheet3]: 前 20 行未找到表头,跳过
2026-08-31 10:49:13,812 - E:\STangWork\PythonProjects\skp_parser\parser\xls_parser.py - WARNING - E:\STangWork\STangFiles\各省重点项目：2020年起\2021年重点项目\05广西自治区2021年重点项目清单\4：2021年广西第四批\4.2021年第四批自治区层面统筹推进重大项目（预备）进度目标责任表.xls[Sheet2]: 前 20 行未找到表头,跳过
2026-08-31 10:49:13,812 - E:\STangWork\PythonProjects\skp_parser\parser\xls_parser.py - WARNING - E:\STangWork\STangFiles\各省重点项目：2020年起\2021年重点项目\05广西自治区2021年重点项目清单\4：2021年广西第四批\4.2021年第四批自治区层面统筹推进重大项目（预备）进度目标责任表.xls[Sheet3]: 前 20 行未找到表头,跳过
2026-08-31 10:49:56,451 - E:\STangWork\PythonProjects\skp_parser\util\db_util.py - INFO - 数据库连接池已关闭
2026-08-31 10:52:27,445 - E:\STangWork\PythonProjects\skp_parser\util\db_util.py - INFO - 数据库连接池已创建: 127.0.0.1:3306/suidaobig
2026-08-31 10:52:54,074 - E:\STangWork\PythonProjects\skp_parser\util\db_util.py - INFO - 数据库连接池已关闭
2026-08-31 10:53:05,823 - E:\STangWork\PythonProjects\skp_parser\util\db_util.py - INFO - 数据库连接池已创建: 127.0.0.1:3306/suidaobig
2026-08-31 10:53:06,007 - E:\STangWork\PythonProjects\skp_parser\util\db_util.py - INFO - 数据库连接池已关闭
2026-08-31 10:53:15,723 - E:\STangWork\PythonProjects\skp_parser\util\db_util.py - INFO - 数据库连接池已创建: 127.0.0.1:3306/suidaobig
2026-08-31 10:53:15,724 - E:\STangWork\PythonProjects\skp_parser\util\db_util.py - INFO - 数据库连接池已关闭
2026-08-31 10:53:35,823 - E:\STangWork\PythonProjects\skp_parser\util\db_util.py - INFO - 数据库连接池已创建: 127.0.0.1:3306/suidaobig
2026-08-31 10:53:35,834 - E:\STangWork\PythonProjects\skp_parser\util\db_util.py - INFO - 数据库连接池已关闭
2026-08-31 10:54:07,575 - E:\STangWork\PythonProjects\skp_parser\util\db_util.py - INFO - 数据库连接池已创建: 127.0.0.1:3306/suidaobig
2026-08-31 10:54:09,764 - E:\STangWork\PythonProjects\skp_parser\parser\xls_parser.py - WARNING - E:\STangWork\STangFiles\各省重点项目：2020年起\2021年重点项目\05广西自治区2021年重点项目清单\1：2021年广西第一批（调整后）\附件1 2021年第一批自治区层面统筹推进重大项目（新开工）进度目标责任表（调整后）.xls[Sheet2]: 前 20 行未找到表头,跳过
2026-08-31 10:54:09,764 - E:\STangWork\PythonProjects\skp_parser\parser\xls_parser.py - WARNING - E:\STangWork\STangFiles\各省重点项目：2020年起\2021年重点项目\05广西自治区2021年重点项目清单\1：2021年广西第一批（调整后）\附件1 2021年第一批自治区层面统筹推进重大项目（新开工）进度目标责任表（调整后）.xls[Sheet3]: 前 20 行未找到表头,跳过
2026-08-31 10:54:13,757 - E:\STangWork\PythonProjects\skp_parser\parser\xls_parser.py - WARNING - E:\STangWork\STangFiles\各省重点项目：2020年起\2021年重点项目\05广西自治区2021年重点项目清单\1：2021年广西第一批（调整后）\附件3 2021年第一批自治区层面统筹推进重大项目（竣工投产）进度目标责任表（调整后）.xls[Sheet3]: 前 20 行未找到表头,跳过
2026-08-31 10:54:14,022 - E:\STangWork\PythonProjects\skp_parser\parser\xls_parser.py - WARNING - E:\STangWork\STangFiles\各省重点项目：2020年起\2021年重点项目\05广西自治区2021年重点项目清单\1：2021年广西第一批（调整后）\附件4 2021年第一批自治区层面统筹推进重大项目（预备）进度目标责任表（调整后）.xls[Sheet2]: 前 20 行未找到表头,跳过
2026-08-31 10:54:14,023 - E:\STangWork\PythonProjects\skp_parser\parser\xls_parser.py - WARNING - E:\STangWork\STangFiles\各省重点项目：2020年起\2021年重点项目\05广西自治区2021年重点项目清单\1：2021年广西第一批（调整后）\附件4 2021年第一批自治区层面统筹推进重大项目（预备）进度目标责任表（调整后）.xls[Sheet3]: 前 20 行未找到表头,跳过
2026-08-31 10:54:15,407 - E:\STangWork\PythonProjects\skp_parser\parser\pdf_parser.py - WARNING - E:\STangWork\STangFiles\各省重点项目：2020年起\2021年重点项目\05广西自治区2021年重点项目清单\1：2021年广西第一批（跳过解析）\广西壮族自治区重大项目建设推进领导小组办公室关于印发2021年第一批自治区层面统筹推进重大项目方案的通知.pdf: 列式提取仅 1 条,改用文本兜底
2026-08-31 10:55:02,134 - E:\STangWork\PythonProjects\skp_parser\parser\xls_parser.py - WARNING - E:\STangWork\STangFiles\各省重点项目：2020年起\2021年重点项目\05广西自治区2021年重点项目清单\2021年广西重点项目.xls[Sheet2]: 前 20 行未找到表头,跳过
2026-08-31 10:55:02,134 - E:\STangWork\PythonProjects\skp_parser\parser\xls_parser.py - WARNING - E:\STangWork\STangFiles\各省重点项目：2020年起\2021年重点项目\05广西自治区2021年重点项目清单\2021年广西重点项目.xls[Sheet3]: 前 20 行未找到表头,跳过
2026-08-31 10:55:02,416 - E:\STangWork\PythonProjects\skp_parser\parser\xls_parser.py - WARNING - E:\STangWork\STangFiles\各省重点项目：2020年起\2021年重点项目\05广西自治区2021年重点项目清单\2：2021年广西第二批\附件1 2021年第二批自治区层面统筹推进重大项目（新开工）进度目标责任表.xls[Sheet2]: 前 20 行未找到表头,跳过
2026-08-31 10:55:02,416 - E:\STangWork\PythonProjects\skp_parser\parser\xls_parser.py - WARNING - E:\STangWork\STangFiles\各省重点项目：2020年起\2021年重点项目\05广西自治区2021年重点项目清单\2：2021年广西第二批\附件1 2021年第二批自治区层面统筹推进重大项目（新开工）进度目标责任表.xls[Sheet3]: 前 20 行未找到表头,跳过
2026-08-31 10:55:04,688 - E:\STangWork\PythonProjects\skp_parser\parser\xls_parser.py - WARNING - E:\STangWork\STangFiles\各省重点项目：2020年起\2021年重点项目\05广西自治区2021年重点项目清单\2：2021年广西第二批\附件3 2021年第二批自治区层面统筹推进重大项目（竣工投产）进度目标责任表.xls[Sheet3]: 前 20 行未找到表头,跳过
2026-08-31 10:55:05,288 - E:\STangWork\PythonProjects\skp_parser\parser\xls_parser.py - WARNING - E:\STangWork\STangFiles\各省重点项目：2020年起\2021年重点项目\05广西自治区2021年重点项目清单\2：2021年广西第二批\附件4 2021年第二批自治区层面统筹推进重大项目（预备）进度目标责任表.xls[Sheet2]: 前 20 行未找到表头,跳过
2026-08-31 10:55:05,288 - E:\STangWork\PythonProjects\skp_parser\parser\xls_parser.py - WARNING - E:\STangWork\STangFiles\各省重点项目：2020年起\2021年重点项目\05广西自治区2021年重点项目清单\2：2021年广西第二批\附件4 2021年第二批自治区层面统筹推进重大项目（预备）进度目标责任表.xls[Sheet3]: 前 20 行未找到表头,跳过
2026-08-31 10:55:08,050 - E:\STangWork\PythonProjects\skp_parser\parser\xls_parser.py - WARNING - E:\STangWork\STangFiles\各省重点项目：2020年起\2021年重点项目\05广西自治区2021年重点项目清单\3：2021年广西第三批\附件1 2021年第三批自治区层面统筹推进重大项目（新开工）进度目标责任表.xls[Sheet2]: 前 20 行未找到表头,跳过
2026-08-31 10:55:08,050 - E:\STangWork\PythonProjects\skp_parser\parser\xls_parser.py - WARNING - E:\STangWork\STangFiles\各省重点项目：2020年起\2021年重点项目\05广西自治区2021年重点项目清单\3：2021年广西第三批\附件1 2021年第三批自治区层面统筹推进重大项目（新开工）进度目标责任表.xls[Sheet3]: 前 20 行未找到表头,跳过
2026-08-31 10:55:12,823 - E:\STangWork\PythonProjects\skp_parser\parser\xls_parser.py - WARNING - E:\STangWork\STangFiles\各省重点项目：2020年起\2021年重点项目\05广西自治区2021年重点项目清单\3：2021年广西第三批\附件3 2021年第三批自治区层面统筹推进重大项目（预备）进度目标责任表.xls[Sheet2]: 前 20 行未找到表头,跳过
2026-08-31 10:55:12,825 - E:\STangWork\PythonProjects\skp_parser\parser\xls_parser.py - WARNING - E:\STangWork\STangFiles\各省重点项目：2020年起\2021年重点项目\05广西自治区2021年重点项目清单\3：2021年广西第三批\附件3 2021年第三批自治区层面统筹推进重大项目（预备）进度目标责任表.xls[Sheet3]: 前 20 行未找到表头,跳过
2026-08-31 10:55:13,843 - E:\STangWork\PythonProjects\skp_parser\parser\xls_parser.py - WARNING - E:\STangWork\STangFiles\各省重点项目：2020年起\2021年重点项目\05广西自治区2021年重点项目清单\4：2021年广西第四批\1.2021年第四批自治区层面统筹推进重大项目（新开工）进度目标责任表.xls[Sheet2]: 前 20 行未找到表头,跳过
2026-08-31 10:55:13,843 - E:\STangWork\PythonProjects\skp_parser\parser\xls_parser.py - WARNING - E:\STangWork\STangFiles\各省重点项目：2020年起\2021年重点项目\05广西自治区2021年重点项目清单\4：2021年广西第四批\1.2021年第四批自治区层面统筹推进重大项目（新开工）进度目标责任表.xls[Sheet3]: 前 20 行未找到表头,跳过
2026-08-31 10:55:14,640 - E:\STangWork\PythonProjects\skp_parser\parser\xls_parser.py - WARNING - E:\STangWork\STangFiles\各省重点项目：2020年起\2021年重点项目\05广西自治区2021年重点项目清单\4：2021年广西第四批\3.2021年第四批自治区层面统筹推进重大项目（竣工投产）进度目标责任表.xls[Sheet3]: 前 20 行未找到表头,跳过
2026-08-31 10:55:15,446 - E:\STangWork\PythonProjects\skp_parser\parser\xls_parser.py - WARNING - E:\STangWork\STangFiles\各省重点项目：2020年起\2021年重点项目\05广西自治区2021年重点项目清单\4：2021年广西第四批\4.2021年第四批自治区层面统筹推进重大项目（预备）进度目标责任表.xls[Sheet2]: 前 20 行未找到表头,跳过
2026-08-31 10:55:15,446 - E:\STangWork\PythonProjects\skp_parser\parser\xls_parser.py - WARNING - E:\STangWork\STangFiles\各省重点项目：2020年起\2021年重点项目\05广西自治区2021年重点项目清单\4：2021年广西第四批\4.2021年第四批自治区层面统筹推进重大项目（预备）进度目标责任表.xls[Sheet3]: 前 20 行未找到表头,跳过
2026-08-31 10:56:02,209 - E:\STangWork\PythonProjects\skp_parser\util\db_util.py - INFO - 数据库连接池已关闭
2026-08-31 10:57:22,495 - E:\STangWork\PythonProjects\skp_parser\util\db_util.py - INFO - 数据库连接池已创建: 127.0.0.1:3306/suidaobig
2026-08-31 10:57:22,684 - E:\STangWork\PythonProjects\skp_parser\util\db_util.py - INFO - 数据库连接池已关闭
2026-08-31 10:57:33,953 - E:\STangWork\PythonProjects\skp_parser\util\db_util.py - INFO - 数据库连接池已创建: 127.0.0.1:3306/suidaobig
2026-08-31 10:57:33,955 - E:\STangWork\PythonProjects\skp_parser\util\db_util.py - INFO - 数据库连接池已关闭
2026-08-31 11:11:31,549 - E:\STangWork\PythonProjects\skp_parser\util\db_util.py - INFO - 数据库连接池已创建: 127.0.0.1:3306/suidaobig
2026-08-31 11:11:34,134 - E:\STangWork\PythonProjects\skp_parser\parser\xls_parser.py - WARNING - E:\STangWork\STangFiles\各省重点项目：2020年起\2021年重点项目\05广西自治区2021年重点项目清单\1：2021年广西第一批（调整后）\附件1 2021年第一批自治区层面统筹推进重大项目（新开工）进度目标责任表（调整后）.xls[Sheet2]: 前 20 行未找到表头,跳过
2026-08-31 11:11:34,134 - E:\STangWork\PythonProjects\skp_parser\parser\xls_parser.py - WARNING - E:\STangWork\STangFiles\各省重点项目：2020年起\2021年重点项目\05广西自治区2021年重点项目清单\1：2021年广西第一批（调整后）\附件1 2021年第一批自治区层面统筹推进重大项目（新开工）进度目标责任表（调整后）.xls[Sheet3]: 前 20 行未找到表头,跳过
2026-08-31 11:11:40,375 - E:\STangWork\PythonProjects\skp_parser\parser\xls_parser.py - WARNING - E:\STangWork\STangFiles\各省重点项目：2020年起\2021年重点项目\05广西自治区2021年重点项目清单\1：2021年广西第一批（调整后）\附件3 2021年第一批自治区层面统筹推进重大项目（竣工投产）进度目标责任表（调整后）.xls[Sheet3]: 前 20 行未找到表头,跳过
2026-08-31 11:11:40,742 - E:\STangWork\PythonProjects\skp_parser\parser\xls_parser.py - WARNING - E:\STangWork\STangFiles\各省重点项目：2020年起\2021年重点项目\05广西自治区2021年重点项目清单\1：2021年广西第一批（调整后）\附件4 2021年第一批自治区层面统筹推进重大项目（预备）进度目标责任表（调整后）.xls[Sheet2]: 前 20 行未找到表头,跳过
2026-08-31 11:11:40,742 - E:\STangWork\PythonProjects\skp_parser\parser\xls_parser.py - WARNING - E:\STangWork\STangFiles\各省重点项目：2020年起\2021年重点项目\05广西自治区2021年重点项目清单\1：2021年广西第一批（调整后）\附件4 2021年第一批自治区层面统筹推进重大项目（预备）进度目标责任表（调整后）.xls[Sheet3]: 前 20 行未找到表头,跳过
2026-08-31 11:11:42,438 - E:\STangWork\PythonProjects\skp_parser\parser\pdf_parser.py - WARNING - E:\STangWork\STangFiles\各省重点项目：2020年起\2021年重点项目\05广西自治区2021年重点项目清单\1：2021年广西第一批（跳过解析）\广西壮族自治区重大项目建设推进领导小组办公室关于印发2021年第一批自治区层面统筹推进重大项目方案的通知.pdf: 列式提取仅 1 条,改用文本兜底
2026-08-31 11:12:29,623 - E:\STangWork\PythonProjects\skp_parser\parser\xls_parser.py - WARNING - E:\STangWork\STangFiles\各省重点项目：2020年起\2021年重点项目\05广西自治区2021年重点项目清单\2021年广西重点项目.xls[Sheet2]: 前 20 行未找到表头,跳过
2026-08-31 11:12:29,624 - E:\STangWork\PythonProjects\skp_parser\parser\xls_parser.py - WARNING - E:\STangWork\STangFiles\各省重点项目：2020年起\2021年重点项目\05广西自治区2021年重点项目清单\2021年广西重点项目.xls[Sheet3]: 前 20 行未找到表头,跳过
2026-08-31 11:12:29,709 - E:\STangWork\PythonProjects\skp_parser\parser\xls_parser.py - WARNING - E:\STangWork\STangFiles\各省重点项目：2020年起\2021年重点项目\05广西自治区2021年重点项目清单\2：2021年广西第二批\附件1 2021年第二批自治区层面统筹推进重大项目（新开工）进度目标责任表.xls[Sheet2]: 前 20 行未找到表头,跳过
2026-08-31 11:12:29,709 - E:\STangWork\PythonProjects\skp_parser\parser\xls_parser.py - WARNING - E:\STangWork\STangFiles\各省重点项目：2020年起\2021年重点项目\05广西自治区2021年重点项目清单\2：2021年广西第二批\附件1 2021年第二批自治区层面统筹推进重大项目（新开工）进度目标责任表.xls[Sheet3]: 前 20 行未找到表头,跳过
2026-08-31 11:12:31,019 - E:\STangWork\PythonProjects\skp_parser\parser\xls_parser.py - WARNING - E:\STangWork\STangFiles\各省重点项目：2020年起\2021年重点项目\05广西自治区2021年重点项目清单\2：2021年广西第二批\附件3 2021年第二批自治区层面统筹推进重大项目（竣工投产）进度目标责任表.xls[Sheet3]: 前 20 行未找到表头,跳过
2026-08-31 11:12:31,249 - E:\STangWork\PythonProjects\skp_parser\parser\xls_parser.py - WARNING - E:\STangWork\STangFiles\各省重点项目：2020年起\2021年重点项目\05广西自治区2021年重点项目清单\2：2021年广西第二批\附件4 2021年第二批自治区层面统筹推进重大项目（预备）进度目标责任表.xls[Sheet2]: 前 20 行未找到表头,跳过
2026-08-31 11:12:31,249 - E:\STangWork\PythonProjects\skp_parser\parser\xls_parser.py - WARNING - E:\STangWork\STangFiles\各省重点项目：2020年起\2021年重点项目\05广西自治区2021年重点项目清单\2：2021年广西第二批\附件4 2021年第二批自治区层面统筹推进重大项目（预备）进度目标责任表.xls[Sheet3]: 前 20 行未找到表头,跳过
2026-08-31 11:12:31,894 - E:\STangWork\PythonProjects\skp_parser\parser\xls_parser.py - WARNING - E:\STangWork\STangFiles\各省重点项目：2020年起\2021年重点项目\05广西自治区2021年重点项目清单\3：2021年广西第三批\附件1 2021年第三批自治区层面统筹推进重大项目（新开工）进度目标责任表.xls[Sheet2]: 前 20 行未找到表头,跳过
2026-08-31 11:12:31,894 - E:\STangWork\PythonProjects\skp_parser\parser\xls_parser.py - WARNING - E:\STangWork\STangFiles\各省重点项目：2020年起\2021年重点项目\05广西自治区2021年重点项目清单\3：2021年广西第三批\附件1 2021年第三批自治区层面统筹推进重大项目（新开工）进度目标责任表.xls[Sheet3]: 前 20 行未找到表头,跳过
2026-08-31 11:12:33,036 - E:\STangWork\PythonProjects\skp_parser\parser\xls_parser.py - WARNING - E:\STangWork\STangFiles\各省重点项目：2020年起\2021年重点项目\05广西自治区2021年重点项目清单\3：2021年广西第三批\附件3 2021年第三批自治区层面统筹推进重大项目（预备）进度目标责任表.xls[Sheet2]: 前 20 行未找到表头,跳过
2026-08-31 11:12:33,036 - E:\STangWork\PythonProjects\skp_parser\parser\xls_parser.py - WARNING - E:\STangWork\STangFiles\各省重点项目：2020年起\2021年重点项目\05广西自治区2021年重点项目清单\3：2021年广西第三批\附件3 2021年第三批自治区层面统筹推进重大项目（预备）进度目标责任表.xls[Sheet3]: 前 20 行未找到表头,跳过
2026-08-31 11:12:33,588 - E:\STangWork\PythonProjects\skp_parser\parser\xls_parser.py - WARNING - E:\STangWork\STangFiles\各省重点项目：2020年起\2021年重点项目\05广西自治区2021年重点项目清单\4：2021年广西第四批\1.2021年第四批自治区层面统筹推进重大项目（新开工）进度目标责任表.xls[Sheet2]: 前 20 行未找到表头,跳过
2026-08-31 11:12:33,588 - E:\STangWork\PythonProjects\skp_parser\parser\xls_parser.py - WARNING - E:\STangWork\STangFiles\各省重点项目：2020年起\2021年重点项目\05广西自治区2021年重点项目清单\4：2021年广西第四批\1.2021年第四批自治区层面统筹推进重大项目（新开工）进度目标责任表.xls[Sheet3]: 前 20 行未找到表头,跳过
2026-08-31 11:12:34,068 - E:\STangWork\PythonProjects\skp_parser\parser\xls_parser.py - WARNING - E:\STangWork\STangFiles\各省重点项目：2020年起\2021年重点项目\05广西自治区2021年重点项目清单\4：2021年广西第四批\3.2021年第四批自治区层面统筹推进重大项目（竣工投产）进度目标责任表.xls[Sheet3]: 前 20 行未找到表头,跳过
2026-08-31 11:12:34,545 - E:\STangWork\PythonProjects\skp_parser\parser\xls_parser.py - WARNING - E:\STangWork\STangFiles\各省重点项目：2020年起\2021年重点项目\05广西自治区2021年重点项目清单\4：2021年广西第四批\4.2021年第四批自治区层面统筹推进重大项目（预备）进度目标责任表.xls[Sheet2]: 前 20 行未找到表头,跳过
2026-08-31 11:12:34,545 - E:\STangWork\PythonProjects\skp_parser\parser\xls_parser.py - WARNING - E:\STangWork\STangFiles\各省重点项目：2020年起\2021年重点项目\05广西自治区2021年重点项目清单\4：2021年广西第四批\4.2021年第四批自治区层面统筹推进重大项目（预备）进度目标责任表.xls[Sheet3]: 前 20 行未找到表头,跳过
2026-08-31 11:13:59,287 - E:\STangWork\PythonProjects\skp_parser\util\db_util.py - INFO - 数据库连接池已关闭
2026-08-31 11:15:29,144 - E:\STangWork\PythonProjects\skp_parser\util\db_util.py - INFO - 数据库连接池已创建: 127.0.0.1:3306/suidaobig
2026-08-31 11:15:31,453 - E:\STangWork\PythonProjects\skp_parser\util\db_util.py - INFO - 数据库连接池已关闭
2026-08-31 11:15:47,098 - E:\STangWork\PythonProjects\skp_parser\util\db_util.py - INFO - 数据库连接池已创建: 127.0.0.1:3306/suidaobig
2026-08-31 11:15:47,127 - E:\STangWork\PythonProjects\skp_parser\util\db_util.py - INFO - 数据库连接池已关闭
2026-08-31 11:28:35,182 - E:\STangWork\PythonProjects\skp_parser\parser\xls_parser.py - WARNING - E:\STangWork\STangFiles\各省重点项目：2020年起\2020年重点项目\2020年各省市重点项目清单汇总：51.63万亿\30云南省2020年重点项目清单\附件1_云南省2020年“四个一百”重点建设项目计划表.xls[企业信用评级]: 前 20 行未找到表头,跳过
2026-08-31 11:28:35,182 - E:\STangWork\PythonProjects\skp_parser\parser\xls_parser.py - WARNING - E:\STangWork\STangFiles\各省重点项目：2020年起\2020年重点项目\2020年各省市重点项目清单汇总：51.63万亿\30云南省2020年重点项目清单\附件1_云南省2020年“四个一百”重点建设项目计划表.xls[融资模式]: 前 20 行未找到表头,跳过
2026-08-31 11:28:35,192 - E:\STangWork\PythonProjects\skp_parser\parser\base_parser.py - INFO - 数字列修正: project_name 列 0(数据纯数字) → 1
2026-08-31 11:28:35,194 - E:\STangWork\PythonProjects\skp_parser\parser\base_parser.py - INFO - 数字列修正: project_name 列 0(数据纯数字) → 1
2026-08-31 11:28:35,197 - E:\STangWork\PythonProjects\skp_parser\parser\base_parser.py - INFO - 数字列修正: project_name 列 0(数据纯数字) → 1
2026-08-31 11:28:35,199 - E:\STangWork\PythonProjects\skp_parser\parser\base_parser.py - INFO - 数字列修正: project_name 列 0(数据纯数字) → 1
2026-08-31 11:28:42,744 - E:\STangWork\PythonProjects\skp_parser\parser\base_parser.py - INFO - 合并表头修正: project_name 列 0 → 1
2026-08-31 11:29:31,129 - E:\STangWork\PythonProjects\skp_parser\parser\base_parser.py - INFO - 合并表头修正: project_name 列 0 → 1
2026-08-31 11:29:32,533 - E:\STangWork\PythonProjects\skp_parser\parser\xlsx_parser.py - WARNING - E:\STangWork\STangFiles\各省重点项目：2020年起\2026年重点项目\11福建省2026年重点项目清单\2026年宁德市\附件：2026年度宁德市重点项目名单（341个）.xlsx[Sheet2]: 前 20 行未找到表头,跳过
2026-08-31 11:29:32,535 - E:\STangWork\PythonProjects\skp_parser\parser\xlsx_parser.py - WARNING - E:\STangWork\STangFiles\各省重点项目：2020年起\2026年重点项目\11福建省2026年重点项目清单\2026年宁德市\附件：2026年度宁德市重点项目名单（341个）.xlsx[Sheet3]: 前 20 行未找到表头,跳过
2026-08-31 11:29:47,664 - E:\STangWork\PythonProjects\skp_parser\util\db_util.py - INFO - 数据库连接池已创建: 127.0.0.1:3306/suidaobig
2026-08-31 11:29:50,103 - E:\STangWork\PythonProjects\skp_parser\util\db_util.py - INFO - 数据库连接池已关闭
2026-08-31 11:33:10,964 - E:\STangWork\PythonProjects\skp_parser\util\db_util.py - INFO - 数据库连接池已创建: 127.0.0.1:3306/suidaobig
2026-08-31 11:33:13,877 - E:\STangWork\PythonProjects\skp_parser\util\db_util.py - INFO - 数据库连接池已关闭
2026-08-31 11:33:37,381 - E:\STangWork\PythonProjects\skp_parser\util\db_util.py - INFO - 数据库连接池已创建: 127.0.0.1:3306/suidaobig
2026-08-31 11:35:10,591 - E:\STangWork\PythonProjects\skp_parser\parser\xls_parser.py - WARNING - E:\STangWork\STangFiles\各省重点项目：2020年起\2020年重点项目\2020年各省市重点项目清单汇总：51.63万亿\30云南省2020年重点项目清单\附件1_云南省2020年“四个一百”重点建设项目计划表.xls[企业信用评级]: 前 20 行未找到表头,跳过
2026-08-31 11:35:10,606 - E:\STangWork\PythonProjects\skp_parser\parser\xls_parser.py - WARNING - E:\STangWork\STangFiles\各省重点项目：2020年起\2020年重点项目\2020年各省市重点项目清单汇总：51.63万亿\30云南省2020年重点项目清单\附件1_云南省2020年“四个一百”重点建设项目计划表.xls[融资模式]: 前 20 行未找到表头,跳过
2026-08-31 11:35:10,611 - E:\STangWork\PythonProjects\skp_parser\parser\base_parser.py - INFO - 数字列修正: project_name 列 0(数据纯数字) → 1
2026-08-31 11:35:10,613 - E:\STangWork\PythonProjects\skp_parser\parser\base_parser.py - INFO - 数字列修正: project_name 列 0(数据纯数字) → 1
2026-08-31 11:35:10,615 - E:\STangWork\PythonProjects\skp_parser\parser\base_parser.py - INFO - 数字列修正: project_name 列 0(数据纯数字) → 1
2026-08-31 11:35:10,617 - E:\STangWork\PythonProjects\skp_parser\parser\base_parser.py - INFO - 数字列修正: project_name 列 0(数据纯数字) → 1
2026-08-31 11:35:25,044 - E:\STangWork\PythonProjects\skp_parser\main.py - WARNING - 分类校验[2021年各省市重点项目清单汇总（截止3月12日，持续更新中）.pdf] o 0 16 河北o省0 682 项 11o 0886.5 亿 2810.6o 0亿元 新开工项目o: 标题声明 252 项,解析 5 项
2026-08-31 11:35:29,672 - E:\STangWork\PythonProjects\skp_parser\main.py - WARNING - 分类校验[2021年各省市重点项目清单汇总（截止3月12日，持续更新中）_加密.pdf] o 0 16 河北o省0 682 项 11o 0886.5 亿 2810.6o 0亿元 新开工项目o: 标题声明 252 项,解析 5 项
2026-08-31 11:35:32,694 - E:\STangWork\PythonProjects\skp_parser\main.py - WARNING - 分类校验[2021年各省市重点项目清单汇总（截止4月1日，持续更新中）.pdf] 元 项），建成投产项⽬: 标题声明 112 项,解析 0 项
2026-08-31 11:35:35,874 - E:\STangWork\PythonProjects\skp_parser\main.py - WARNING - 分类校验[2021年各省市重点项目清单汇总（截止4月1日，持续更新中）_加密.pdf] 元 项），建成投产项⽬: 标题声明 112 项,解析 0 项
2026-08-31 11:35:39,094 - E:\STangWork\PythonProjects\skp_parser\main.py - WARNING - 分类校验[2021年各省市重点项目清单汇总（截止4月4日，持续更新中）.pdf] （ 14 河北（省 682 项 11（886.5 亿 2810.6（亿元 新开工项目（: 标题声明 252 项,解析 0 项
2026-08-31 11:35:39,094 - E:\STangWork\PythonProjects\skp_parser\main.py - WARNING - 分类校验[2021年各省市重点项目清单汇总（截止4月4日，持续更新中）.pdf] 基 基 基 元 基 产项目基: 标题声明 112 项,解析 4 项
2026-08-31 11:35:54,488 - E:\STangWork\PythonProjects\skp_parser\main.py - WARNING - 分类校验[福建省宁德市2022年市级重点项目名单(共304个).pdf] 在建重点项目: 标题声明 255 项,解析 2 项
2026-08-31 11:35:54,488 - E:\STangWork\PythonProjects\skp_parser\main.py - WARNING - 分类校验[福建省宁德市2022年市级重点项目名单(共304个).pdf] 在建重点项目-工业: 标题声明 98 项,解析 0 项
2026-08-31 11:35:54,488 - E:\STangWork\PythonProjects\skp_parser\main.py - WARNING - 分类校验[福建省宁德市2022年市级重点项目名单(共304个).pdf] 在建重点项目-交通: 标题声明 26 项,解析 0 项
2026-08-31 11:35:54,488 - E:\STangWork\PythonProjects\skp_parser\main.py - WARNING - 分类校验[福建省宁德市2022年市级重点项目名单(共304个).pdf] 在建重点项目-能源: 标题声明 9 项,解析 1 项
2026-08-31 11:35:54,488 - E:\STangWork\PythonProjects\skp_parser\main.py - WARNING - 分类校验[福建省宁德市2022年市级重点项目名单(共304个).pdf] 在建重点项目-社会事业: 标题声明 44 项,解析 0 项
2026-08-31 11:35:54,488 - E:\STangWork\PythonProjects\skp_parser\main.py - WARNING - 分类校验[福建省宁德市2022年市级重点项目名单(共304个).pdf] 在建重点项目-服务业: 标题声明 27 项,解析 1 项
2026-08-31 11:35:54,488 - E:\STangWork\PythonProjects\skp_parser\main.py - WARNING - 分类校验[福建省宁德市2022年市级重点项目名单(共304个).pdf] 预备重点项目: 标题声明 49 项,解析 2 项
2026-08-31 11:35:54,489 - E:\STangWork\PythonProjects\skp_parser\main.py - WARNING - 分类校验[福建省宁德市2022年市级重点项目名单(共304个).pdf] 预备重点项目-工业: 标题声明 11 项,解析 0 项
2026-08-31 11:35:54,489 - E:\STangWork\PythonProjects\skp_parser\main.py - WARNING - 分类校验[福建省宁德市2022年市级重点项目名单(共304个).pdf] 预备重点项目-交通: 标题声明 5 项,解析 0 项
2026-08-31 11:35:54,489 - E:\STangWork\PythonProjects\skp_parser\main.py - WARNING - 分类校验[福建省宁德市2022年市级重点项目名单(共304个).pdf] 预备重点项目-能源: 标题声明 3 项,解析 1 项
2026-08-31 11:35:54,489 - E:\STangWork\PythonProjects\skp_parser\main.py - WARNING - 分类校验[福建省宁德市2022年市级重点项目名单(共304个).pdf] 预备重点项目-社会事业: 标题声明 8 项,解析 0 项
2026-08-31 11:35:54,489 - E:\STangWork\PythonProjects\skp_parser\main.py - WARNING - 分类校验[福建省宁德市2022年市级重点项目名单(共304个).pdf] 预备重点项目-服务业: 标题声明 5 项,解析 1 项
2026-08-31 11:35:58,807 - E:\STangWork\PythonProjects\skp_parser\parser\pdf_parser.py - WARNING - E:\STangWork\STangFiles\各省重点项目：2020年起\2022年重点项目\14贵州省2022年重点项目清单\2022年黔西南州\1.黔西南州2022年重大工程和重点项目名单.pdf: 列式提取仅 17 条,改用文本兜底
2026-08-31 11:35:58,861 - E:\STangWork\PythonProjects\skp_parser\main.py - WARNING - 分类校验[1.黔西南州2022年重大工程和重点项目名单.pdf] 兴义市: 标题声明 126 项,解析 51 项
2026-08-31 11:35:58,861 - E:\STangWork\PythonProjects\skp_parser\main.py - WARNING - 分类校验[1.黔西南州2022年重大工程和重点项目名单.pdf] 兴仁市: 标题声明 78 项,解析 54 项
2026-08-31 11:35:58,861 - E:\STangWork\PythonProjects\skp_parser\main.py - WARNING - 分类校验[1.黔西南州2022年重大工程和重点项目名单.pdf] 安龙县: 标题声明 63 项,解析 40 项
2026-08-31 11:35:58,861 - E:\STangWork\PythonProjects\skp_parser\main.py - WARNING - 分类校验[1.黔西南州2022年重大工程和重点项目名单.pdf] 贞丰县: 标题声明 57 项,解析 6 项
2026-08-31 11:35:58,861 - E:\STangWork\PythonProjects\skp_parser\main.py - WARNING - 分类校验[1.黔西南州2022年重大工程和重点项目名单.pdf] 普安县: 标题声明 63 项,解析 40 项
2026-08-31 11:35:58,861 - E:\STangWork\PythonProjects\skp_parser\main.py - WARNING - 分类校验[1.黔西南州2022年重大工程和重点项目名单.pdf] 晴隆县: 标题声明 66 项,解析 43 项
2026-08-31 11:35:58,861 - E:\STangWork\PythonProjects\skp_parser\main.py - WARNING - 分类校验[1.黔西南州2022年重大工程和重点项目名单.pdf] 册亨县: 标题声明 54 项,解析 30 项
2026-08-31 11:35:58,861 - E:\STangWork\PythonProjects\skp_parser\main.py - WARNING - 分类校验[1.黔西南州2022年重大工程和重点项目名单.pdf] 望谟县: 标题声明 58 项,解析 33 项
2026-08-31 11:35:58,861 - E:\STangWork\PythonProjects\skp_parser\main.py - WARNING - 分类校验[1.黔西南州2022年重大工程和重点项目名单.pdf] 义龙新区: 标题声明 72 项,解析 26 项
2026-08-31 11:35:58,861 - E:\STangWork\PythonProjects\skp_parser\main.py - WARNING - 分类校验[1.黔西南州2022年重大工程和重点项目名单.pdf] 州直单位和高校: 标题声明 3 项,解析 13 项
2026-08-31 11:36:02,127 - E:\STangWork\PythonProjects\skp_parser\parser\pdf_parser.py - WARNING - E:\STangWork\STangFiles\各省重点项目：2020年起\2022年重点项目\14贵州省2022年重点项目清单\2022年黔西南州\2.黔西南州2022年重大工程和重点项目推进计划.pdf: 列式提取仅 4 条,改用文本兜底
2026-08-31 11:36:26,939 - E:\STangWork\PythonProjects\skp_parser\parser\base_parser.py - INFO - 合并表头修正: project_name 列 0 → 1
2026-08-31 11:36:26,952 - E:\STangWork\PythonProjects\skp_parser\main.py - WARNING - 分类校验[2020年宁夏自治区重点项目投资计划.xlsx] 重大产业项目: 标题声明 43 项,解析 80 项
2026-08-31 11:36:26,952 - E:\STangWork\PythonProjects\skp_parser\main.py - WARNING - 分类校验[2020年宁夏自治区重点项目投资计划.xlsx] 重大产业项目-工业: 标题声明 39 项,解析 73 项
2026-08-31 11:36:26,952 - E:\STangWork\PythonProjects\skp_parser\main.py - WARNING - 分类校验[2020年宁夏自治区重点项目投资计划.xlsx] 重大产业项目-服务业: 标题声明 2 项,解析 5 项
2026-08-31 11:36:26,952 - E:\STangWork\PythonProjects\skp_parser\main.py - WARNING - 分类校验[2020年宁夏自治区重点项目投资计划.xlsx] 重大基础设施项目: 标题声明 21 项,解析 24 项
2026-08-31 11:36:26,952 - E:\STangWork\PythonProjects\skp_parser\main.py - WARNING - 分类校验[2020年宁夏自治区重点项目投资计划.xlsx] 重大基础设施项目-市政建设: 标题声明 7 项,解析 10 项
2026-08-31 11:36:26,953 - E:\STangWork\PythonProjects\skp_parser\main.py - WARNING - 分类校验[2020年宁夏自治区重点项目投资计划.xlsx] 标注▲2018年重点建设项目结转: 标题声明 35 项,解析 27 项
2026-08-31 11:36:30,220 - E:\STangWork\PythonProjects\skp_parser\main.py - WARNING - 分类校验[2020年四川省重点项目清单-整理版.xlsx] 基础设施项目: 标题声明 266 项,解析 0 项
2026-08-31 11:36:30,221 - E:\STangWork\PythonProjects\skp_parser\main.py - WARNING - 分类校验[2020年四川省重点项目清单-整理版.xlsx] 基础设施项目-交通: 标题声明 136 项,解析 0 项
2026-08-31 11:36:30,221 - E:\STangWork\PythonProjects\skp_parser\main.py - WARNING - 分类校验[2020年四川省重点项目清单-整理版.xlsx] Ⅲ 高速公路: 标题声明 41 项,解析 45 项
2026-08-31 11:36:30,221 - E:\STangWork\PythonProjects\skp_parser\main.py - WARNING - 分类校验[2020年四川省重点项目清单-整理版.xlsx] Ⅳ 国省干线及经济干线: 标题声明 60 项,解析 101 项
2026-08-31 11:36:30,221 - E:\STangWork\PythonProjects\skp_parser\main.py - WARNING - 分类校验[2020年四川省重点项目清单-整理版.xlsx] Ⅴ 港口、码头、航运: 标题声明 7 项,解析 113 项
2026-08-31 11:36:30,221 - E:\STangWork\PythonProjects\skp_parser\main.py - WARNING - 分类校验[2020年四川省重点项目清单-整理版.xlsx] Ⅴ 港口、码头、航运-水利: 标题声明 11 项,解析 28 项
2026-08-31 11:36:30,221 - E:\STangWork\PythonProjects\skp_parser\main.py - WARNING - 分类校验[2020年四川省重点项目清单-整理版.xlsx] 产业及创新平台项目: 标题声明 341 项,解析 290 项
2026-08-31 11:36:30,221 - E:\STangWork\PythonProjects\skp_parser\main.py - WARNING - 分类校验[2020年四川省重点项目清单-整理版.xlsx] 产业及创新平台项目-能源产业: 标题声明 35 项,解析 0 项
2026-08-31 11:36:30,221 - E:\STangWork\PythonProjects\skp_parser\main.py - WARNING - 分类校验[2020年四川省重点项目清单-整理版.xlsx] Ⅳ 其他: 标题声明 2 项,解析 13 项
2026-08-31 11:36:30,221 - E:\STangWork\PythonProjects\skp_parser\main.py - WARNING - 分类校验[2020年四川省重点项目清单-整理版.xlsx] Ⅱ 其他: 标题声明 1 项,解析 6 项
2026-08-31 11:50:13,456 - E:\STangWork\PythonProjects\skp_parser\util\db_util.py - INFO - 数据库连接池已创建: 127.0.0.1:3306/suidaobig
2026-08-31 11:50:17,642 - E:\STangWork\PythonProjects\skp_parser\util\db_util.py - INFO - 数据库连接池已关闭
2026-08-31 11:50:48,487 - E:\STangWork\PythonProjects\skp_parser\util\db_util.py - INFO - 数据库连接池已创建: 127.0.0.1:3306/suidaobig
2026-08-31 11:51:07,183 - E:\STangWork\PythonProjects\skp_parser\parser\base_parser.py - INFO - 合并表头修正: project_name 列 0 → 1
2026-08-31 11:51:07,197 - E:\STangWork\PythonProjects\skp_parser\main.py - WARNING - 分类校验[附件-2 2022年自治区重点预备开工项目投资计划.xlsx] 标注▲2018年重点建设项目结转: 标题声明 35 项,解析 27 项
2026-08-31 11:51:09,934 - E:\STangWork\PythonProjects\skp_parser\parser\base_parser.py - INFO - 合并表头修正: project_name 列 0 → 1
2026-08-31 11:51:09,945 - E:\STangWork\PythonProjects\skp_parser\main.py - WARNING - 分类校验[附件-3 2022年自治区重点前期工作项目投资计划.xlsx] 标注▲2018年重点建设项目结转: 标题声明 35 项,解析 27 项
2026-08-31 11:51:16,951 - E:\STangWork\PythonProjects\skp_parser\parser\base_parser.py - INFO - 合并表头修正: project_name 列 2 → 3
2026-08-31 11:51:16,960 - E:\STangWork\PythonProjects\skp_parser\parser\base_parser.py - INFO - 合并表头修正: project_name 列 2 → 3
2026-08-31 11:51:16,965 - E:\STangWork\PythonProjects\skp_parser\parser\xlsx_parser.py - WARNING - E:\STangWork\STangFiles\各省重点项目：2020年起\2023年重点项目\06内蒙古自治区2023年重点项目清单\2023年呼和浩特市\附件下载1：经开区2023年城市建设重点项目册.xlsx.xlsx[Sheet3]: 前 20 行未找到表头,跳过
2026-08-31 11:51:16,968 - E:\STangWork\PythonProjects\skp_parser\parser\xlsx_parser.py - WARNING - E:\STangWork\STangFiles\各省重点项目：2020年起\2023年重点项目\06内蒙古自治区2023年重点项目清单\2023年呼和浩特市\附件下载1：经开区2023年城市建设重点项目册.xlsx.xlsx[Sheet31]: 前 20 行未找到表头,跳过
2026-08-31 11:51:17,000 - E:\STangWork\PythonProjects\skp_parser\main.py - WARNING - 分类校验[附件下载1：经开区2023年城市建设重点项目册.xlsx.xlsx] 生态环境建设工程（共2项） （一）雨水散排治理 1934 1934 1934 财政预算 公用事业公司: 标题声明 2 项,解析 0 项
2026-08-31 11:51:17,001 - E:\STangWork\PythonProjects\skp_parser\main.py - WARNING - 分类校验[附件下载1：经开区2023年城市建设重点项目册.xlsx.xlsx] 城市更新类（共2项） 积水点改造工程: 标题声明 2 项,解析 0 项
2026-08-31 11:51:17,001 - E:\STangWork\PythonProjects\skp_parser\main.py - WARNING - 分类校验[附件下载1：经开区2023年城市建设重点项目册.xlsx.xlsx] 市政基础设施建设工程（共33项） （一）供排水管网工程（共17项）: 标题声明 33 项,解析 0 项
2026-08-31 11:51:19,175 - E:\STangWork\PythonProjects\skp_parser\parser\base_parser.py - INFO - 合并表头修正: project_name 列 0 → 1
2026-08-31 11:51:19,195 - E:\STangWork\PythonProjects\skp_parser\parser\base_parser.py - INFO - 合并表头修正: project_name 列 0 → 1
2026-08-31 11:51:19,256 - E:\STangWork\PythonProjects\skp_parser\main.py - WARNING - 分类校验[附件 大足区2025年度项目“三张清单”（删减）.xlsx] 行政区: 标题声明 816 项,解析 0 项
2026-08-31 11:51:19,257 - E:\STangWork\PythonProjects\skp_parser\main.py - WARNING - 分类校验[附件 大足区2025年度项目“三张清单”（删减）.xlsx] 一 海棠新城开发区: 标题声明 3 项,解析 1 项
2026-08-31 11:51:19,257 - E:\STangWork\PythonProjects\skp_parser\main.py - WARNING - 分类校验[附件 大足区2025年度项目“三张清单”（删减）.xlsx] 二 大足石刻研究院: 标题声明 20 项,解析 11 项
2026-08-31 11:51:19,257 - E:\STangWork\PythonProjects\skp_parser\main.py - WARNING - 分类校验[附件 大足区2025年度项目“三张清单”（删减）.xlsx] 区教委: 标题声明 16 项,解析 5 项
2026-08-31 11:51:19,257 - E:\STangWork\PythonProjects\skp_parser\main.py - WARNING - 分类校验[附件 大足区2025年度项目“三张清单”（删减）.xlsx] 区公安局: 标题声明 11 项,解析 5 项
2026-08-31 11:51:19,257 - E:\STangWork\PythonProjects\skp_parser\main.py - WARNING - 分类校验[附件 大足区2025年度项目“三张清单”（删减）.xlsx] 区民政局: 标题声明 3 项,解析 0 项
2026-08-31 11:51:19,257 - E:\STangWork\PythonProjects\skp_parser\main.py - WARNING - 分类校验[附件 大足区2025年度项目“三张清单”（删减）.xlsx] 区生态环境局: 标题声明 13 项,解析 0 项
2026-08-31 11:51:19,257 - E:\STangWork\PythonProjects\skp_parser\main.py - WARNING - 分类校验[附件 大足区2025年度项目“三张清单”（删减）.xlsx] 七 区住房城乡建委: 标题声明 17 项,解析 0 项
2026-08-31 11:51:19,257 - E:\STangWork\PythonProjects\skp_parser\main.py - WARNING - 分类校验[附件 大足区2025年度项目“三张清单”（删减）.xlsx] 区交通运输委: 标题声明 19 项,解析 0 项
2026-08-31 11:51:19,257 - E:\STangWork\PythonProjects\skp_parser\main.py - WARNING - 分类校验[附件 大足区2025年度项目“三张清单”（删减）.xlsx] 区水利局: 标题声明 58 项,解析 24 项
2026-08-31 11:51:19,258 - E:\STangWork\PythonProjects\skp_parser\main.py - WARNING - 分类校验[附件 大足区2025年度项目“三张清单”（删减）.xlsx] 其他领域 ★玉河水库扩建工程: 标题声明 14 项,解析 0 项
2026-08-31 11:51:19,258 - E:\STangWork\PythonProjects\skp_parser\main.py - WARNING - 分类校验[附件 大足区2025年度项目“三张清单”（删减）.xlsx] 区农业农村委: 标题声明 15 项,解析 2 项
2026-08-31 11:51:19,258 - E:\STangWork\PythonProjects\skp_parser\main.py - WARNING - 分类校验[附件 大足区2025年度项目“三张清单”（删减）.xlsx] 区卫生健康委: 标题声明 2 项,解析 0 项
2026-08-31 11:51:19,258 - E:\STangWork\PythonProjects\skp_parser\main.py - WARNING - 分类校验[附件 大足区2025年度项目“三张清单”（删减）.xlsx] 区商务委: 标题声明 6 项,解析 1 项
2026-08-31 11:51:19,258 - E:\STangWork\PythonProjects\skp_parser\main.py - WARNING - 分类校验[附件 大足区2025年度项目“三张清单”（删减）.xlsx] 区退役军人事务局: 标题声明 1 项,解析 0 项
2026-08-31 11:51:19,258 - E:\STangWork\PythonProjects\skp_parser\main.py - WARNING - 分类校验[附件 大足区2025年度项目“三张清单”（删减）.xlsx] 区规划自然资源局: 标题声明 8 项,解析 3 项
2026-08-31 11:51:19,258 - E:\STangWork\PythonProjects\skp_parser\main.py - WARNING - 分类校验[附件 大足区2025年度项目“三张清单”（删减）.xlsx] 区林业局: 标题声明 1 项,解析 0 项
2026-08-31 11:51:19,258 - E:\STangWork\PythonProjects\skp_parser\main.py - WARNING - 分类校验[附件 大足区2025年度项目“三张清单”（删减）.xlsx] 区城市管理局: 标题声明 6 项,解析 5 项
2026-08-31 11:51:19,258 - E:\STangWork\PythonProjects\skp_parser\main.py - WARNING - 分类校验[附件 大足区2025年度项目“三张清单”（删减）.xlsx] 棠香街道: 标题声明 1 项,解析 0 项
2026-08-31 11:51:19,258 - E:\STangWork\PythonProjects\skp_parser\main.py - WARNING - 分类校验[附件 大足区2025年度项目“三张清单”（删减）.xlsx] 龙岗街道: 标题声明 3 项,解析 0 项
2026-08-31 11:51:19,258 - E:\STangWork\PythonProjects\skp_parser\main.py - WARNING - 分类校验[附件 大足区2025年度项目“三张清单”（删减）.xlsx] 雍溪镇: 标题声明 1 项,解析 0 项
2026-08-31 11:51:19,259 - E:\STangWork\PythonProjects\skp_parser\main.py - WARNING - 分类校验[附件 大足区2025年度项目“三张清单”（删减）.xlsx] 宝顶镇: 标题声明 1 项,解析 0 项
2026-08-31 11:51:19,259 - E:\STangWork\PythonProjects\skp_parser\main.py - WARNING - 分类校验[附件 大足区2025年度项目“三张清单”（删减）.xlsx] 双桥经开区: 标题声明 61 项,解析 0 项
2026-08-31 11:51:19,259 - E:\STangWork\PythonProjects\skp_parser\main.py - WARNING - 分类校验[附件 大足区2025年度项目“三张清单”（删减）.xlsx] 建设局: 标题声明 52 项,解析 16 项
2026-08-31 11:51:19,259 - E:\STangWork\PythonProjects\skp_parser\main.py - WARNING - 分类校验[附件 大足区2025年度项目“三张清单”（删减）.xlsx] 经开区各镇街: 标题声明 36 项,解析 11 项
2026-08-31 11:51:19,259 - E:\STangWork\PythonProjects\skp_parser\main.py - WARNING - 分类校验[附件 大足区2025年度项目“三张清单”（删减）.xlsx] 经开区生态环境局: 标题声明 1 项,解析 0 项
2026-08-31 11:51:19,259 - E:\STangWork\PythonProjects\skp_parser\main.py - WARNING - 分类校验[附件 大足区2025年度项目“三张清单”（删减）.xlsx] 其他策划项目: 标题声明 1 项,解析 0 项
2026-08-31 11:51:19,259 - E:\STangWork\PythonProjects\skp_parser\main.py - WARNING - 分类校验[附件 大足区2025年度项目“三张清单”（删减）.xlsx] 高科集团: 标题声明 64 项,解析 37 项
2026-08-31 11:51:19,259 - E:\STangWork\PythonProjects\skp_parser\main.py - WARNING - 分类校验[附件 大足区2025年度项目“三张清单”（删减）.xlsx] 发展（开创）集团: 标题声明 41 项,解析 19 项
2026-08-31 11:51:19,259 - E:\STangWork\PythonProjects\skp_parser\main.py - WARNING - 分类校验[附件 大足区2025年度项目“三张清单”（删减）.xlsx] 大足石刻文化城 ★大足区高铁站换乘中心及配套设施建设项目: 标题声明 21 项,解析 0 项
2026-08-31 11:51:19,260 - E:\STangWork\PythonProjects\skp_parser\main.py - WARNING - 分类校验[附件 大足区2025年度项目“三张清单”（删减）.xlsx] 文旅集团: 标题声明 62 项,解析 12 项
2026-08-31 11:51:19,260 - E:\STangWork\PythonProjects\skp_parser\main.py - WARNING - 分类校验[附件 大足区2025年度项目“三张清单”（删减）.xlsx] 其他领域 ★石马镇长溪里小区: 标题声明 26 项,解析 1 项
2026-08-31 11:51:19,260 - E:\STangWork\PythonProjects\skp_parser\main.py - WARNING - 分类校验[附件 大足区2025年度项目“三张清单”（删减）.xlsx] 经开区: 标题声明 157 项,解析 0 项
2026-08-31 11:51:19,260 - E:\STangWork\PythonProjects\skp_parser\main.py - WARNING - 分类校验[附件 大足区2025年度项目“三张清单”（删减）.xlsx] 新双圈公司: 标题声明 52 项,解析 10 项
2026-08-31 11:51:19,260 - E:\STangWork\PythonProjects\skp_parser\main.py - WARNING - 分类校验[附件 大足区2025年度项目“三张清单”（删减）.xlsx] 海棠新城开发区: 标题声明 23 项,解析 2 项
2026-08-31 11:51:19,260 - E:\STangWork\PythonProjects\skp_parser\main.py - WARNING - 分类校验[附件 大足区2025年度项目“三张清单”（删减）.xlsx] 区住房城乡建委: 标题声明 50 项,解析 22 项
2026-08-31 11:51:19,260 - E:\STangWork\PythonProjects\skp_parser\main.py - WARNING - 分类校验[附件 大足区2025年度项目“三张清单”（删减）.xlsx] 大足高新区: 标题声明 138 项,解析 18 项
2026-08-31 11:51:19,260 - E:\STangWork\PythonProjects\skp_parser\main.py - WARNING - 分类校验[附件 大足区2025年度项目“三张清单”（删减）.xlsx] 金山镇: 标题声明 1 项,解析 0 项
2026-08-31 11:51:19,260 - E:\STangWork\PythonProjects\skp_parser\main.py - WARNING - 分类校验[附件 大足区2025年度项目“三张清单”（删减）.xlsx] 双桥园区: 标题声明 35 项,解析 14 项
2026-08-31 11:51:19,260 - E:\STangWork\PythonProjects\skp_parser\main.py - WARNING - 分类校验[附件 大足区2025年度项目“三张清单”（删减）.xlsx] 邮亭产发中心: 标题声明 32 项,解析 11 项
2026-08-31 11:51:19,260 - E:\STangWork\PythonProjects\skp_parser\main.py - WARNING - 分类校验[附件 大足区2025年度项目“三张清单”（删减）.xlsx] 十三 区卫生健康委: 标题声明 25 项,解析 7 项
2026-08-31 11:51:19,261 - E:\STangWork\PythonProjects\skp_parser\main.py - WARNING - 分类校验[附件 大足区2025年度项目“三张清单”（删减）.xlsx] 区龙水湖旅游度假区发展中心: 标题声明 22 项,解析 14 项
2026-08-31 11:51:19,261 - E:\STangWork\PythonProjects\skp_parser\main.py - WARNING - 分类校验[附件 大足区2025年度项目“三张清单”（删减）.xlsx] 大足石刻研究院: 标题声明 21 项,解析 0 项
2026-08-31 11:51:19,261 - E:\STangWork\PythonProjects\skp_parser\main.py - WARNING - 分类校验[附件 大足区2025年度项目“三张清单”（删减）.xlsx] 区经济信息委: 标题声明 5 项,解析 0 项
2026-08-31 11:51:19,261 - E:\STangWork\PythonProjects\skp_parser\main.py - WARNING - 分类校验[附件 大足区2025年度项目“三张清单”（删减）.xlsx] 十四 区退役军人事务局: 标题声明 1 项,解析 0 项
2026-08-31 11:51:19,261 - E:\STangWork\PythonProjects\skp_parser\main.py - WARNING - 分类校验[附件 大足区2025年度项目“三张清单”（删减）.xlsx] 区文化旅游委: 标题声明 1 项,解析 0 项
2026-08-31 11:51:19,261 - E:\STangWork\PythonProjects\skp_parser\main.py - WARNING - 分类校验[附件 大足区2025年度项目“三张清单”（删减）.xlsx] 十九 发展（开创）集团: 标题声明 20 项,解析 0 项
2026-08-31 11:51:42,056 - E:\STangWork\PythonProjects\skp_parser\parser\base_parser.py - INFO - 合并表头修正: project_name 列 0 → 1
2026-08-31 11:51:43,489 - E:\STangWork\PythonProjects\skp_parser\parser\xlsx_parser.py - WARNING - E:\STangWork\STangFiles\各省重点项目：2020年起\2026年重点项目\11福建省2026年重点项目清单\2026年宁德市\附件：2026年度宁德市重点项目名单（341个）.xlsx[Sheet2]: 前 20 行未找到表头,跳过
2026-08-31 11:51:43,489 - E:\STangWork\PythonProjects\skp_parser\parser\xlsx_parser.py - WARNING - E:\STangWork\STangFiles\各省重点项目：2020年起\2026年重点项目\11福建省2026年重点项目清单\2026年宁德市\附件：2026年度宁德市重点项目名单（341个）.xlsx[Sheet3]: 前 20 行未找到表头,跳过
2026-08-31 11:51:43,492 - E:\STangWork\PythonProjects\skp_parser\main.py - WARNING - 分类校验[附件：2026年度宁德市重点项目名单（341个）.xlsx] 年度宁德市重点项目名单: 标题声明 341 项,解析 0 项
2026-08-31 11:51:43,492 - E:\STangWork\PythonProjects\skp_parser\main.py - WARNING - 分类校验[附件：2026年度宁德市重点项目名单（341个）.xlsx] 能源20个: 标题声明 26 项,解析 20 项
2026-08-31 11:52:27,300 - E:\STangWork\PythonProjects\skp_parser\util\db_util.py - INFO - 数据库连接池已关闭
2026-08-31 11:53:39,015 - E:\STangWork\PythonProjects\skp_parser\util\db_util.py - INFO - 数据库连接池已创建: 127.0.0.1:3306/suidaobig
2026-08-31 11:54:14,609 - E:\STangWork\PythonProjects\skp_parser\util\db_util.py - INFO - 数据库连接池已关闭
2026-08-31 11:54:24,177 - E:\STangWork\PythonProjects\skp_parser\util\db_util.py - INFO - 数据库连接池已创建: 127.0.0.1:3306/suidaobig
2026-08-31 11:54:24,279 - E:\STangWork\PythonProjects\skp_parser\util\db_util.py - INFO - 数据库连接池已关闭
2026-08-31 11:54:40,260 - E:\STangWork\PythonProjects\skp_parser\util\db_util.py - INFO - 数据库连接池已创建: 127.0.0.1:3306/suidaobig
2026-08-31 11:54:47,129 - E:\STangWork\PythonProjects\skp_parser\parser\xls_parser.py - WARNING - E:\STangWork\STangFiles\各省重点项目：2020年起\2025年重点项目\2025年各省重点重大项目清单（截止2025年10月31日）.xlsx[第一批（截止2025.01.24）]: 判定为各省汇总表干扰数据,已跳过并记录名单
2026-08-31 11:54:47,136 - E:\STangWork\PythonProjects\skp_parser\parser\xls_parser.py - WARNING - E:\STangWork\STangFiles\各省重点项目：2020年起\2025年重点项目\2025年各省重点重大项目清单（截止2025年10月31日）.xlsx[第二批（截止2025.3.11）]: 判定为各省汇总表干扰数据,已跳过并记录名单
2026-08-31 11:54:47,140 - E:\STangWork\PythonProjects\skp_parser\parser\xls_parser.py - WARNING - E:\STangWork\STangFiles\各省重点项目：2020年起\2025年重点项目\2025年各省重点重大项目清单（截止2025年10月31日）.xlsx[第三批（截止2025.05.15） ]: 判定为各省汇总表干扰数据,已跳过并记录名单
2026-08-31 11:54:47,147 - E:\STangWork\PythonProjects\skp_parser\parser\xls_parser.py - WARNING - E:\STangWork\STangFiles\各省重点项目：2020年起\2025年重点项目\2025年各省重点重大项目清单（截止2025年10月31日）.xlsx[第四批（截止2025.07.23）]: 判定为各省汇总表干扰数据,已跳过并记录名单
2026-08-31 11:54:47,148 - E:\STangWork\PythonProjects\skp_parser\parser\xls_parser.py - WARNING - E:\STangWork\STangFiles\各省重点项目：2020年起\2025年重点项目\2025年各省重点重大项目清单（截止2025年10月31日）.xlsx[第五批（截止2025.12.31） ]: 判定为各省汇总表干扰数据,已跳过并记录名单
2026-08-31 11:54:47,150 - E:\STangWork\PythonProjects\skp_parser\parser\xls_parser.py - WARNING - E:\STangWork\STangFiles\各省重点项目：2020年起\2025年重点项目\2025年各省重点重大项目清单（截止2025年10月31日）.xlsx[地级市]: 判定为各省汇总表干扰数据,已跳过并记录名单
2026-08-31 11:54:47,152 - E:\STangWork\PythonProjects\skp_parser\parser\xls_parser.py - WARNING - E:\STangWork\STangFiles\各省重点项目：2020年起\2025年重点项目\2025年各省重点重大项目清单（截止2025年10月31日）.xlsx[第四批（截止2024.11.28）]: 判定为各省汇总表干扰数据,已跳过并记录名单
2026-08-31 11:55:01,550 - E:\STangWork\PythonProjects\skp_parser\parser\xls_parser.py - WARNING - E:\STangWork\STangFiles\各省重点项目：2020年起\2026年重点项目\2026年各省重点重大项目清单（截止2026年8月19日）.xlsx[第二批（截止2026.3.13）]: 判定为各省汇总表干扰数据,已跳过并记录名单
2026-08-31 11:55:01,554 - E:\STangWork\PythonProjects\skp_parser\parser\xls_parser.py - WARNING - E:\STangWork\STangFiles\各省重点项目：2020年起\2026年重点项目\2026年各省重点重大项目清单（截止2026年8月19日）.xlsx[第三批（截止2026.6.7）]: 判定为各省汇总表干扰数据,已跳过并记录名单
2026-08-31 11:55:01,567 - E:\STangWork\PythonProjects\skp_parser\parser\xls_parser.py - WARNING - E:\STangWork\STangFiles\各省重点项目：2020年起\2026年重点项目\2026年各省重点重大项目清单（截止2026年8月19日）.xlsx[第四批（截止2026.8.19）]: 判定为各省汇总表干扰数据,已跳过并记录名单
2026-08-31 11:55:01,569 - E:\STangWork\PythonProjects\skp_parser\parser\xls_parser.py - WARNING - E:\STangWork\STangFiles\各省重点项目：2020年起\2026年重点项目\2026年各省重点重大项目清单（截止2026年8月19日）.xlsx[地级市]: 判定为各省汇总表干扰数据,已跳过并记录名单
2026-08-31 11:55:01,569 - E:\STangWork\PythonProjects\skp_parser\parser\xls_parser.py - WARNING - E:\STangWork\STangFiles\各省重点项目：2020年起\2026年重点项目\2026年各省重点重大项目清单（截止2026年8月19日）.xlsx[第四批（截止2025.07.23）]: 判定为各省汇总表干扰数据,已跳过并记录名单
2026-08-31 11:55:01,570 - E:\STangWork\PythonProjects\skp_parser\parser\xls_parser.py - WARNING - E:\STangWork\STangFiles\各省重点项目：2020年起\2026年重点项目\2026年各省重点重大项目清单（截止2026年8月19日）.xlsx[第五批（截止2025.12.31） ]: 判定为各省汇总表干扰数据,已跳过并记录名单
2026-08-31 11:55:01,570 - E:\STangWork\PythonProjects\skp_parser\parser\xls_parser.py - WARNING - E:\STangWork\STangFiles\各省重点项目：2020年起\2026年重点项目\2026年各省重点重大项目清单（截止2026年8月19日）.xlsx[第四批（截止2024.11.28）]: 判定为各省汇总表干扰数据,已跳过并记录名单
2026-08-31 11:56:25,789 - E:\STangWork\PythonProjects\skp_parser\util\db_util.py - INFO - 数据库连接池已关闭
2026-08-31 13:56:27,768 - E:\STangWork\PythonProjects\skp_parser\util\db_util.py - INFO - 数据库连接池已创建: 127.0.0.1:3306/suidaobig
2026-08-31 13:56:30,731 - E:\STangWork\PythonProjects\skp_parser\util\db_util.py - INFO - 数据库连接池已关闭
2026-08-31 14:04:04,281 - E:\STangWork\PythonProjects\skp_parser\util\db_util.py - INFO - 数据库连接池已创建: 127.0.0.1:3306/suidaobig
2026-08-31 14:04:06,899 - E:\STangWork\PythonProjects\skp_parser\util\db_util.py - INFO - 数据库连接池已关闭
2026-08-31 14:10:47,585 - E:\STangWork\PythonProjects\skp_parser\util\db_util.py - INFO - 数据库连接池已创建: 127.0.0.1:3306/suidaobig
2026-08-31 14:10:48,727 - E:\STangWork\PythonProjects\skp_parser\main.py - WARNING - 分类校验[2022年河南省重点建设项目名单.xlsx] 郑州市中心城区新建道路及城市功能提升打捆项目: 标题声明 10 项,解析 63 项
2026-08-31 14:10:48,727 - E:\STangWork\PythonProjects\skp_parser\main.py - WARNING - 分类校验[2022年河南省重点建设项目名单.xlsx] 铁路专用线打捆项目: 标题声明 14 项,解析 5 项
2026-08-31 14:10:48,729 - E:\STangWork\PythonProjects\skp_parser\main.py - WARNING - 分类校验[2022年河南省重点建设项目名单.xlsx] 铁路前期打捆项目: 标题声明 6 项,解析 0 项
2026-08-31 14:10:48,729 - E:\STangWork\PythonProjects\skp_parser\main.py - WARNING - 分类校验[2022年河南省重点建设项目名单.xlsx] 航空前期打捆项目: 标题声明 4 项,解析 0 项
2026-08-31 14:10:48,729 - E:\STangWork\PythonProjects\skp_parser\main.py - WARNING - 分类校验[2022年河南省重点建设项目名单.xlsx] 交通枢纽（1）-能源项目（26）: 标题声明 4 项,解析 0 项
2026-08-31 14:10:48,729 - E:\STangWork\PythonProjects\skp_parser\main.py - WARNING - 分类校验[2022年河南省重点建设项目名单.xlsx] 500千伏电网打捆项目: 标题声明 22 项,解析 0 项
2026-08-31 14:10:48,730 - E:\STangWork\PythonProjects\skp_parser\main.py - WARNING - 分类校验[2022年河南省重点建设项目名单.xlsx] 新能源打捆项目: 标题声明 23 项,解析 0 项
2026-08-31 14:10:48,730 - E:\STangWork\PythonProjects\skp_parser\main.py - WARNING - 分类校验[2022年河南省重点建设项目名单.xlsx] 煤炭（3）-水利（26）: 标题声明 23 项,解析 26 项
2026-08-31 14:10:48,730 - E:\STangWork\PythonProjects\skp_parser\main.py - WARNING - 分类校验[2022年河南省重点建设项目名单.xlsx] 郑州航空港经济综合实验区航空物流打捆项目: 标题声明 15 项,解析 89 项
2026-08-31 14:10:48,730 - E:\STangWork\PythonProjects\skp_parser\main.py - WARNING - 分类校验[2022年河南省重点建设项目名单.xlsx] 郑东新区龙湖金融中心外环打捆项目: 标题声明 12 项,解析 3 项
2026-08-31 14:10:48,730 - E:\STangWork\PythonProjects\skp_parser\main.py - WARNING - 分类校验[2022年河南省重点建设项目名单.xlsx] 民生和社会事业项目（55）-教育（1）: 标题声明 12 项,解析 0 项
2026-08-31 14:10:48,730 - E:\STangWork\PythonProjects\skp_parser\main.py - WARNING - 分类校验[2022年河南省重点建设项目名单.xlsx] 教育能力提升打捆项目: 标题声明 62 项,解析 0 项
2026-08-31 14:10:48,730 - E:\STangWork\PythonProjects\skp_parser\main.py - WARNING - 分类校验[2022年河南省重点建设项目名单.xlsx] 教育能力提升打捆项目-医疗（1）: 标题声明 62 项,解析 0 项
2026-08-31 14:10:48,730 - E:\STangWork\PythonProjects\skp_parser\main.py - WARNING - 分类校验[2022年河南省重点建设项目名单.xlsx] 公共卫生打捆项目: 标题声明 81 项,解析 2 项
2026-08-31 14:10:48,730 - E:\STangWork\PythonProjects\skp_parser\main.py - WARNING - 分类校验[2022年河南省重点建设项目名单.xlsx] 省直青年人才公寓项目: 标题声明 10 项,解析 12 项
2026-08-31 14:10:48,730 - E:\STangWork\PythonProjects\skp_parser\main.py - WARNING - 分类校验[2022年河南省重点建设项目名单.xlsx] 郑东新区二期便民服务中心打捆项目: 标题声明 4 项,解析 5 项
2026-08-31 14:10:48,730 - E:\STangWork\PythonProjects\skp_parser\main.py - WARNING - 分类校验[2022年河南省重点建设项目名单.xlsx] 保密打捆项目: 标题声明 6 项,解析 21 项
2026-08-31 14:10:48,730 - E:\STangWork\PythonProjects\skp_parser\main.py - WARNING - 分类校验[2022年河南省重点建设项目名单.xlsx] 保密打捆项目-健康养老（12）: 标题声明 6 项,解析 15 项
2026-08-31 14:10:54,703 - E:\STangWork\PythonProjects\skp_parser\util\db_util.py - INFO - 数据库连接池已关闭
2026-08-31 14:11:17,112 - E:\STangWork\PythonProjects\skp_parser\util\db_util.py - INFO - 数据库连接池已创建: 127.0.0.1:3306/suidaobig
2026-08-31 14:11:17,203 - E:\STangWork\PythonProjects\skp_parser\util\db_util.py - INFO - 数据库连接池已关闭
2026-08-31 14:12:50,041 - E:\STangWork\PythonProjects\skp_parser\util\db_util.py - INFO - 数据库连接池已创建: 127.0.0.1:3306/suidaobig
2026-08-31 14:12:51,215 - E:\STangWork\PythonProjects\skp_parser\main.py - WARNING - 分类校验[2022年河南省重点建设项目名单.xlsx] 郑州市中心城区新建道路及城市功能提升打捆项目: 标题声明 10 项,解析 18 项
2026-08-31 14:12:51,215 - E:\STangWork\PythonProjects\skp_parser\main.py - WARNING - 分类校验[2022年河南省重点建设项目名单.xlsx] 铁路专用线打捆项目: 标题声明 14 项,解析 0 项
2026-08-31 14:12:51,216 - E:\STangWork\PythonProjects\skp_parser\main.py - WARNING - 分类校验[2022年河南省重点建设项目名单.xlsx] 铁路前期打捆项目: 标题声明 6 项,解析 0 项
2026-08-31 14:12:51,216 - E:\STangWork\PythonProjects\skp_parser\main.py - WARNING - 分类校验[2022年河南省重点建设项目名单.xlsx] 航空前期打捆项目: 标题声明 4 项,解析 0 项
2026-08-31 14:12:51,217 - E:\STangWork\PythonProjects\skp_parser\main.py - WARNING - 分类校验[2022年河南省重点建设项目名单.xlsx] 500千伏电网打捆项目: 标题声明 22 项,解析 0 项
2026-08-31 14:12:51,217 - E:\STangWork\PythonProjects\skp_parser\main.py - WARNING - 分类校验[2022年河南省重点建设项目名单.xlsx] 新能源打捆项目: 标题声明 23 项,解析 0 项
2026-08-31 14:12:51,217 - E:\STangWork\PythonProjects\skp_parser\main.py - WARNING - 分类校验[2022年河南省重点建设项目名单.xlsx] 郑州航空港经济综合实验区航空物流打捆项目: 标题声明 15 项,解析 42 项
2026-08-31 14:12:51,217 - E:\STangWork\PythonProjects\skp_parser\main.py - WARNING - 分类校验[2022年河南省重点建设项目名单.xlsx] 郑东新区龙湖金融中心外环打捆项目: 标题声明 12 项,解析 2 项
2026-08-31 14:12:51,217 - E:\STangWork\PythonProjects\skp_parser\main.py - WARNING - 分类校验[2022年河南省重点建设项目名单.xlsx] 教育能力提升打捆项目: 标题声明 62 项,解析 0 项
2026-08-31 14:12:51,217 - E:\STangWork\PythonProjects\skp_parser\main.py - WARNING - 分类校验[2022年河南省重点建设项目名单.xlsx] 公共卫生打捆项目: 标题声明 81 项,解析 0 项
2026-08-31 14:12:51,217 - E:\STangWork\PythonProjects\skp_parser\main.py - WARNING - 分类校验[2022年河南省重点建设项目名单.xlsx] 省直青年人才公寓项目: 标题声明 10 项,解析 12 项
2026-08-31 14:12:51,217 - E:\STangWork\PythonProjects\skp_parser\main.py - WARNING - 分类校验[2022年河南省重点建设项目名单.xlsx] 郑东新区二期便民服务中心打捆项目: 标题声明 4 项,解析 5 项
2026-08-31 14:12:51,217 - E:\STangWork\PythonProjects\skp_parser\main.py - WARNING - 分类校验[2022年河南省重点建设项目名单.xlsx] 保密打捆项目: 标题声明 6 项,解析 0 项
2026-08-31 14:12:56,129 - E:\STangWork\PythonProjects\skp_parser\util\db_util.py - INFO - 数据库连接池已关闭
2026-08-31 14:19:34,301 - E:\STangWork\PythonProjects\skp_parser\run_single.py - INFO - 单文件处理: E:\STangWork\STangFiles\各省重点项目：2020年起\2025年重点项目\03天津市2025年重点项目清单\东丽区2025年\2025年东丽区市级重点储备项目清单.xlsx(上传 GoFast: False)
2026-08-31 14:19:34,348 - E:\STangWork\PythonProjects\skp_parser\util\db_util.py - INFO - 数据库连接池已创建: 127.0.0.1:3306/suidaobig
2026-08-31 14:19:34,609 - E:\STangWork\PythonProjects\skp_parser\util\db_util.py - INFO - 数据库表初始化完成(skp_file/skp_project/skp_file_extra/skp_notice/skp_category_declared)
2026-08-31 14:19:35,244 - E:\STangWork\PythonProjects\skp_parser\util\db_util.py - INFO - 数据库连接池已关闭
2026-08-31 14:19:49,633 - E:\STangWork\PythonProjects\skp_parser\run_single.py - INFO - 单文件处理: E:\STangWork\STangFiles\各省重点项目：2020年起\2025年重点项目\03天津市2025年重点项目清单\东丽区2025年\2025年东丽区市级重点储备项目清单.xlsx(上传 GoFast: False)
2026-08-31 14:19:49,638 - E:\STangWork\PythonProjects\skp_parser\util\db_util.py - INFO - 数据库连接池已创建: 127.0.0.1:3306/suidaobig
2026-08-31 14:19:49,771 - E:\STangWork\PythonProjects\skp_parser\util\db_util.py - INFO - 数据库表初始化完成(skp_file/skp_project/skp_file_extra/skp_notice/skp_category_declared)
2026-08-31 14:19:49,772 - E:\STangWork\PythonProjects\skp_parser\run_single.py - INFO - 删除旧数据: 文件 0 条, 项目 0 条, 特有信息 0 条, 通知 0 条, 分类声明 0 条
2026-08-31 14:19:49,916 - E:\STangWork\PythonProjects\skp_parser\run_single.py - INFO - OK: 2025年东丽区市级重点储备项目清单.xlsx (file_id=1036, 项目 6 条)
2026-08-31 14:19:49,916 - E:\STangWork\PythonProjects\skp_parser\util\db_util.py - INFO - 数据库连接池已关闭
2026-08-31 14:19:59,574 - E:\STangWork\PythonProjects\skp_parser\run_single.py - INFO - 单文件处理: E:\STangWork\STangFiles\各省重点项目：2020年起\2025年重点项目\03天津市2025年重点项目清单\东丽区2025年\2025年东丽区市级重点储备项目清单.xlsx(上传 GoFast: False)
2026-08-31 14:19:59,579 - E:\STangWork\PythonProjects\skp_parser\util\db_util.py - INFO - 数据库连接池已创建: 127.0.0.1:3306/suidaobig
2026-08-31 14:19:59,728 - E:\STangWork\PythonProjects\skp_parser\util\db_util.py - INFO - 数据库表初始化完成(skp_file/skp_project/skp_file_extra/skp_notice/skp_category_declared)
2026-08-31 14:19:59,832 - E:\STangWork\PythonProjects\skp_parser\run_single.py - INFO - 删除旧数据: 文件 1 条, 项目 6 条, 特有信息 0 条, 通知 0 条, 分类声明 0 条
2026-08-31 14:20:00,053 - E:\STangWork\PythonProjects\skp_parser\run_single.py - INFO - OK: 2025年东丽区市级重点储备项目清单.xlsx (file_id=1037, 项目 6 条)
2026-08-31 14:20:00,054 - E:\STangWork\PythonProjects\skp_parser\util\db_util.py - INFO - 数据库连接池已关闭
2026-08-31 14:22:27,953 - E:\STangWork\PythonProjects\skp_parser\run_single.py - INFO - 单文件处理: 2023年重点项目\04重庆市2023年重点项目清单\2023年奉节县\奉节委办发〔2023〕1号附件.xlsx(上传 GoFast: False)
2026-08-31 14:24:14,426 - E:\STangWork\PythonProjects\skp_parser\run_single.py - INFO - 单文件处理: E:\STangWork\STangFiles\各省重点项目：2020年起\2023年重点项目\04重庆市2023年重点项目清单\2023年奉节县\奉节委办发〔2023〕1号附件.xlsx(上传 GoFast: False)
2026-08-31 14:25:30,110 - E:\STangWork\PythonProjects\skp_parser\run_single.py - INFO - 单文件处理: E:\STangWork\STangFiles\各省重点项目：2020年起\2023年重点项目\04重庆市2023年重点项目清单\2023年奉节县\奉节委办发〔2023〕1号附件.xlsx(上传 GoFast: False)
2026-08-31 14:28:21,320 - E:\STangWork\PythonProjects\skp_parser\run_single.py - INFO - 单文件处理: E:\STangWork\STangFiles\各省重点项目：2020年起\2023年重点项目\04重庆市2023年重点项目清单\2023年奉节县\奉节委办发〔2023〕1号附件.xlsx(上传 GoFast: False)
2026-08-31 14:28:30,317 - E:\STangWork\PythonProjects\skp_parser\util\db_util.py - INFO - 数据库连接池已创建: 127.0.0.1:3306/suidaobig
2026-08-31 14:28:31,500 - E:\STangWork\PythonProjects\skp_parser\util\db_util.py - INFO - 数据库表初始化完成(skp_file/skp_project/skp_file_extra/skp_notice/skp_category_declared)
2026-08-31 14:28:44,802 - E:\STangWork\PythonProjects\skp_parser\run_single.py - INFO - 删除旧数据: 文件 0 条, 项目 0 条, 特有信息 0 条, 通知 0 条, 分类声明 0 条
2026-08-31 14:29:52,035 - E:\STangWork\PythonProjects\skp_parser\main.py - INFO - 开始处理目录: E:\STangWork\STangFiles\各省重点项目：2020年起(上传 GoFast: False)
2026-08-31 14:29:52,047 - E:\STangWork\PythonProjects\skp_parser\util\db_util.py - INFO - 数据库连接池已创建: 127.0.0.1:3306/suidaobig
2026-08-31 14:29:52,203 - E:\STangWork\PythonProjects\skp_parser\util\db_util.py - INFO - 数据库表初始化完成(skp_file/skp_project/skp_file_extra/skp_notice/skp_category_declared)
2026-08-31 14:38:58,257 - E:\STangWork\PythonProjects\skp_parser\run_single.py - INFO - 单文件处理: E:\STangWork\STangFiles\各省重点项目：2020年起\2023年重点项目\04重庆市2023年重点项目清单\2023年奉节县\奉节委办发〔2023〕1号附件.xlsx(上传 GoFast: False)
2026-08-31 14:39:08,999 - E:\STangWork\PythonProjects\skp_parser\util\db_util.py - INFO - 数据库连接池已创建: 127.0.0.1:3306/suidaobig
2026-08-31 14:39:09,143 - E:\STangWork\PythonProjects\skp_parser\util\db_util.py - INFO - 数据库表初始化完成(skp_file/skp_project/skp_file_extra/skp_notice/skp_category_declared)
2026-08-31 14:39:28,983 - E:\STangWork\PythonProjects\skp_parser\run_single.py - INFO - 单文件处理: E:\STangWork\STangFiles\各省重点项目：2020年起\2023年重点项目\04重庆市2023年重点项目清单\2023年奉节县\奉节委办发〔2023〕1号附件.xlsx(上传 GoFast: False)
2026-08-31 14:39:32,052 - E:\STangWork\PythonProjects\skp_parser\util\db_util.py - INFO - 数据库连接池已创建: 127.0.0.1:3306/suidaobig
2026-08-31 14:39:32,173 - E:\STangWork\PythonProjects\skp_parser\util\db_util.py - INFO - 数据库表初始化完成(skp_file/skp_project/skp_file_extra/skp_notice/skp_category_declared)
2026-08-31 14:40:08,671 - E:\STangWork\PythonProjects\skp_parser\run_single.py - INFO - 删除旧数据: 文件 1 条, 项目 378 条, 特有信息 378 条, 通知 0 条, 分类声明 72 条
2026-08-31 15:01:26,608 - E:\STangWork\PythonProjects\skp_parser\run_single.py - INFO - 单文件处理: E:\STangWork\STangFiles\各省重点项目：2020年起\2023年重点项目\04重庆市2023年重点项目清单\2023年奉节县\奉节委办发〔2023〕1号附件.xlsx(上传 GoFast: False)
2026-08-31 15:01:31,798 - E:\STangWork\PythonProjects\skp_parser\util\db_util.py - INFO - 数据库连接池已创建: 127.0.0.1:3306/suidaobig
2026-08-31 15:01:31,998 - E:\STangWork\PythonProjects\skp_parser\util\db_util.py - INFO - 数据库表初始化完成(skp_file/skp_project/skp_file_extra/skp_notice/skp_category_declared)
2026-08-31 15:01:32,084 - E:\STangWork\PythonProjects\skp_parser\run_single.py - INFO - 删除旧数据: 文件 0 条, 项目 0 条, 特有信息 0 条, 通知 0 条, 分类声明 0 条
2026-08-31 15:34:53,768 - E:\STangWork\PythonProjects\skp_parser\run_single.py - INFO - 单文件处理: E:\STangWork\STangFiles\各省重点项目：2020年起\2023年重点项目\04重庆市2023年重点项目清单\2023年奉节县\奉节委办发〔2023〕1号附件.xlsx(上传 GoFast: False)
2026-08-31 15:34:53,789 - E:\STangWork\PythonProjects\skp_parser\util\db_util.py - INFO - 数据库连接池已创建: 127.0.0.1:3306/suidaobig
2026-08-31 15:34:53,926 - E:\STangWork\PythonProjects\skp_parser\util\db_util.py - INFO - 数据库表初始化完成(skp_file/skp_project/skp_file_extra/skp_notice/skp_category_declared)
2026-08-31 15:34:53,927 - E:\STangWork\PythonProjects\skp_parser\run_single.py - INFO - 删除旧数据: 文件 0 条, 项目 0 条, 特有信息 0 条, 通知 0 条, 分类声明 0 条
2026-08-31 16:09:05,769 - E:\STangWork\PythonProjects\skp_parser\main.py - WARNING - 分类校验[奉节委办发〔2023〕1号附件.xlsx] 县城管局: 标题声明 5 项,解析 10 项
2026-08-31 16:09:05,769 - E:\STangWork\PythonProjects\skp_parser\main.py - WARNING - 分类校验[奉节委办发〔2023〕1号附件.xlsx] 县文化旅游委: 标题声明 36 项,解析 35 项
2026-08-31 16:09:05,769 - E:\STangWork\PythonProjects\skp_parser\main.py - WARNING - 分类校验[奉节委办发〔2023〕1号附件.xlsx] 县教委: 标题声明 9 项,解析 13 项
2026-08-31 16:09:05,770 - E:\STangWork\PythonProjects\skp_parser\main.py - WARNING - 分类校验[奉节委办发〔2023〕1号附件.xlsx] 县科技局: 标题声明 4 项,解析 5 项
2026-08-31 16:09:05,770 - E:\STangWork\PythonProjects\skp_parser\main.py - WARNING - 分类校验[奉节委办发〔2023〕1号附件.xlsx] 县生态环境局: 标题声明 1 项,解析 2 项
2026-08-31 16:09:05,770 - E:\STangWork\PythonProjects\skp_parser\main.py - WARNING - 分类校验[奉节委办发〔2023〕1号附件.xlsx] 肖洪波: 标题声明 2 项,解析 1 项
2026-08-31 16:09:05,770 - E:\STangWork\PythonProjects\skp_parser\main.py - WARNING - 分类校验[奉节委办发〔2023〕1号附件.xlsx] 曹铁建: 标题声明 2 项,解析 1 项
2026-08-31 16:09:05,770 - E:\STangWork\PythonProjects\skp_parser\main.py - WARNING - 分类校验[奉节委办发〔2023〕1号附件.xlsx] 郑仕伟: 标题声明 2 项,解析 1 项
2026-08-31 16:09:05,788 - E:\STangWork\PythonProjects\skp_parser\main.py - WARNING - 通知信息解析失败 奉节委办发〔2023〕1号附件.xlsx: No /Root object! - Is this really a PDF?
2026-08-31 16:09:07,948 - E:\STangWork\PythonProjects\skp_parser\run_single.py - INFO - OK: 奉节委办发〔2023〕1号附件.xlsx (file_id=1038, 项目 390 条)
2026-08-31 16:09:07,949 - E:\STangWork\PythonProjects\skp_parser\util\db_util.py - INFO - 数据库连接池已关闭
2026-08-31 16:32:25,461 - E:\STangWork\PythonProjects\skp_parser\run_single.py - INFO - 单文件处理: E:\STangWork\STangFiles\各省重点项目：2020年起\2023年重点项目\19湖北省2023年重点项目清单\2023年黄冈市\2023年市级重点项目清单(0529).xlsx(上传 GoFast: False)
2026-08-31 16:32:25,493 - E:\STangWork\PythonProjects\skp_parser\util\db_util.py - INFO - 数据库连接池已创建: 127.0.0.1:3306/suidaobig
2026-08-31 16:32:25,793 - E:\STangWork\PythonProjects\skp_parser\util\db_util.py - INFO - 数据库表初始化完成(skp_file/skp_project/skp_file_extra/skp_notice/skp_category_declared)
2026-08-31 16:32:26,721 - E:\STangWork\PythonProjects\skp_parser\run_single.py - INFO - 删除旧数据: 文件 1 条, 项目 138 条, 特有信息 138 条, 通知 0 条, 分类声明 3 条
2026-08-31 16:32:26,829 - E:\STangWork\PythonProjects\skp_parser\main.py - WARNING - 分类校验[2023年市级重点项目清单(0529).xlsx] 新开工项目: 标题声明 73 项,解析 71 项
2026-08-31 16:32:26,829 - E:\STangWork\PythonProjects\skp_parser\main.py - WARNING - 分类校验[2023年市级重点项目清单(0529).xlsx] 前期推进项目: 标题声明 18 项,解析 20 项
2026-08-31 16:32:29,434 - E:\STangWork\PythonProjects\skp_parser\run_single.py - INFO - OK: 2023年市级重点项目清单(0529).xlsx (file_id=1039, 项目 142 条)
2026-08-31 16:32:29,434 - E:\STangWork\PythonProjects\skp_parser\util\db_util.py - INFO - 数据库连接池已关闭
2026-08-31 16:33:40,213 - E:\STangWork\PythonProjects\skp_parser\run_single.py - INFO - 单文件处理: E:\STangWork\STangFiles\各省重点项目：2020年起\2023年重点项目\19湖北省2023年重点项目清单\2023年黄冈市\2023年市级重点项目清单(0529).xlsx(上传 GoFast: False)
2026-08-31 16:33:40,217 - E:\STangWork\PythonProjects\skp_parser\util\db_util.py - INFO - 数据库连接池已创建: 127.0.0.1:3306/suidaobig
2026-08-31 16:33:40,394 - E:\STangWork\PythonProjects\skp_parser\util\db_util.py - INFO - 数据库表初始化完成(skp_file/skp_project/skp_file_extra/skp_notice/skp_category_declared)
2026-08-31 16:33:40,395 - E:\STangWork\PythonProjects\skp_parser\run_single.py - INFO - 删除旧数据: 文件 0 条, 项目 0 条, 特有信息 0 条, 通知 0 条, 分类声明 0 条
2026-08-31 16:33:40,397 - E:\STangWork\PythonProjects\skp_parser\run_single.py - WARNING - 跳过(已入库): 2023年市级重点项目清单(0529).xlsx
2026-08-31 16:33:40,397 - E:\STangWork\PythonProjects\skp_parser\util\db_util.py - INFO - 数据库连接池已关闭
2026-08-31 16:34:14,329 - E:\STangWork\PythonProjects\skp_parser\run_single.py - INFO - 单文件处理: E:\STangWork\STangFiles\各省重点项目：2020年起\2023年重点项目\19湖北省2023年重点项目清单\2023年黄冈市\2023年市级重点项目清单(0529).xlsx(上传 GoFast: False)
2026-08-31 16:34:14,346 - E:\STangWork\PythonProjects\skp_parser\util\db_util.py - INFO - 数据库连接池已创建: 127.0.0.1:3306/suidaobig
2026-08-31 16:34:14,474 - E:\STangWork\PythonProjects\skp_parser\util\db_util.py - INFO - 数据库表初始化完成(skp_file/skp_project/skp_file_extra/skp_notice/skp_category_declared)
2026-08-31 16:34:14,475 - E:\STangWork\PythonProjects\skp_parser\run_single.py - INFO - 删除旧数据: 文件 0 条, 项目 0 条, 特有信息 0 条, 通知 0 条, 分类声明 0 条
2026-08-31 16:35:10,406 - E:\STangWork\PythonProjects\skp_parser\run_single.py - INFO - 单文件处理: E:\STangWork\STangFiles\各省重点项目：2020年起\2023年重点项目\19湖北省2023年重点项目清单\2023年黄冈市\2023年市级重点项目清单(0529).xlsx(上传 GoFast: False)
2026-08-31 16:35:10,423 - E:\STangWork\PythonProjects\skp_parser\util\db_util.py - INFO - 数据库连接池已创建: 127.0.0.1:3306/suidaobig
2026-08-31 16:35:10,546 - E:\STangWork\PythonProjects\skp_parser\util\db_util.py - INFO - 数据库表初始化完成(skp_file/skp_project/skp_file_extra/skp_notice/skp_category_declared)
2026-08-31 16:35:10,597 - E:\STangWork\PythonProjects\skp_parser\run_single.py - INFO - 删除旧数据: 文件 0 条, 项目 0 条, 特有信息 0 条, 通知 0 条, 分类声明 0 条
2026-08-31 16:36:06,131 - E:\STangWork\PythonProjects\skp_parser\run_single.py - WARNING - 跳过(已入库): 2023年市级重点项目清单(0529).xlsx
2026-08-31 16:36:06,132 - E:\STangWork\PythonProjects\skp_parser\util\db_util.py - INFO - 数据库连接池已关闭
2026-08-31 16:37:23,231 - E:\STangWork\PythonProjects\skp_parser\run_single.py - INFO - 单文件处理: E:\STangWork\STangFiles\各省重点项目：2020年起\2023年重点项目\19湖北省2023年重点项目清单\2023年黄冈市\2023年市级重点项目清单(0529).xlsx(上传 GoFast: False)
2026-08-31 16:37:23,250 - E:\STangWork\PythonProjects\skp_parser\util\db_util.py - INFO - 数据库连接池已创建: 127.0.0.1:3306/suidaobig
2026-08-31 16:37:23,393 - E:\STangWork\PythonProjects\skp_parser\util\db_util.py - INFO - 数据库表初始化完成(skp_file/skp_project/skp_file_extra/skp_notice/skp_category_declared)
2026-08-31 16:37:23,396 - E:\STangWork\PythonProjects\skp_parser\run_single.py - INFO - 删除旧数据: 文件 0 条, 项目 0 条, 特有信息 0 条, 通知 0 条, 分类声明 0 条
2026-08-31 16:43:43,141 - E:\STangWork\PythonProjects\skp_parser\run_single.py - INFO - 单文件处理: E:\STangWork\STangFiles\各省重点项目：2020年起\2023年重点项目\19湖北省2023年重点项目清单\2023年黄冈市\2023年市级重点项目清单(0529).xlsx(上传 GoFast: False)
2026-08-31 16:43:43,158 - E:\STangWork\PythonProjects\skp_parser\util\db_util.py - INFO - 数据库连接池已创建: 127.0.0.1:3306/suidaobig
2026-08-31 16:43:43,294 - E:\STangWork\PythonProjects\skp_parser\util\db_util.py - INFO - 数据库表初始化完成(skp_file/skp_project/skp_file_extra/skp_notice/skp_category_declared)
2026-08-31 16:43:43,864 - E:\STangWork\PythonProjects\skp_parser\run_single.py - INFO - 删除旧数据: 文件 1 条, 项目 142 条, 特有信息 142 条, 通知 0 条, 分类声明 3 条
2026-08-31 17:03:17,245 - E:\STangWork\PythonProjects\skp_parser\main.py - WARNING - 分类校验[2023年市级重点项目清单(0529).xlsx] 新开工项目: 标题声明 73 项,解析 71 项
2026-08-31 17:03:17,245 - E:\STangWork\PythonProjects\skp_parser\main.py - WARNING - 分类校验[2023年市级重点项目清单(0529).xlsx] 前期推进项目: 标题声明 18 项,解析 20 项
2026-08-31 17:03:19,038 - E:\STangWork\PythonProjects\skp_parser\run_single.py - INFO - OK: 2023年市级重点项目清单(0529).xlsx (file_id=1040, 项目 142 条)
2026-08-31 17:03:19,039 - E:\STangWork\PythonProjects\skp_parser\util\db_util.py - INFO - 数据库连接池已关闭
2026-08-31 17:05:32,652 - E:\STangWork\PythonProjects\skp_parser\run_single.py - INFO - 单文件处理: E:\STangWork\STangFiles\各省重点项目：2020年起\2023年重点项目\19湖北省2023年重点项目清单\2023年黄冈市\2023年市级重点项目清单(0529).xlsx(上传 GoFast: False)
2026-08-31 17:05:32,661 - E:\STangWork\PythonProjects\skp_parser\util\db_util.py - INFO - 数据库连接池已创建: 127.0.0.1:3306/suidaobig
2026-08-31 17:05:32,840 - E:\STangWork\PythonProjects\skp_parser\util\db_util.py - INFO - 数据库表初始化完成(skp_file/skp_project/skp_file_extra/skp_notice/skp_category_declared)
2026-08-31 17:05:33,299 - E:\STangWork\PythonProjects\skp_parser\run_single.py - INFO - 删除旧数据: 文件 1 条, 项目 142 条, 特有信息 142 条, 通知 0 条, 分类声明 3 条
2026-08-31 17:05:33,420 - E:\STangWork\PythonProjects\skp_parser\main.py - WARNING - 分类校验[2023年市级重点项目清单(0529).xlsx] 续建项目: 标题声明 51 项,解析 0 项
2026-08-31 17:05:33,420 - E:\STangWork\PythonProjects\skp_parser\main.py - WARNING - 分类校验[2023年市级重点项目清单(0529).xlsx] 新开工项目: 标题声明 73 项,解析 0 项
2026-08-31 17:05:33,420 - E:\STangWork\PythonProjects\skp_parser\main.py - WARNING - 分类校验[2023年市级重点项目清单(0529).xlsx] 前期推进项目: 标题声明 18 项,解析 0 项
2026-08-31 17:05:36,053 - E:\STangWork\PythonProjects\skp_parser\run_single.py - INFO - OK: 2023年市级重点项目清单(0529).xlsx (file_id=1041, 项目 142 条)
2026-08-31 17:05:36,053 - E:\STangWork\PythonProjects\skp_parser\util\db_util.py - INFO - 数据库连接池已关闭
2026-08-31 17:08:55,518 - E:\STangWork\PythonProjects\skp_parser\run_single.py - INFO - 单文件处理: E:\STangWork\STangFiles\各省重点项目：2020年起\2022年重点项目\05广西自治区2022年重点项目清单\2022年桂林市\市政办〔2022〕7号附件1.xlsx(上传 GoFast: False)
2026-08-31 17:08:55,542 - E:\STangWork\PythonProjects\skp_parser\util\db_util.py - INFO - 数据库连接池已创建: 127.0.0.1:3306/suidaobig
2026-08-31 17:08:55,757 - E:\STangWork\PythonProjects\skp_parser\util\db_util.py - INFO - 数据库表初始化完成(skp_file/skp_project/skp_file_extra/skp_notice/skp_category_declared)
2026-08-31 17:08:57,172 - E:\STangWork\PythonProjects\skp_parser\run_single.py - INFO - 删除旧数据: 文件 1 条, 项目 270 条, 特有信息 239 条, 通知 0 条, 分类声明 0 条
2026-08-31 17:08:57,311 - E:\STangWork\PythonProjects\skp_parser\main.py - WARNING - 通知信息解析失败 市政办〔2022〕7号附件1.xlsx: No /Root object! - Is this really a PDF?
2026-08-31 17:08:59,827 - E:\STangWork\PythonProjects\skp_parser\run_single.py - INFO - OK: 市政办〔2022〕7号附件1.xlsx (file_id=1042, 项目 272 条)
2026-08-31 17:08:59,827 - E:\STangWork\PythonProjects\skp_parser\util\db_util.py - INFO - 数据库连接池已关闭
2026-08-31 17:10:11,798 - E:\STangWork\PythonProjects\skp_parser\run_single.py - INFO - 单文件处理: E:\STangWork\STangFiles\各省重点项目：2020年起\2022年重点项目\05广西自治区2022年重点项目清单\2022年桂林市\市政办〔2022〕7号附件1.xlsx(上传 GoFast: False)
2026-08-31 17:10:11,805 - E:\STangWork\PythonProjects\skp_parser\util\db_util.py - INFO - 数据库连接池已创建: 127.0.0.1:3306/suidaobig
2026-08-31 17:10:11,920 - E:\STangWork\PythonProjects\skp_parser\util\db_util.py - INFO - 数据库表初始化完成(skp_file/skp_project/skp_file_extra/skp_notice/skp_category_declared)
2026-08-31 17:10:12,240 - E:\STangWork\PythonProjects\skp_parser\run_single.py - INFO - 删除旧数据: 文件 1 条, 项目 272 条, 特有信息 241 条, 通知 0 条, 分类声明 0 条
2026-08-31 17:10:12,354 - E:\STangWork\PythonProjects\skp_parser\main.py - WARNING - 通知信息解析失败 市政办〔2022〕7号附件1.xlsx: No /Root object! - Is this really a PDF?
2026-08-31 17:10:14,602 - E:\STangWork\PythonProjects\skp_parser\run_single.py - INFO - OK: 市政办〔2022〕7号附件1.xlsx (file_id=1043, 项目 272 条)
2026-08-31 17:10:14,603 - E:\STangWork\PythonProjects\skp_parser\util\db_util.py - INFO - 数据库连接池已关闭
2026-08-31 17:10:32,809 - E:\STangWork\PythonProjects\skp_parser\run_single.py - INFO - 单文件处理: E:\STangWork\STangFiles\各省重点项目：2020年起\2022年重点项目\05广西自治区2022年重点项目清单\2022年桂林市\市政办〔2022〕7号附件1.xlsx(上传 GoFast: False)
2026-08-31 17:10:32,836 - E:\STangWork\PythonProjects\skp_parser\util\db_util.py - INFO - 数据库连接池已创建: 127.0.0.1:3306/suidaobig
2026-08-31 17:10:32,954 - E:\STangWork\PythonProjects\skp_parser\util\db_util.py - INFO - 数据库表初始化完成(skp_file/skp_project/skp_file_extra/skp_notice/skp_category_declared)
2026-08-31 17:10:33,047 - E:\STangWork\PythonProjects\skp_parser\run_single.py - INFO - 删除旧数据: 文件 1 条, 项目 272 条, 特有信息 241 条, 通知 0 条, 分类声明 0 条
2026-08-31 17:19:56,399 - E:\STangWork\PythonProjects\skp_parser\main.py - WARNING - 通知信息解析失败 市政办〔2022〕7号附件1.xlsx: No /Root object! - Is this really a PDF?
2026-08-31 17:19:57,235 - E:\STangWork\PythonProjects\skp_parser\run_single.py - INFO - OK: 市政办〔2022〕7号附件1.xlsx (file_id=1044, 项目 272 条)
2026-08-31 17:19:57,236 - E:\STangWork\PythonProjects\skp_parser\util\db_util.py - INFO - 数据库连接池已关闭
2026-08-31 17:20:51,317 - E:\STangWork\PythonProjects\skp_parser\run_single.py - INFO - 单文件处理: E:\STangWork\STangFiles\各省重点项目：2020年起\2022年重点项目\05广西自治区2022年重点项目清单\2022年桂林市\市政办〔2022〕7号附件1.xlsx(上传 GoFast: False)
2026-08-31 17:20:51,324 - E:\STangWork\PythonProjects\skp_parser\util\db_util.py - INFO - 数据库连接池已创建: 127.0.0.1:3306/suidaobig
2026-08-31 17:20:51,494 - E:\STangWork\PythonProjects\skp_parser\util\db_util.py - INFO - 数据库表初始化完成(skp_file/skp_project/skp_file_extra/skp_notice/skp_category_declared)
2026-08-31 17:20:51,650 - E:\STangWork\PythonProjects\skp_parser\run_single.py - INFO - 删除旧数据: 文件 1 条, 项目 272 条, 特有信息 241 条, 通知 0 条, 分类声明 0 条
2026-08-31 17:20:51,770 - E:\STangWork\PythonProjects\skp_parser\main.py - WARNING - 通知信息解析失败 市政办〔2022〕7号附件1.xlsx: No /Root object! - Is this really a PDF?
2026-08-31 17:20:59,935 - E:\STangWork\PythonProjects\skp_parser\run_single.py - INFO - OK: 市政办〔2022〕7号附件1.xlsx (file_id=1045, 项目 272 条)
2026-08-31 17:20:59,937 - E:\STangWork\PythonProjects\skp_parser\util\db_util.py - INFO - 数据库连接池已关闭
2026-08-31 17:21:15,517 - E:\STangWork\PythonProjects\skp_parser\run_single.py - INFO - 单文件处理: E:\STangWork\STangFiles\各省重点项目：2020年起\2022年重点项目\05广西自治区2022年重点项目清单\2022年桂林市\市政办〔2022〕7号附件1.xlsx(上传 GoFast: False)
2026-08-31 17:21:15,535 - E:\STangWork\PythonProjects\skp_parser\util\db_util.py - INFO - 数据库连接池已创建: 127.0.0.1:3306/suidaobig
2026-08-31 17:21:15,671 - E:\STangWork\PythonProjects\skp_parser\util\db_util.py - INFO - 数据库表初始化完成(skp_file/skp_project/skp_file_extra/skp_notice/skp_category_declared)
2026-08-31 17:21:15,775 - E:\STangWork\PythonProjects\skp_parser\run_single.py - INFO - 删除旧数据: 文件 1 条, 项目 272 条, 特有信息 241 条, 通知 0 条, 分类声明 0 条
2026-08-31 17:24:16,133 - E:\STangWork\PythonProjects\skp_parser\main.py - WARNING - 通知信息解析失败 市政办〔2022〕7号附件1.xlsx: No /Root object! - Is this really a PDF?
2026-08-31 17:24:17,052 - E:\STangWork\PythonProjects\skp_parser\run_single.py - INFO - OK: 市政办〔2022〕7号附件1.xlsx (file_id=1046, 项目 272 条)
2026-08-31 17:24:17,052 - E:\STangWork\PythonProjects\skp_parser\util\db_util.py - INFO - 数据库连接池已关闭
2026-08-31 17:24:30,481 - E:\STangWork\PythonProjects\skp_parser\run_single.py - INFO - 单文件处理: E:\STangWork\STangFiles\各省重点项目：2020年起\2022年重点项目\05广西自治区2022年重点项目清单\2022年桂林市\市政办〔2022〕7号附件1.xlsx(上传 GoFast: False)
2026-08-31 17:24:30,489 - E:\STangWork\PythonProjects\skp_parser\util\db_util.py - INFO - 数据库连接池已创建: 127.0.0.1:3306/suidaobig
2026-08-31 17:24:30,696 - E:\STangWork\PythonProjects\skp_parser\util\db_util.py - INFO - 数据库表初始化完成(skp_file/skp_project/skp_file_extra/skp_notice/skp_category_declared)
2026-08-31 17:24:30,897 - E:\STangWork\PythonProjects\skp_parser\run_single.py - INFO - 删除旧数据: 文件 1 条, 项目 272 条, 特有信息 241 条, 通知 0 条, 分类声明 0 条
2026-08-31 17:24:31,160 - E:\STangWork\PythonProjects\skp_parser\main.py - WARNING - 通知信息解析失败 市政办〔2022〕7号附件1.xlsx: No /Root object! - Is this really a PDF?
2026-08-31 17:24:34,706 - E:\STangWork\PythonProjects\skp_parser\run_single.py - INFO - OK: 市政办〔2022〕7号附件1.xlsx (file_id=1047, 项目 272 条)
2026-08-31 17:24:34,707 - E:\STangWork\PythonProjects\skp_parser\util\db_util.py - INFO - 数据库连接池已关闭
2026-08-31 17:24:44,602 - E:\STangWork\PythonProjects\skp_parser\run_single.py - INFO - 单文件处理: E:\STangWork\STangFiles\各省重点项目：2020年起\2022年重点项目\05广西自治区2022年重点项目清单\2022年桂林市\市政办〔2022〕7号附件1.xlsx(上传 GoFast: False)
2026-08-31 17:24:44,623 - E:\STangWork\PythonProjects\skp_parser\util\db_util.py - INFO - 数据库连接池已创建: 127.0.0.1:3306/suidaobig
2026-08-31 17:24:44,767 - E:\STangWork\PythonProjects\skp_parser\util\db_util.py - INFO - 数据库表初始化完成(skp_file/skp_project/skp_file_extra/skp_notice/skp_category_declared)
2026-08-31 17:24:44,877 - E:\STangWork\PythonProjects\skp_parser\run_single.py - INFO - 删除旧数据: 文件 1 条, 项目 272 条, 特有信息 241 条, 通知 0 条, 分类声明 0 条
2026-08-31 17:42:49,604 - E:\STangWork\PythonProjects\skp_parser\parser\xlsx_parser.py - WARNING - E:\STangWork\STangFiles\各省重点项目：2020年起\2023年重点项目\29四川省2023年重点项目清单\2023年内江市\2023年城区市重点项目情况表.xlsx[Sheet1]: 前 20 行未找到表头,跳过
2026-08-31 17:43:01,160 - E:\STangWork\PythonProjects\skp_parser\run_single.py - INFO - 单文件处理: E:\STangWork\STangFiles\各省重点项目：2020年起\2022年重点项目\05广西自治区2022年重点项目清单\2022年桂林市\市政办〔2022〕7号附件1.xlsx(上传 GoFast: False)
2026-08-31 17:43:01,169 - E:\STangWork\PythonProjects\skp_parser\util\db_util.py - INFO - 数据库连接池已创建: 127.0.0.1:3306/suidaobig
2026-08-31 17:43:01,366 - E:\STangWork\PythonProjects\skp_parser\util\db_util.py - INFO - 数据库表初始化完成(skp_file/skp_project/skp_file_extra/skp_notice/skp_category_declared)
2026-08-31 17:43:01,391 - E:\STangWork\PythonProjects\skp_parser\run_single.py - INFO - 删除旧数据: 文件 0 条, 项目 0 条, 特有信息 0 条, 通知 0 条, 分类声明 0 条
2026-08-31 17:43:01,503 - E:\STangWork\PythonProjects\skp_parser\main.py - WARNING - 通知信息解析失败 市政办〔2022〕7号附件1.xlsx: No /Root object! - Is this really a PDF?
2026-08-31 17:43:02,853 - E:\STangWork\PythonProjects\skp_parser\run_single.py - INFO - OK: 市政办〔2022〕7号附件1.xlsx (file_id=1048, 项目 242 条)
2026-08-31 17:43:02,853 - E:\STangWork\PythonProjects\skp_parser\util\db_util.py - INFO - 数据库连接池已关闭
2026-08-31 17:43:10,168 - E:\STangWork\PythonProjects\skp_parser\util\db_util.py - INFO - 数据库连接池已创建: 127.0.0.1:3306/suidaobig
2026-08-31 17:43:10,172 - E:\STangWork\PythonProjects\skp_parser\util\db_util.py - INFO - 数据库连接池已关闭
2026-08-31 17:54:36,860 - E:\STangWork\PythonProjects\skp_parser\run_single.py - INFO - 单文件处理: E:\STangWork\STangFiles\各省重点项目：2020年起\2022年重点项目\05广西自治区2022年重点项目清单\2022年桂林市\市政办〔2022〕7号附件1.xlsx(上传 GoFast: False)
2026-08-31 17:54:36,870 - E:\STangWork\PythonProjects\skp_parser\util\db_util.py - INFO - 数据库连接池已创建: 127.0.0.1:3306/suidaobig
2026-08-31 17:54:37,052 - E:\STangWork\PythonProjects\skp_parser\util\db_util.py - INFO - 数据库表初始化完成(skp_file/skp_project/skp_file_extra/skp_notice/skp_category_declared)
2026-08-31 17:54:37,744 - E:\STangWork\PythonProjects\skp_parser\run_single.py - INFO - 删除旧数据: 文件 1 条, 项目 242 条, 特有信息 241 条, 通知 0 条, 分类声明 0 条
2026-08-31 17:54:37,884 - E:\STangWork\PythonProjects\skp_parser\main.py - WARNING - 通知信息解析失败 市政办〔2022〕7号附件1.xlsx: No /Root object! - Is this really a PDF?
2026-08-31 17:54:41,541 - E:\STangWork\PythonProjects\skp_parser\run_single.py - INFO - OK: 市政办〔2022〕7号附件1.xlsx (file_id=1049, 项目 242 条)
2026-08-31 17:54:41,542 - E:\STangWork\PythonProjects\skp_parser\util\db_util.py - INFO - 数据库连接池已关闭
2026-08-31 17:55:09,110 - E:\STangWork\PythonProjects\skp_parser\run_single.py - INFO - 单文件处理: E:\STangWork\STangFiles\各省重点项目：2020年起\2022年重点项目\05广西自治区2022年重点项目清单\2022年桂林市\市政办〔2022〕7号附件2.xlsx(上传 GoFast: False)
2026-08-31 17:55:09,137 - E:\STangWork\PythonProjects\skp_parser\util\db_util.py - INFO - 数据库连接池已创建: 127.0.0.1:3306/suidaobig
2026-08-31 17:55:09,348 - E:\STangWork\PythonProjects\skp_parser\util\db_util.py - INFO - 数据库表初始化完成(skp_file/skp_project/skp_file_extra/skp_notice/skp_category_declared)
2026-08-31 17:55:10,456 - E:\STangWork\PythonProjects\skp_parser\run_single.py - INFO - 删除旧数据: 文件 1 条, 项目 214 条, 特有信息 184 条, 通知 0 条, 分类声明 0 条
2026-08-31 17:55:10,597 - E:\STangWork\PythonProjects\skp_parser\main.py - WARNING - 通知信息解析失败 市政办〔2022〕7号附件2.xlsx: No /Root object! - Is this really a PDF?
2026-08-31 17:55:13,198 - E:\STangWork\PythonProjects\skp_parser\run_single.py - INFO - OK: 市政办〔2022〕7号附件2.xlsx (file_id=1050, 项目 186 条)
2026-08-31 17:55:13,198 - E:\STangWork\PythonProjects\skp_parser\util\db_util.py - INFO - 数据库连接池已关闭
2026-08-31 17:55:29,564 - E:\STangWork\PythonProjects\skp_parser\run_single.py - INFO - 单文件处理: E:\STangWork\STangFiles\各省重点项目：2020年起\2022年重点项目\05广西自治区2022年重点项目清单\2022年桂林市\市政办〔2022〕7号附件3.xlsx(上传 GoFast: False)
2026-08-31 17:55:29,595 - E:\STangWork\PythonProjects\skp_parser\util\db_util.py - INFO - 数据库连接池已创建: 127.0.0.1:3306/suidaobig
2026-08-31 17:55:29,771 - E:\STangWork\PythonProjects\skp_parser\util\db_util.py - INFO - 数据库表初始化完成(skp_file/skp_project/skp_file_extra/skp_notice/skp_category_declared)
2026-08-31 17:55:31,231 - E:\STangWork\PythonProjects\skp_parser\run_single.py - INFO - 删除旧数据: 文件 1 条, 项目 543 条, 特有信息 508 条, 通知 0 条, 分类声明 0 条
2026-08-31 17:55:31,493 - E:\STangWork\PythonProjects\skp_parser\main.py - WARNING - 通知信息解析失败 市政办〔2022〕7号附件3.xlsx: No /Root object! - Is this really a PDF?
2026-08-31 17:55:37,651 - E:\STangWork\PythonProjects\skp_parser\run_single.py - INFO - OK: 市政办〔2022〕7号附件3.xlsx (file_id=1051, 项目 511 条)
2026-08-31 17:55:37,651 - E:\STangWork\PythonProjects\skp_parser\util\db_util.py - INFO - 数据库连接池已关闭
2026-08-31 17:55:39,827 - E:\STangWork\PythonProjects\skp_parser\run_single.py - INFO - 单文件处理: E:\STangWork\STangFiles\各省重点项目：2020年起\2022年重点项目\05广西自治区2022年重点项目清单\2022年桂林市\市政办〔2022〕7号附件4.xlsx(上传 GoFast: False)
2026-08-31 17:55:39,836 - E:\STangWork\PythonProjects\skp_parser\util\db_util.py - INFO - 数据库连接池已创建: 127.0.0.1:3306/suidaobig
2026-08-31 17:55:40,230 - E:\STangWork\PythonProjects\skp_parser\util\db_util.py - INFO - 数据库表初始化完成(skp_file/skp_project/skp_file_extra/skp_notice/skp_category_declared)
2026-08-31 17:55:40,639 - E:\STangWork\PythonProjects\skp_parser\run_single.py - INFO - 删除旧数据: 文件 1 条, 项目 133 条, 特有信息 110 条, 通知 0 条, 分类声明 0 条
2026-08-31 17:55:40,725 - E:\STangWork\PythonProjects\skp_parser\main.py - WARNING - 通知信息解析失败 市政办〔2022〕7号附件4.xlsx: No /Root object! - Is this really a PDF?
2026-08-31 17:55:42,100 - E:\STangWork\PythonProjects\skp_parser\run_single.py - INFO - OK: 市政办〔2022〕7号附件4.xlsx (file_id=1052, 项目 112 条)
2026-08-31 17:55:42,100 - E:\STangWork\PythonProjects\skp_parser\util\db_util.py - INFO - 数据库连接池已关闭
2026-08-31 17:57:23,174 - E:\STangWork\PythonProjects\skp_parser\run_single.py - INFO - 单文件处理: E:\STangWork\STangFiles\各省重点项目：2020年起\2021年重点项目\13广东省2021年重点项目清单\广东省2021年重点项目计划表.xlsx(上传 GoFast: False)
2026-08-31 17:57:23,211 - E:\STangWork\PythonProjects\skp_parser\util\db_util.py - INFO - 数据库连接池已创建: 127.0.0.1:3306/suidaobig
2026-08-31 17:57:23,389 - E:\STangWork\PythonProjects\skp_parser\util\db_util.py - INFO - 数据库表初始化完成(skp_file/skp_project/skp_file_extra/skp_notice/skp_category_declared)
2026-08-31 17:57:26,873 - E:\STangWork\PythonProjects\skp_parser\run_single.py - INFO - 删除旧数据: 文件 1 条, 项目 4676 条, 特有信息 3407 条, 通知 0 条, 分类声明 0 条
2026-08-31 17:58:14,265 - E:\STangWork\PythonProjects\skp_parser\run_single.py - INFO - OK: 广东省2021年重点项目计划表.xlsx (file_id=1053, 项目 4674 条)
2026-08-31 17:58:14,265 - E:\STangWork\PythonProjects\skp_parser\util\db_util.py - INFO - 数据库连接池已关闭
