2026-08-27 15:33:03,676 - E:\STangWork\PythonProjects\skp_parser\util\db_util.py - INFO - 数据库连接池已创建: 127.0.0.1:3306/suidaobig
2026-08-27 15:33:14,965 - <stdin> - INFO - 全量开始: 63 个文件
2026-08-27 15:33:17,814 - E:\STangWork\PythonProjects\skp_parser\main.py - WARNING - 分类校验[北京市2020年重点工程计划.pdf] 国铁-城市道路: 标题声明 16 项,解析 36 项
2026-08-27 15:33:17,814 - E:\STangWork\PythonProjects\skp_parser\main.py - WARNING - 分类校验[北京市2020年重点工程计划.pdf] 国铁-水务工程: 标题声明 11 项,解析 17 项
2026-08-27 15:33:17,814 - E:\STangWork\PythonProjects\skp_parser\main.py - WARNING - 分类校验[北京市2020年重点工程计划.pdf] 民生改善项目: 标题声明 100 项,解析 0 项
2026-08-27 15:33:17,881 - E:\STangWork\PythonProjects\skp_parser\main.py - WARNING - 分类校验[北京市2020年重点工程计划.pdf] 民生改善项目-绿化: 标题声明 13 项,解析 40 项
2026-08-27 15:33:17,881 - E:\STangWork\PythonProjects\skp_parser\main.py - WARNING - 分类校验[北京市2020年重点工程计划.pdf] 民生改善项目-先进制造业: 标题声明 40 项,解析 68 项
2026-08-27 15:33:18,927 - <stdin> - INFO - [ok] 北京市2020年重点工程计划.pdf | 300 | 
2026-08-27 15:33:18,993 - E:\STangWork\PythonProjects\skp_parser\main.py - WARNING - 分类校验[北京市2020年重点工程计划.xlsx] 基础设施项目: 标题声明 100 项,解析 0 项
2026-08-27 15:33:18,993 - E:\STangWork\PythonProjects\skp_parser\main.py - WARNING - 分类校验[北京市2020年重点工程计划.xlsx] 基础设施项目-市郊铁路: 标题声明 5 项,解析 6 项
2026-08-27 15:33:18,993 - E:\STangWork\PythonProjects\skp_parser\main.py - WARNING - 分类校验[北京市2020年重点工程计划.xlsx] 基础设施项目-轨道交通: 标题声明 16 项,解析 17 项
2026-08-27 15:33:18,993 - E:\STangWork\PythonProjects\skp_parser\main.py - WARNING - 分类校验[北京市2020年重点工程计划.xlsx] 基础设施项目-公路: 标题声明 12 项,解析 13 项
2026-08-27 15:33:18,993 - E:\STangWork\PythonProjects\skp_parser\main.py - WARNING - 分类校验[北京市2020年重点工程计划.xlsx] 基础设施项目-城市道路: 标题声明 16 项,解析 17 项
2026-08-27 15:33:18,993 - E:\STangWork\PythonProjects\skp_parser\main.py - WARNING - 分类校验[北京市2020年重点工程计划.xlsx] 基础设施项目-交通基础设施配套: 标题声明 20 项,解析 21 项
2026-08-27 15:33:18,993 - E:\STangWork\PythonProjects\skp_parser\main.py - WARNING - 分类校验[北京市2020年重点工程计划.xlsx] 基础设施项目-能源设施: 标题声明 7 项,解析 8 项
2026-08-27 15:33:18,993 - E:\STangWork\PythonProjects\skp_parser\main.py - WARNING - 分类校验[北京市2020年重点工程计划.xlsx] 基础设施项目-水务工程: 标题声明 11 项,解析 12 项
2026-08-27 15:33:18,994 - E:\STangWork\PythonProjects\skp_parser\main.py - WARNING - 分类校验[北京市2020年重点工程计划.xlsx] 基础设施项目-固液态废物处理设施: 标题声明 6 项,解析 7 项
2026-08-27 15:33:18,994 - E:\STangWork\PythonProjects\skp_parser\main.py - WARNING - 分类校验[北京市2020年重点工程计划.xlsx] 民生改善项目: 标题声明 100 项,解析 0 项
2026-08-27 15:33:18,994 - E:\STangWork\PythonProjects\skp_parser\main.py - WARNING - 分类校验[北京市2020年重点工程计划.xlsx] 民生改善项目-政策性住房: 标题声明 6 项,解析 7 项
2026-08-27 15:33:18,994 - E:\STangWork\PythonProjects\skp_parser\main.py - WARNING - 分类校验[北京市2020年重点工程计划.xlsx] 民生改善项目-教育: 标题声明 22 项,解析 23 项
2026-08-27 15:33:18,994 - E:\STangWork\PythonProjects\skp_parser\main.py - WARNING - 分类校验[北京市2020年重点工程计划.xlsx] 民生改善项目-医疗: 标题声明 22 项,解析 23 项
2026-08-27 15:33:18,994 - E:\STangWork\PythonProjects\skp_parser\main.py - WARNING - 分类校验[北京市2020年重点工程计划.xlsx] 民生改善项目-养老: 标题声明 5 项,解析 6 项
2026-08-27 15:33:18,994 - E:\STangWork\PythonProjects\skp_parser\main.py - WARNING - 分类校验[北京市2020年重点工程计划.xlsx] 民生改善项目-文化: 标题声明 10 项,解析 11 项
2026-08-27 15:33:18,994 - E:\STangWork\PythonProjects\skp_parser\main.py - WARNING - 分类校验[北京市2020年重点工程计划.xlsx] 民生改善项目-体育: 标题声明 13 项,解析 14 项
2026-08-27 15:33:18,994 - E:\STangWork\PythonProjects\skp_parser\main.py - WARNING - 分类校验[北京市2020年重点工程计划.xlsx] 民生改善项目-绿化: 标题声明 13 项,解析 14 项
2026-08-27 15:33:18,994 - E:\STangWork\PythonProjects\skp_parser\main.py - WARNING - 分类校验[北京市2020年重点工程计划.xlsx] 民生改善项目-城市更新及便民服务: 标题声明 9 项,解析 10 项
2026-08-27 15:33:18,994 - E:\STangWork\PythonProjects\skp_parser\main.py - WARNING - 分类校验[北京市2020年重点工程计划.xlsx] 高精尖产业项目: 标题声明 100 项,解析 0 项
2026-08-27 15:33:18,994 - E:\STangWork\PythonProjects\skp_parser\main.py - WARNING - 分类校验[北京市2020年重点工程计划.xlsx] 高精尖产业项目-交叉研究平台及大科学装置: 标题声明 18 项,解析 19 项
2026-08-27 15:33:18,994 - E:\STangWork\PythonProjects\skp_parser\main.py - WARNING - 分类校验[北京市2020年重点工程计划.xlsx] 高精尖产业项目-先进制造业: 标题声明 40 项,解析 41 项
2026-08-27 15:33:18,995 - E:\STangWork\PythonProjects\skp_parser\main.py - WARNING - 分类校验[北京市2020年重点工程计划.xlsx] 高精尖产业项目-服务业扩大开放: 标题声明 28 项,解析 29 项
2026-08-27 15:33:18,995 - E:\STangWork\PythonProjects\skp_parser\main.py - WARNING - 分类校验[北京市2020年重点工程计划.xlsx] 高精尖产业项目-文化旅游: 标题声明 14 项,解析 15 项
2026-08-27 15:33:19,753 - <stdin> - INFO - [ok] 北京市2020年重点工程计划.xlsx | 320 | 
2026-08-27 15:33:27,577 - E:\STangWork\PythonProjects\skp_parser\parser\pdf_parser.py - WARNING - E:\STangWork\STangFiles\各省重点项目：2020年起\2020年重点项目\2020年各省市重点项目清单汇总：51.63万亿\01北京市2020年重点项目清单\北京市2020重点工程项目.pdf: 表格提取仅 21 条(疑似单元格截断),改用列式提取
2026-08-27 15:33:32,815 - E:\STangWork\PythonProjects\skp_parser\main.py - WARNING - 分类校验[北京市2020重点工程项目.pdf] 基础设施项目: 标题声明 100 项,解析 0 项
2026-08-27 15:33:32,815 - E:\STangWork\PythonProjects\skp_parser\main.py - WARNING - 分类校验[北京市2020重点工程项目.pdf] 基础设施项目-国铁: 标题声明 7 项,解析 0 项
2026-08-27 15:33:32,815 - E:\STangWork\PythonProjects\skp_parser\main.py - WARNING - 分类校验[北京市2020重点工程项目.pdf] 基础设施项目-市郊铁路: 标题声明 5 项,解析 300 项
2026-08-27 15:33:33,713 - <stdin> - INFO - [ok] 北京市2020重点工程项目.pdf | 300 | 
2026-08-27 15:33:33,757 - E:\STangWork\PythonProjects\skp_parser\main.py - WARNING - 分类校验[上海市2020重点工程项目.xls] 科创中心-现代服务业: 标题声明 9 项,解析 10 项
2026-08-27 15:33:33,757 - E:\STangWork\PythonProjects\skp_parser\main.py - WARNING - 分类校验[上海市2020重点工程项目.xls] 科创中心-文化体育: 标题声明 7 项,解析 21 项
2026-08-27 15:33:33,757 - E:\STangWork\PythonProjects\skp_parser\main.py - WARNING - 分类校验[上海市2020重点工程项目.xls] 科创中心-城市安全: 标题声明 6 项,解析 23 项
2026-08-27 15:33:34,143 - <stdin> - INFO - [ok] 上海市2020重点工程项目.xls | 217 | 
2026-08-27 15:33:37,481 - <stdin> - INFO - [ok] 天津市2020年重点储备项目清单.pdf | 304 | 
2026-08-27 15:33:41,143 - <stdin> - INFO - [ok] 天津市2020年重点建设项目清单.pdf | 346 | 
2026-08-27 15:33:41,205 - E:\STangWork\PythonProjects\skp_parser\parser\xlsx_parser.py - WARNING - E:\STangWork\STangFiles\各省重点项目：2020年起\2020年重点项目\2020年各省市重点项目清单汇总：51.63万亿\04重庆市2020年重点项目清单\重庆2020重大基础设施项目清单.xlsx[Sheet1]: 前 20 行未找到表头,跳过
2026-08-27 15:33:43,356 - <stdin> - INFO - [ok] 重庆2020重大基础设施项目清单.xlsx | 1185 | 
2026-08-27 15:33:43,454 - E:\STangWork\PythonProjects\skp_parser\main.py - WARNING - 分类校验[2020年内蒙古自治区重点经济合作项目.xlsx] 基础设施: 标题声明 21 项,解析 16 项
2026-08-27 15:33:43,928 - <stdin> - INFO - [ok] 2020年内蒙古自治区重点经济合作项目.xlsx | 193 | 
2026-08-27 15:33:44,739 - <stdin> - INFO - [ok] 广西-重大项目（新开工）.xls | 134 | 
2026-08-27 15:33:45,308 - <stdin> - INFO - [ok] 广西-重大项目（竣工投产）.xls | 139 | 
2026-08-27 15:33:48,391 - <stdin> - INFO - [ok] 广西-重大项目（续建）.xls | 716 | 
2026-08-27 15:33:48,784 - <stdin> - INFO - [ok] 广西-重大项目（预备）.xls | 128 | 
2026-08-27 15:33:49,052 - <stdin> - INFO - [ok] 附件1： 2020年第二批自治区层面统筹推进重大项目（新开工）进度目标责任表.xls.xls | 146 | 
2026-08-27 15:33:49,281 - <stdin> - INFO - [ok] 附件2：2020年第二批自治区层面统筹推进重大项目（续建）进度目标责任表.xls.xls | 80 | 
2026-08-27 15:33:49,454 - <stdin> - INFO - [ok] 附件3：2020年第二批自治区层面统筹推进重大项目（竣工投产）进度目标责任表.xls.xls | 22 | 
2026-08-27 15:33:50,323 - <stdin> - INFO - [ok] 附件4： 2020年第二批自治区层面统筹推进重大项目（预备）进度目标责任表.xls.xls | 155 | 
2026-08-27 15:33:51,280 - <stdin> - INFO - [ok] 附件1： 2020年第二批自治区层面统筹推进重大项目（新开工）进度目标责任表.xls | 146 | 
2026-08-27 15:33:51,292 - <stdin> - INFO - [skipped_existing] 附件2：2020年第二批自治区层面统筹推进重大项目（续建）进度目标责任表.xls | 0 | 
2026-08-27 15:33:51,300 - <stdin> - INFO - [skipped_existing] 附件3：2020年第二批自治区层面统筹推进重大项目（竣工投产）进度目标责任表.xls | 0 | 
2026-08-27 15:33:51,348 - <stdin> - INFO - [skipped_existing] 附件4： 2020年第二批自治区层面统筹推进重大项目（预备）进度目标责任表.xls | 0 | 
2026-08-27 15:33:51,797 - <stdin> - INFO - [ok] 附件1：2020年第三批自治区层面统筹推进重大项目（新开工）进度目标责任表 .xls.xls | 115 | 
2026-08-27 15:33:52,180 - <stdin> - INFO - [ok] 附件2：2020年第三批自治区层面统筹推进重大项目（预备）进度目标责任表 .xls.xls | 386 | 
2026-08-27 15:33:52,421 - E:\STangWork\PythonProjects\skp_parser\parser\pdf_parser.py - WARNING - E:\STangWork\STangFiles\各省重点项目：2020年起\2020年重点项目\2020年各省市重点项目清单汇总：51.63万亿\06广西自治区2020年重点工程项目清单\第4批\广西壮族自治区重大项目建设推进领导小组办公室关于下达2020年第四批自治区层面统筹推进重大项目计划的通知.pdf: 列式提取仅 1 条,改用文本兜底
2026-08-27 15:33:53,325 - <stdin> - INFO - [ok] 广西壮族自治区重大项目建设推进领导小组办公室关于下达2020年第四批自治区层面统筹推进重大项目计划的通知.pdf | 0 | 
2026-08-27 15:33:53,776 - <stdin> - INFO - [ok] 附件1：2020年第四批自治区层面统筹推进重大项目（新开工）进度目标责任表.xls.xls | 22 | 
2026-08-27 15:33:54,495 - <stdin> - INFO - [ok] 附件2：2020年第四批自治区层面统筹推进重大项目（预备）进度目标责任表.xls | 184 | 
2026-08-27 15:35:56,361 - E:\STangWork\PythonProjects\skp_parser\main.py - WARNING - 分类校验[2020年宁夏全区重大项目清单（最新）.xlsx] 工业: 标题声明 321 项,解析 0 项
2026-08-27 15:35:56,361 - E:\STangWork\PythonProjects\skp_parser\main.py - WARNING - 分类校验[2020年宁夏全区重大项目清单（最新）.xlsx] 现代服务业: 标题声明 153 项,解析 0 项
2026-08-27 15:35:56,361 - E:\STangWork\PythonProjects\skp_parser\main.py - WARNING - 分类校验[2020年宁夏全区重大项目清单（最新）.xlsx] 现代服务业-续建项目: 标题声明 82 项,解析 81 项
2026-08-27 15:35:56,361 - E:\STangWork\PythonProjects\skp_parser\main.py - WARNING - 分类校验[2020年宁夏全区重大项目清单（最新）.xlsx] 现代农业: 标题声明 40 项,解析 0 项
2026-08-27 15:35:56,361 - E:\STangWork\PythonProjects\skp_parser\main.py - WARNING - 分类校验[2020年宁夏全区重大项目清单（最新）.xlsx] 交通基础设施: 标题声明 32 项,解析 0 项
2026-08-27 15:35:56,361 - E:\STangWork\PythonProjects\skp_parser\main.py - WARNING - 分类校验[2020年宁夏全区重大项目清单（最新）.xlsx] 农林水利基础设施: 标题声明 46 项,解析 0 项
2026-08-27 15:35:56,361 - E:\STangWork\PythonProjects\skp_parser\main.py - WARNING - 分类校验[2020年宁夏全区重大项目清单（最新）.xlsx] 社会公共服务: 标题声明 62 项,解析 0 项
2026-08-27 15:35:56,361 - E:\STangWork\PythonProjects\skp_parser\main.py - WARNING - 分类校验[2020年宁夏全区重大项目清单（最新）.xlsx] 市政基础设施: 标题声明 82 项,解析 0 项
2026-08-27 15:35:56,361 - E:\STangWork\PythonProjects\skp_parser\main.py - WARNING - 分类校验[2020年宁夏全区重大项目清单（最新）.xlsx] 生态环保: 标题声明 53 项,解析 0 项
2026-08-27 15:35:56,361 - E:\STangWork\PythonProjects\skp_parser\main.py - WARNING - 分类校验[2020年宁夏全区重大项目清单（最新）.xlsx] 公共安全: 标题声明 14 项,解析 0 项
2026-08-27 15:36:02,461 - <stdin> - INFO - [ok] 2020年宁夏全区重大项目清单（最新）.xlsx | 830 | 
2026-08-27 15:36:04,365 - E:\STangWork\PythonProjects\skp_parser\main.py - WARNING - 分类校验[2020年宁夏自治区重点项目投资计划.xlsx] 重大产业项目: 标题声明 43 项,解析 0 项
2026-08-27 15:36:04,365 - E:\STangWork\PythonProjects\skp_parser\main.py - WARNING - 分类校验[2020年宁夏自治区重点项目投资计划.xlsx] 重大基础设施项目: 标题声明 21 项,解析 0 项
2026-08-27 15:36:04,365 - E:\STangWork\PythonProjects\skp_parser\main.py - WARNING - 分类校验[2020年宁夏自治区重点项目投资计划.xlsx] 民生及社会事业项目: 标题声明 16 项,解析 0 项
2026-08-27 15:36:04,661 - <stdin> - INFO - [ok] 2020年宁夏自治区重点项目投资计划.xlsx | 172 | 
2026-08-27 15:36:04,688 - E:\STangWork\PythonProjects\skp_parser\parser\xls_parser.py - WARNING - E:\STangWork\STangFiles\各省重点项目：2020年起\2020年重点项目\2020年各省市重点项目清单汇总：51.63万亿\08新疆自治区2020年重点项目清单\新疆.xls[Sheet1]: 前 20 行未找到表头,跳过
2026-08-27 15:36:04,819 - <stdin> - INFO - [ok] 新疆.xls | 0 | 
2026-08-27 15:36:12,911 - <stdin> - INFO - [ok] 安徽省2020年重点项目清单.xls | 14132 | 
2026-08-27 15:36:14,332 - <stdin> - INFO - [ok] 附件：2020年度福建省重点项目名单(1567个).docx | 1566 | 
2026-08-27 15:37:05,956 - <stdin> - INFO - [ok] 广东省2020重点项目.pdf | 2411 | 
2026-08-27 15:37:06,759 - <stdin> - INFO - [ok] 海南省2020年重点项目投资计划.xls | 313 | 
2026-08-27 15:37:06,914 - <stdin> - INFO - [ok] 海南省2020年重点预备项目投资计划.xlsx | 58 | 
2026-08-27 15:37:10,201 - <stdin> - INFO - [ok] 河南省2020重点工程项目.xls | 1960 | 
2026-08-27 15:37:14,315 - <stdin> - INFO - [ok] 附件：2020年河南省重点建设项目名单.xls.xls | 980 | 
2026-08-27 15:37:14,580 - <stdin> - INFO - [ok] 2020年河北省第二批省重点项目计划.docx | 204 | 
2026-08-27 15:38:43,961 - <stdin> - INFO - [ok] 关于印发2020年河北省重点项目计划的通知及附件.pdf | 464 | 
2026-08-27 15:38:45,653 - E:\STangWork\PythonProjects\skp_parser\parser\pdf_parser.py - WARNING - E:\STangWork\STangFiles\各省重点项目：2020年起\2020年重点项目\2020年各省市重点项目清单汇总：51.63万亿\19湖北省2020年重点项目清单\湖北省2019年省级重点建设计划.pdf: 表格提取仅 5 条(疑似单元格截断),改用列式提取
2026-08-27 15:38:47,375 - E:\STangWork\PythonProjects\skp_parser\main.py - WARNING - 分类校验[湖北省2019年省级重点建设计划.pdf] 先进制造业: 标题声明 117 项,解析 295 项
2026-08-27 15:38:47,870 - <stdin> - INFO - [ok] 湖北省2019年省级重点建设计划.pdf | 295 | 
2026-08-27 15:38:48,486 - E:\STangWork\PythonProjects\skp_parser\main.py - WARNING - 分类校验[湖北省2020年省级重点建设计划.xls] 产业类: 标题声明 228 项,解析 0 项
2026-08-27 15:38:48,486 - E:\STangWork\PythonProjects\skp_parser\main.py - WARNING - 分类校验[湖北省2020年省级重点建设计划.xls] 产业类-先进制造业: 标题声明 131 项,解析 393 项
2026-08-27 15:38:48,486 - E:\STangWork\PythonProjects\skp_parser\main.py - WARNING - 分类校验[湖北省2020年省级重点建设计划.xls] 产业类-现代服务业: 标题声明 85 项,解析 255 项
2026-08-27 15:38:48,486 - E:\STangWork\PythonProjects\skp_parser\main.py - WARNING - 分类校验[湖北省2020年省级重点建设计划.xls] 产业类-产业融合: 标题声明 12 项,解析 36 项
2026-08-27 15:38:48,487 - E:\STangWork\PythonProjects\skp_parser\main.py - WARNING - 分类校验[湖北省2020年省级重点建设计划.xls] 重大基础设施类: 标题声明 81 项,解析 0 项
2026-08-27 15:38:48,487 - E:\STangWork\PythonProjects\skp_parser\main.py - WARNING - 分类校验[湖北省2020年省级重点建设计划.xls] 重大基础设施类-交通运输类项目: 标题声明 57 项,解析 171 项
2026-08-27 15:38:48,487 - E:\STangWork\PythonProjects\skp_parser\main.py - WARNING - 分类校验[湖北省2020年省级重点建设计划.xls] 重大基础设施类-能源类项目: 标题声明 19 项,解析 57 项
2026-08-27 15:38:48,487 - E:\STangWork\PythonProjects\skp_parser\main.py - WARNING - 分类校验[湖北省2020年省级重点建设计划.xls] 重大基础设施类-水利类: 标题声明 5 项,解析 15 项
2026-08-27 15:38:48,487 - E:\STangWork\PythonProjects\skp_parser\main.py - WARNING - 分类校验[湖北省2020年省级重点建设计划.xls] 生态类: 标题声明 28 项,解析 84 项
2026-08-27 15:38:48,487 - E:\STangWork\PythonProjects\skp_parser\main.py - WARNING - 分类校验[湖北省2020年省级重点建设计划.xls] 民生类: 标题声明 73 项,解析 0 项
2026-08-27 15:38:48,487 - E:\STangWork\PythonProjects\skp_parser\main.py - WARNING - 分类校验[湖北省2020年省级重点建设计划.xls] 民生类-市政设施类: 标题声明 36 项,解析 108 项
2026-08-27 15:38:48,487 - E:\STangWork\PythonProjects\skp_parser\main.py - WARNING - 分类校验[湖北省2020年省级重点建设计划.xls] 民生类-社会事业类: 标题声明 37 项,解析 111 项
2026-08-27 15:38:53,701 - <stdin> - INFO - [ok] 湖北省2020年省级重点建设计划.xls | 2046 | 
2026-08-27 15:38:53,922 - E:\STangWork\PythonProjects\skp_parser\parser\xls_parser.py - WARNING - E:\STangWork\STangFiles\各省重点项目：2020年起\2020年重点项目\2020年各省市重点项目清单汇总：51.63万亿\2020年各省重点项目清单汇总.xls[基建投资]: 前 20 行未找到表头,跳过
2026-08-27 15:38:53,922 - E:\STangWork\PythonProjects\skp_parser\parser\xls_parser.py - WARNING - E:\STangWork\STangFiles\各省重点项目：2020年起\2020年重点项目\2020年各省市重点项目清单汇总：51.63万亿\2020年各省重点项目清单汇总.xls[各省新开工铁公轨]: 前 20 行未找到表头,跳过
2026-08-27 15:38:53,960 - E:\STangWork\PythonProjects\skp_parser\main.py - WARNING - 分类校验[2020年各省重点项目清单汇总.xls] 基础设施项目: 标题声明 100 项,解析 0 项
2026-08-27 15:38:53,960 - E:\STangWork\PythonProjects\skp_parser\main.py - WARNING - 分类校验[2020年各省重点项目清单汇总.xls] 基础设施项目-市郊铁路: 标题声明 5 项,解析 6 项
2026-08-27 15:38:53,960 - E:\STangWork\PythonProjects\skp_parser\main.py - WARNING - 分类校验[2020年各省重点项目清单汇总.xls] 基础设施项目-轨道交通: 标题声明 16 项,解析 17 项
2026-08-27 15:38:53,960 - E:\STangWork\PythonProjects\skp_parser\main.py - WARNING - 分类校验[2020年各省重点项目清单汇总.xls] 基础设施项目-公路: 标题声明 12 项,解析 13 项
2026-08-27 15:38:53,960 - E:\STangWork\PythonProjects\skp_parser\main.py - WARNING - 分类校验[2020年各省重点项目清单汇总.xls] 基础设施项目-城市道路: 标题声明 16 项,解析 17 项
2026-08-27 15:38:53,960 - E:\STangWork\PythonProjects\skp_parser\main.py - WARNING - 分类校验[2020年各省重点项目清单汇总.xls] 基础设施项目-交通基础设施配套: 标题声明 20 项,解析 21 项
2026-08-27 15:38:53,960 - E:\STangWork\PythonProjects\skp_parser\main.py - WARNING - 分类校验[2020年各省重点项目清单汇总.xls] 基础设施项目-能源设施: 标题声明 7 项,解析 8 项
2026-08-27 15:38:53,960 - E:\STangWork\PythonProjects\skp_parser\main.py - WARNING - 分类校验[2020年各省重点项目清单汇总.xls] 基础设施项目-水务工程: 标题声明 11 项,解析 12 项
2026-08-27 15:38:53,960 - E:\STangWork\PythonProjects\skp_parser\main.py - WARNING - 分类校验[2020年各省重点项目清单汇总.xls] 基础设施项目-固液态废物处理设施: 标题声明 6 项,解析 7 项
2026-08-27 15:38:53,960 - E:\STangWork\PythonProjects\skp_parser\main.py - WARNING - 分类校验[2020年各省重点项目清单汇总.xls] 民生改善项目: 标题声明 100 项,解析 0 项
2026-08-27 15:38:53,960 - E:\STangWork\PythonProjects\skp_parser\main.py - WARNING - 分类校验[2020年各省重点项目清单汇总.xls] 民生改善项目-政策性住房: 标题声明 6 项,解析 7 项
2026-08-27 15:38:53,961 - E:\STangWork\PythonProjects\skp_parser\main.py - WARNING - 分类校验[2020年各省重点项目清单汇总.xls] 民生改善项目-教育: 标题声明 22 项,解析 23 项
2026-08-27 15:38:53,961 - E:\STangWork\PythonProjects\skp_parser\main.py - WARNING - 分类校验[2020年各省重点项目清单汇总.xls] 民生改善项目-医疗: 标题声明 22 项,解析 23 项
2026-08-27 15:38:53,961 - E:\STangWork\PythonProjects\skp_parser\main.py - WARNING - 分类校验[2020年各省重点项目清单汇总.xls] 民生改善项目-养老: 标题声明 5 项,解析 6 项
2026-08-27 15:38:53,961 - E:\STangWork\PythonProjects\skp_parser\main.py - WARNING - 分类校验[2020年各省重点项目清单汇总.xls] 民生改善项目-文化: 标题声明 10 项,解析 11 项
2026-08-27 15:38:53,961 - E:\STangWork\PythonProjects\skp_parser\main.py - WARNING - 分类校验[2020年各省重点项目清单汇总.xls] 民生改善项目-体育: 标题声明 13 项,解析 14 项
2026-08-27 15:38:53,961 - E:\STangWork\PythonProjects\skp_parser\main.py - WARNING - 分类校验[2020年各省重点项目清单汇总.xls] 民生改善项目-绿化: 标题声明 13 项,解析 14 项
2026-08-27 15:38:53,961 - E:\STangWork\PythonProjects\skp_parser\main.py - WARNING - 分类校验[2020年各省重点项目清单汇总.xls] 民生改善项目-城市更新及便民服务: 标题声明 9 项,解析 10 项
2026-08-27 15:38:53,961 - E:\STangWork\PythonProjects\skp_parser\main.py - WARNING - 分类校验[2020年各省重点项目清单汇总.xls] 高精尖产业项目: 标题声明 100 项,解析 0 项
2026-08-27 15:38:53,961 - E:\STangWork\PythonProjects\skp_parser\main.py - WARNING - 分类校验[2020年各省重点项目清单汇总.xls] 高精尖产业项目-交叉研究平台及大科学装置: 标题声明 18 项,解析 19 项
2026-08-27 15:38:53,961 - E:\STangWork\PythonProjects\skp_parser\main.py - WARNING - 分类校验[2020年各省重点项目清单汇总.xls] 高精尖产业项目-先进制造业: 标题声明 40 项,解析 41 项
2026-08-27 15:38:53,961 - E:\STangWork\PythonProjects\skp_parser\main.py - WARNING - 分类校验[2020年各省重点项目清单汇总.xls] 高精尖产业项目-服务业扩大开放: 标题声明 28 项,解析 29 项
2026-08-27 15:38:53,962 - E:\STangWork\PythonProjects\skp_parser\main.py - WARNING - 分类校验[2020年各省重点项目清单汇总.xls] 高精尖产业项目-文化旅游: 标题声明 14 项,解析 15 项
2026-08-27 15:38:53,962 - E:\STangWork\PythonProjects\skp_parser\main.py - WARNING - 分类校验[2020年各省重点项目清单汇总.xls] 科创中心-现代服务业: 标题声明 9 项,解析 10 项
2026-08-27 15:38:53,962 - E:\STangWork\PythonProjects\skp_parser\main.py - WARNING - 分类校验[2020年各省重点项目清单汇总.xls] 科创中心-文化体育: 标题声明 7 项,解析 21 项
2026-08-27 15:38:53,962 - E:\STangWork\PythonProjects\skp_parser\main.py - WARNING - 分类校验[2020年各省重点项目清单汇总.xls] 科创中心-城市安全: 标题声明 6 项,解析 110 项
2026-08-27 15:38:58,509 - <stdin> - INFO - [ok] 2020年各省重点项目清单汇总.xls | 2140 | 
2026-08-27 15:38:59,124 - <stdin> - INFO - [ok] 2020年湖南省重点建设项目名单（第二批）.xls | 114 | 
2026-08-27 15:39:00,036 - <stdin> - INFO - [ok] 湖南省2020第一批重点项目.xls | 224 | 
2026-08-27 15:39:00,583 - <stdin> - INFO - [ok] 江苏省2020年重大项目投资计划.xls | 267 | 
2026-08-27 15:39:00,752 - E:\STangWork\PythonProjects\skp_parser\parser\pdf_parser.py - WARNING - E:\STangWork\STangFiles\各省重点项目：2020年起\2020年重点项目\2020年各省市重点项目清单汇总：51.63万亿\22江西省2020年重点项目清单\江西省2020第一批重点项目.pdf: 未提取到任何文本,疑似扫描件(需 OCR 支持)
2026-08-27 15:39:01,017 - <stdin> - INFO - [ok] 江西省2020第一批重点项目.pdf | 0 | 
2026-08-27 15:39:01,040 - E:\STangWork\PythonProjects\skp_parser\main.py - WARNING - 分类校验[附件：2020年第二批省重点项目名单( 名单）.xls] 续建项目: 标题声明 2 项,解析 0 项
2026-08-27 15:39:01,040 - E:\STangWork\PythonProjects\skp_parser\main.py - WARNING - 分类校验[附件：2020年第二批省重点项目名单( 名单）.xls] 新开工项目: 标题声明 62 项,解析 0 项
2026-08-27 15:39:01,492 - <stdin> - INFO - [ok] 附件：2020年第二批省重点项目名单( 名单）.xls | 64 | 
2026-08-27 15:39:07,356 - <stdin> - INFO - [ok] 2020年山东省新旧动能转换重大项目库第一批优选项目名单（500个）.pdf | 499 | 
2026-08-27 15:39:08,180 - <stdin> - INFO - [ok] 2020年山东省重大准备项目名单.xlsx | 88 | 
2026-08-27 15:39:09,241 - <stdin> - INFO - [ok] 2020年山东省重大建设项目名单.xlsx | 233 | 
2026-08-27 15:39:10,617 - <stdin> - INFO - [ok] 山东省2020年省重大准备项目名单（88项）.pdf | 87 | 
2026-08-27 15:39:16,701 - <stdin> - INFO - [ok] 山东省2020年重大建设项目名单（223项）.pdf | 130 | 
2026-08-27 15:39:21,488 - <stdin> - INFO - [ok] 山东省“双招双引”重点签约项目（200个）.pdf | 163 | 
2026-08-27 15:39:21,950 - <stdin> - INFO - [ok] 2020年山西省级重点工程第二批项目名单.pdf | 86 | 
2026-08-27 15:39:24,668 - <stdin> - INFO - [ok] 山西省2020重点项目.pdf | 159 | 
2026-08-27 15:39:28,025 - <stdin> - INFO - [ok] 2020年陕西重点建设项目年度计划.pdf | 602 | 
2026-08-27 15:39:28,563 - E:\STangWork\PythonProjects\skp_parser\main.py - WARNING - 分类校验[2020年四川省重点项目清单-整理版.xlsx] 交通: 标题声明 136 项,解析 140 项
2026-08-27 15:39:28,564 - E:\STangWork\PythonProjects\skp_parser\main.py - WARNING - 分类校验[2020年四川省重点项目清单-整理版.xlsx] 交通-能源基础设施: 标题声明 7 项,解析 14 项
2026-08-27 15:39:28,564 - E:\STangWork\PythonProjects\skp_parser\main.py - WARNING - 分类校验[2020年四川省重点项目清单-整理版.xlsx] 交通-水利: 标题声明 13 项,解析 30 项
2026-08-27 15:39:28,564 - E:\STangWork\PythonProjects\skp_parser\main.py - WARNING - 分类校验[2020年四川省重点项目清单-整理版.xlsx] 交通-农业: 标题声明 16 项,解析 111 项
2026-08-27 15:39:29,811 - <stdin> - INFO - [ok] 2020年四川省重点项目清单-整理版.xlsx | 725 | 
2026-08-27 15:39:30,322 - E:\STangWork\PythonProjects\skp_parser\main.py - WARNING - 分类校验[2020年四川省重点项目清单.xlsx] 交通: 标题声明 136 项,解析 173 项
2026-08-27 15:39:30,322 - E:\STangWork\PythonProjects\skp_parser\main.py - WARNING - 分类校验[2020年四川省重点项目清单.xlsx] 交通-能源基础设施: 标题声明 7 项,解析 14 项
2026-08-27 15:39:30,322 - E:\STangWork\PythonProjects\skp_parser\main.py - WARNING - 分类校验[2020年四川省重点项目清单.xlsx] 交通-水利: 标题声明 13 项,解析 30 项
2026-08-27 15:39:30,322 - E:\STangWork\PythonProjects\skp_parser\main.py - WARNING - 分类校验[2020年四川省重点项目清单.xlsx] 交通-园区基础设施: 标题声明 49 项,解析 94 项
2026-08-27 15:39:30,323 - E:\STangWork\PythonProjects\skp_parser\main.py - WARNING - 分类校验[2020年四川省重点项目清单.xlsx] 交通-农业: 标题声明 16 项,解析 109 项
2026-08-27 15:39:30,887 - <stdin> - INFO - [ok] 2020年四川省重点项目清单.xlsx | 723 | 
2026-08-27 15:39:31,396 - E:\STangWork\PythonProjects\skp_parser\parser\pdf_parser.py - WARNING - E:\STangWork\STangFiles\各省重点项目：2020年起\2020年重点项目\2020年各省市重点项目清单汇总：51.63万亿\30云南省2020年重点项目清单\云发改投资〔2020〕210号.pdf: 列式提取仅 2 条,改用文本兜底
2026-08-27 15:39:31,402 - E:\STangWork\PythonProjects\skp_parser\parser\pdf_parser.py - WARNING - E:\STangWork\STangFiles\各省重点项目：2020年起\2020年重点项目\2020年各省市重点项目清单汇总：51.63万亿\30云南省2020年重点项目清单\云发改投资〔2020〕210号.pdf: 文本流错乱(碎片行占 1/1),解析结果弃用
2026-08-27 15:39:32,158 - <stdin> - INFO - [ok] 云发改投资〔2020〕210号.pdf | 0 | 
2026-08-27 15:39:32,546 - E:\STangWork\PythonProjects\skp_parser\parser\pdf_parser.py - WARNING - E:\STangWork\STangFiles\各省重点项目：2020年起\2020年重点项目\2020年各省市重点项目清单汇总：51.63万亿\30云南省2020年重点项目清单\云发改投资〔2020〕212号.pdf: 列式提取仅 1 条,改用文本兜底
2026-08-27 15:39:32,912 - <stdin> - INFO - [ok] 云发改投资〔2020〕212号.pdf | 0 | 
2026-08-27 15:39:32,987 - E:\STangWork\PythonProjects\skp_parser\parser\xls_parser.py - WARNING - E:\STangWork\STangFiles\各省重点项目：2020年起\2020年重点项目\2020年各省市重点项目清单汇总：51.63万亿\30云南省2020年重点项目清单\附件1_云南省2020年“四个一百”重点建设项目计划表.xls[项目行业类型]: 前 20 行未找到表头,跳过
2026-08-27 15:39:32,987 - E:\STangWork\PythonProjects\skp_parser\parser\xls_parser.py - WARNING - E:\STangWork\STangFiles\各省重点项目：2020年起\2020年重点项目\2020年各省市重点项目清单汇总：51.63万亿\30云南省2020年重点项目清单\附件1_云南省2020年“四个一百”重点建设项目计划表.xls[企业信用评级]: 前 20 行未找到表头,跳过
2026-08-27 15:39:32,987 - E:\STangWork\PythonProjects\skp_parser\parser\xls_parser.py - WARNING - E:\STangWork\STangFiles\各省重点项目：2020年起\2020年重点项目\2020年各省市重点项目清单汇总：51.63万亿\30云南省2020年重点项目清单\附件1_云南省2020年“四个一百”重点建设项目计划表.xls[融资模式]: 前 20 行未找到表头,跳过
2026-08-27 15:39:32,988 - E:\STangWork\PythonProjects\skp_parser\parser\xls_parser.py - WARNING - E:\STangWork\STangFiles\各省重点项目：2020年起\2020年重点项目\2020年各省市重点项目清单汇总：51.63万亿\30云南省2020年重点项目清单\附件1_云南省2020年“四个一百”重点建设项目计划表.xls[汇总单位]: 前 20 行未找到表头,跳过
2026-08-27 15:39:32,988 - E:\STangWork\PythonProjects\skp_parser\parser\xls_parser.py - WARNING - E:\STangWork\STangFiles\各省重点项目：2020年起\2020年重点项目\2020年各省市重点项目清单汇总：51.63万亿\30云南省2020年重点项目清单\附件1_云南省2020年“四个一百”重点建设项目计划表.xls[云南行政区划]: 前 20 行未找到表头,跳过
2026-08-27 15:39:33,602 - <stdin> - INFO - [ok] 附件1_云南省2020年“四个一百”重点建设项目计划表.xls | 521 | 
2026-08-27 15:39:33,643 - E:\STangWork\PythonProjects\skp_parser\parser\xls_parser.py - WARNING - E:\STangWork\STangFiles\各省重点项目：2020年起\2020年重点项目\2020年各省市重点项目清单汇总：51.63万亿\30云南省2020年重点项目清单\附件1_云南省2020年“四个一百”重点建设项目计划表（整理版）.xls[项目行业类型]: 前 20 行未找到表头,跳过
2026-08-27 15:39:33,643 - E:\STangWork\PythonProjects\skp_parser\parser\xls_parser.py - WARNING - E:\STangWork\STangFiles\各省重点项目：2020年起\2020年重点项目\2020年各省市重点项目清单汇总：51.63万亿\30云南省2020年重点项目清单\附件1_云南省2020年“四个一百”重点建设项目计划表（整理版）.xls[企业信用评级]: 前 20 行未找到表头,跳过
2026-08-27 15:39:33,643 - E:\STangWork\PythonProjects\skp_parser\parser\xls_parser.py - WARNING - E:\STangWork\STangFiles\各省重点项目：2020年起\2020年重点项目\2020年各省市重点项目清单汇总：51.63万亿\30云南省2020年重点项目清单\附件1_云南省2020年“四个一百”重点建设项目计划表（整理版）.xls[融资模式]: 前 20 行未找到表头,跳过
2026-08-27 15:39:33,643 - E:\STangWork\PythonProjects\skp_parser\parser\xls_parser.py - WARNING - E:\STangWork\STangFiles\各省重点项目：2020年起\2020年重点项目\2020年各省市重点项目清单汇总：51.63万亿\30云南省2020年重点项目清单\附件1_云南省2020年“四个一百”重点建设项目计划表（整理版）.xls[汇总单位]: 前 20 行未找到表头,跳过
2026-08-27 15:39:33,644 - E:\STangWork\PythonProjects\skp_parser\parser\xls_parser.py - WARNING - E:\STangWork\STangFiles\各省重点项目：2020年起\2020年重点项目\2020年各省市重点项目清单汇总：51.63万亿\30云南省2020年重点项目清单\附件1_云南省2020年“四个一百”重点建设项目计划表（整理版）.xls[云南行政区划]: 前 20 行未找到表头,跳过
2026-08-27 15:39:34,004 - <stdin> - INFO - [ok] 附件1_云南省2020年“四个一百”重点建设项目计划表（整理版）.xls | 473 | 
2026-08-27 15:39:36,888 - <stdin> - INFO - [ok] 2020年浙江省重点项目清单.xls | 1351 | 
2026-08-27 15:39:39,776 - <stdin> - INFO - [ok] 2020年各省市重点项目清单汇总：51_63万亿.pdf | 31 | 
2026-08-27 15:39:43,990 - E:\STangWork\PythonProjects\skp_parser\parser\pdf_parser.py - WARNING - E:\STangWork\STangFiles\各省重点项目：2020年起\2020年重点项目\2020年各省市重点项目清单汇总：51_63万亿_加密.pdf: 文本流错乱(碎片行占 21/64),解析结果弃用
2026-08-27 15:39:44,068 - <stdin> - INFO - [ok] 2020年各省市重点项目清单汇总：51_63万亿_加密.pdf | 0 | 
2026-08-27 15:39:44,070 - E:\STangWork\PythonProjects\skp_parser\util\db_util.py - INFO - 数据库连接池已关闭
2026-08-27 15:42:22,650 - E:\STangWork\PythonProjects\skp_parser\util\db_util.py - INFO - 数据库连接池已创建: 127.0.0.1:3306/suidaobig
2026-08-27 15:42:34,676 - E:\STangWork\PythonProjects\skp_parser\util\db_util.py - INFO - 数据库连接池已关闭
2026-08-27 17:31:09,779 - E:\STangWork\PythonProjects\skp_parser\parser\pdf_parser.py - WARNING - E:\STangWork\STangFiles\各省重点项目：2020年起\2020年重点项目\2020年各省市重点项目清单汇总：51.63万亿\19湖北省2020年重点项目清单\湖北省2019年省级重点建设计划.pdf: 表格提取仅 5 条(疑似单元格截断),改用列式提取
2026-08-27 17:33:11,462 - E:\STangWork\PythonProjects\skp_parser\util\db_util.py - INFO - 数据库连接池已创建: 127.0.0.1:3306/suidaobig
2026-08-27 17:33:17,678 - <stdin> - INFO - 全量开始: 63 个文件
2026-08-27 17:33:20,307 - E:\STangWork\PythonProjects\skp_parser\main.py - WARNING - 分类校验[北京市2020年重点工程计划.pdf] 国铁: 标题声明 7 项,解析 8 项
2026-08-27 17:33:20,307 - E:\STangWork\PythonProjects\skp_parser\main.py - WARNING - 分类校验[北京市2020年重点工程计划.pdf] 国铁-轨道交通: 标题声明 16 项,解析 19 项
2026-08-27 17:33:20,308 - E:\STangWork\PythonProjects\skp_parser\main.py - WARNING - 分类校验[北京市2020年重点工程计划.pdf] 国铁-公路: 标题声明 12 项,解析 13 项
2026-08-27 17:33:20,309 - E:\STangWork\PythonProjects\skp_parser\main.py - WARNING - 分类校验[北京市2020年重点工程计划.pdf] 国铁-城市道路: 标题声明 16 项,解析 40 项
2026-08-27 17:33:20,309 - E:\STangWork\PythonProjects\skp_parser\main.py - WARNING - 分类校验[北京市2020年重点工程计划.pdf] 国铁-能源设施: 标题声明 7 项,解析 8 项
2026-08-27 17:33:20,309 - E:\STangWork\PythonProjects\skp_parser\main.py - WARNING - 分类校验[北京市2020年重点工程计划.pdf] 国铁-水务工程: 标题声明 11 项,解析 21 项
2026-08-27 17:33:20,309 - E:\STangWork\PythonProjects\skp_parser\main.py - WARNING - 分类校验[北京市2020年重点工程计划.pdf] 民生改善项目: 标题声明 100 项,解析 0 项
2026-08-27 17:33:20,309 - E:\STangWork\PythonProjects\skp_parser\main.py - WARNING - 分类校验[北京市2020年重点工程计划.pdf] 民生改善项目-教育: 标题声明 22 项,解析 25 项
2026-08-27 17:33:20,309 - E:\STangWork\PythonProjects\skp_parser\main.py - WARNING - 分类校验[北京市2020年重点工程计划.pdf] 民生改善项目-医疗: 标题声明 22 项,解析 25 项
2026-08-27 17:33:20,309 - E:\STangWork\PythonProjects\skp_parser\main.py - WARNING - 分类校验[北京市2020年重点工程计划.pdf] 民生改善项目-文化: 标题声明 10 项,解析 12 项
2026-08-27 17:33:20,309 - E:\STangWork\PythonProjects\skp_parser\main.py - WARNING - 分类校验[北京市2020年重点工程计划.pdf] 民生改善项目-体育: 标题声明 13 项,解析 15 项
2026-08-27 17:33:20,309 - E:\STangWork\PythonProjects\skp_parser\main.py - WARNING - 分类校验[北京市2020年重点工程计划.pdf] 民生改善项目-绿化: 标题声明 13 项,解析 47 项
2026-08-27 17:33:20,309 - E:\STangWork\PythonProjects\skp_parser\main.py - WARNING - 分类校验[北京市2020年重点工程计划.pdf] 民生改善项目-先进制造业: 标题声明 40 项,解析 78 项
2026-08-27 17:33:20,309 - E:\STangWork\PythonProjects\skp_parser\main.py - WARNING - 分类校验[北京市2020年重点工程计划.pdf] 民生改善项目-文化旅游: 标题声明 14 项,解析 16 项
2026-08-27 17:33:21,487 - <stdin> - INFO - [ok] 北京市2020年重点工程计划.pdf | 343 | 
2026-08-27 17:33:21,647 - E:\STangWork\PythonProjects\skp_parser\main.py - WARNING - 分类校验[北京市2020年重点工程计划.xlsx] 基础设施项目: 标题声明 100 项,解析 0 项
2026-08-27 17:33:21,648 - E:\STangWork\PythonProjects\skp_parser\main.py - WARNING - 分类校验[北京市2020年重点工程计划.xlsx] 基础设施项目-市郊铁路: 标题声明 5 项,解析 6 项
2026-08-27 17:33:21,648 - E:\STangWork\PythonProjects\skp_parser\main.py - WARNING - 分类校验[北京市2020年重点工程计划.xlsx] 基础设施项目-轨道交通: 标题声明 16 项,解析 17 项
2026-08-27 17:33:21,648 - E:\STangWork\PythonProjects\skp_parser\main.py - WARNING - 分类校验[北京市2020年重点工程计划.xlsx] 基础设施项目-公路: 标题声明 12 项,解析 13 项
2026-08-27 17:33:21,648 - E:\STangWork\PythonProjects\skp_parser\main.py - WARNING - 分类校验[北京市2020年重点工程计划.xlsx] 基础设施项目-城市道路: 标题声明 16 项,解析 17 项
2026-08-27 17:33:21,648 - E:\STangWork\PythonProjects\skp_parser\main.py - WARNING - 分类校验[北京市2020年重点工程计划.xlsx] 基础设施项目-交通基础设施配套: 标题声明 20 项,解析 21 项
2026-08-27 17:33:21,648 - E:\STangWork\PythonProjects\skp_parser\main.py - WARNING - 分类校验[北京市2020年重点工程计划.xlsx] 基础设施项目-能源设施: 标题声明 7 项,解析 8 项
2026-08-27 17:33:21,648 - E:\STangWork\PythonProjects\skp_parser\main.py - WARNING - 分类校验[北京市2020年重点工程计划.xlsx] 基础设施项目-水务工程: 标题声明 11 项,解析 12 项
2026-08-27 17:33:21,648 - E:\STangWork\PythonProjects\skp_parser\main.py - WARNING - 分类校验[北京市2020年重点工程计划.xlsx] 基础设施项目-固液态废物处理设施: 标题声明 6 项,解析 7 项
2026-08-27 17:33:21,648 - E:\STangWork\PythonProjects\skp_parser\main.py - WARNING - 分类校验[北京市2020年重点工程计划.xlsx] 民生改善项目: 标题声明 100 项,解析 0 项
2026-08-27 17:33:21,648 - E:\STangWork\PythonProjects\skp_parser\main.py - WARNING - 分类校验[北京市2020年重点工程计划.xlsx] 民生改善项目-政策性住房: 标题声明 6 项,解析 7 项
2026-08-27 17:33:21,648 - E:\STangWork\PythonProjects\skp_parser\main.py - WARNING - 分类校验[北京市2020年重点工程计划.xlsx] 民生改善项目-教育: 标题声明 22 项,解析 23 项
2026-08-27 17:33:21,648 - E:\STangWork\PythonProjects\skp_parser\main.py - WARNING - 分类校验[北京市2020年重点工程计划.xlsx] 民生改善项目-医疗: 标题声明 22 项,解析 23 项
2026-08-27 17:33:21,648 - E:\STangWork\PythonProjects\skp_parser\main.py - WARNING - 分类校验[北京市2020年重点工程计划.xlsx] 民生改善项目-养老: 标题声明 5 项,解析 6 项
2026-08-27 17:33:21,648 - E:\STangWork\PythonProjects\skp_parser\main.py - WARNING - 分类校验[北京市2020年重点工程计划.xlsx] 民生改善项目-文化: 标题声明 10 项,解析 11 项
2026-08-27 17:33:21,648 - E:\STangWork\PythonProjects\skp_parser\main.py - WARNING - 分类校验[北京市2020年重点工程计划.xlsx] 民生改善项目-体育: 标题声明 13 项,解析 14 项
2026-08-27 17:33:21,648 - E:\STangWork\PythonProjects\skp_parser\main.py - WARNING - 分类校验[北京市2020年重点工程计划.xlsx] 民生改善项目-绿化: 标题声明 13 项,解析 14 项
2026-08-27 17:33:21,648 - E:\STangWork\PythonProjects\skp_parser\main.py - WARNING - 分类校验[北京市2020年重点工程计划.xlsx] 民生改善项目-城市更新及便民服务: 标题声明 9 项,解析 10 项
2026-08-27 17:33:21,648 - E:\STangWork\PythonProjects\skp_parser\main.py - WARNING - 分类校验[北京市2020年重点工程计划.xlsx] 高精尖产业项目: 标题声明 100 项,解析 0 项
2026-08-27 17:33:21,648 - E:\STangWork\PythonProjects\skp_parser\main.py - WARNING - 分类校验[北京市2020年重点工程计划.xlsx] 高精尖产业项目-交叉研究平台及大科学装置: 标题声明 18 项,解析 19 项
2026-08-27 17:33:21,648 - E:\STangWork\PythonProjects\skp_parser\main.py - WARNING - 分类校验[北京市2020年重点工程计划.xlsx] 高精尖产业项目-先进制造业: 标题声明 40 项,解析 41 项
2026-08-27 17:33:21,649 - E:\STangWork\PythonProjects\skp_parser\main.py - WARNING - 分类校验[北京市2020年重点工程计划.xlsx] 高精尖产业项目-服务业扩大开放: 标题声明 28 项,解析 29 项
2026-08-27 17:33:21,649 - E:\STangWork\PythonProjects\skp_parser\main.py - WARNING - 分类校验[北京市2020年重点工程计划.xlsx] 高精尖产业项目-文化旅游: 标题声明 14 项,解析 15 项
2026-08-27 17:33:22,471 - <stdin> - INFO - [ok] 北京市2020年重点工程计划.xlsx | 320 | 
2026-08-27 17:33:30,317 - E:\STangWork\PythonProjects\skp_parser\parser\pdf_parser.py - WARNING - E:\STangWork\STangFiles\各省重点项目：2020年起\2020年重点项目\2020年各省市重点项目清单汇总：51.63万亿\01北京市2020年重点项目清单\北京市2020重点工程项目.pdf: 表格提取仅 28 条(疑似单元格截断),改用列式提取
2026-08-27 17:33:35,613 - E:\STangWork\PythonProjects\skp_parser\main.py - WARNING - 分类校验[北京市2020重点工程项目.pdf] 基础设施项目: 标题声明 100 项,解析 0 项
2026-08-27 17:33:35,613 - E:\STangWork\PythonProjects\skp_parser\main.py - WARNING - 分类校验[北京市2020重点工程项目.pdf] 基础设施项目-国铁: 标题声明 7 项,解析 0 项
2026-08-27 17:33:35,613 - E:\STangWork\PythonProjects\skp_parser\main.py - WARNING - 分类校验[北京市2020重点工程项目.pdf] 园东路-交通基础设施配套: 标题声明 20 项,解析 0 项
2026-08-27 17:33:36,226 - <stdin> - INFO - [ok] 北京市2020重点工程项目.pdf | 300 | 
2026-08-27 17:33:36,321 - E:\STangWork\PythonProjects\skp_parser\main.py - WARNING - 分类校验[上海市2020重点工程项目.xls] 社会民生类  25项: 标题声明 9 项,解析 0 项
2026-08-27 17:33:36,321 - E:\STangWork\PythonProjects\skp_parser\main.py - WARNING - 分类校验[上海市2020重点工程项目.xls] 生态文明建设类  12项: 标题声明 7 项,解析 12 项
2026-08-27 17:33:36,322 - E:\STangWork\PythonProjects\skp_parser\main.py - WARNING - 分类校验[上海市2020重点工程项目.xls] 城市基础设施类  57项: 标题声明 7 项,解析 0 项
2026-08-27 17:33:36,322 - E:\STangWork\PythonProjects\skp_parser\main.py - WARNING - 分类校验[上海市2020重点工程项目.xls] 城乡融合与乡村振兴类  16项: 标题声明 6 项,解析 16 项
2026-08-27 17:33:37,703 - <stdin> - INFO - [ok] 上海市2020重点工程项目.xls | 212 | 
2026-08-27 17:33:40,146 - <stdin> - INFO - [ok] 天津市2020年重点储备项目清单.pdf | 316 | 
2026-08-27 17:33:43,557 - <stdin> - INFO - [ok] 天津市2020年重点建设项目清单.pdf | 359 | 
2026-08-27 17:33:43,634 - E:\STangWork\PythonProjects\skp_parser\parser\xlsx_parser.py - WARNING - E:\STangWork\STangFiles\各省重点项目：2020年起\2020年重点项目\2020年各省市重点项目清单汇总：51.63万亿\04重庆市2020年重点项目清单\重庆2020重大基础设施项目清单.xlsx[Sheet1]: 前 20 行未找到表头,跳过
2026-08-27 17:33:48,094 - <stdin> - INFO - [ok] 重庆2020重大基础设施项目清单.xlsx | 1185 | 
2026-08-27 17:33:48,430 - E:\STangWork\PythonProjects\skp_parser\main.py - WARNING - 分类校验[2020年内蒙古自治区重点经济合作项目.xlsx] 战略性新兴产业: 标题声明 30 项,解析 29 项
2026-08-27 17:33:48,430 - E:\STangWork\PythonProjects\skp_parser\main.py - WARNING - 分类校验[2020年内蒙古自治区重点经济合作项目.xlsx] 冶金: 标题声明 6 项,解析 5 项
2026-08-27 17:33:48,431 - E:\STangWork\PythonProjects\skp_parser\main.py - WARNING - 分类校验[2020年内蒙古自治区重点经济合作项目.xlsx] 基础设施: 标题声明 21 项,解析 15 项
2026-08-27 17:33:49,371 - <stdin> - INFO - [ok] 2020年内蒙古自治区重点经济合作项目.xlsx | 190 | 
2026-08-27 17:33:50,069 - <stdin> - INFO - [ok] 广西-重大项目（新开工）.xls | 134 | 
2026-08-27 17:33:50,553 - <stdin> - INFO - [ok] 广西-重大项目（竣工投产）.xls | 139 | 
2026-08-27 17:33:52,455 - <stdin> - INFO - [ok] 广西-重大项目（续建）.xls | 716 | 
2026-08-27 17:33:52,673 - <stdin> - INFO - [ok] 广西-重大项目（预备）.xls | 128 | 
2026-08-27 17:33:53,164 - <stdin> - INFO - [ok] 附件1： 2020年第二批自治区层面统筹推进重大项目（新开工）进度目标责任表.xls.xls | 146 | 
2026-08-27 17:33:53,371 - <stdin> - INFO - [ok] 附件2：2020年第二批自治区层面统筹推进重大项目（续建）进度目标责任表.xls.xls | 80 | 
2026-08-27 17:33:53,595 - <stdin> - INFO - [ok] 附件3：2020年第二批自治区层面统筹推进重大项目（竣工投产）进度目标责任表.xls.xls | 22 | 
2026-08-27 17:33:54,105 - <stdin> - INFO - [ok] 附件4： 2020年第二批自治区层面统筹推进重大项目（预备）进度目标责任表.xls.xls | 155 | 
2026-08-27 17:33:54,632 - <stdin> - INFO - [ok] 附件1： 2020年第二批自治区层面统筹推进重大项目（新开工）进度目标责任表.xls | 146 | 
2026-08-27 17:33:54,753 - <stdin> - INFO - [skipped_existing] 附件2：2020年第二批自治区层面统筹推进重大项目（续建）进度目标责任表.xls | 0 | 
2026-08-27 17:33:54,871 - <stdin> - INFO - [skipped_existing] 附件3：2020年第二批自治区层面统筹推进重大项目（竣工投产）进度目标责任表.xls | 0 | 
2026-08-27 17:33:54,952 - <stdin> - INFO - [skipped_existing] 附件4： 2020年第二批自治区层面统筹推进重大项目（预备）进度目标责任表.xls | 0 | 
2026-08-27 17:33:55,388 - <stdin> - INFO - [ok] 附件1：2020年第三批自治区层面统筹推进重大项目（新开工）进度目标责任表 .xls.xls | 115 | 
2026-08-27 17:33:55,965 - <stdin> - INFO - [ok] 附件2：2020年第三批自治区层面统筹推进重大项目（预备）进度目标责任表 .xls.xls | 386 | 
2026-08-27 17:33:56,236 - E:\STangWork\PythonProjects\skp_parser\parser\pdf_parser.py - WARNING - E:\STangWork\STangFiles\各省重点项目：2020年起\2020年重点项目\2020年各省市重点项目清单汇总：51.63万亿\06广西自治区2020年重点工程项目清单\第4批\广西壮族自治区重大项目建设推进领导小组办公室关于下达2020年第四批自治区层面统筹推进重大项目计划的通知.pdf: 列式提取仅 1 条,改用文本兜底
2026-08-27 17:33:56,796 - <stdin> - INFO - [ok] 广西壮族自治区重大项目建设推进领导小组办公室关于下达2020年第四批自治区层面统筹推进重大项目计划的通知.pdf | 0 | 
2026-08-27 17:33:57,438 - <stdin> - INFO - [ok] 附件1：2020年第四批自治区层面统筹推进重大项目（新开工）进度目标责任表.xls.xls | 22 | 
2026-08-27 17:33:58,137 - <stdin> - INFO - [ok] 附件2：2020年第四批自治区层面统筹推进重大项目（预备）进度目标责任表.xls | 184 | 
2026-08-27 17:35:56,077 - E:\STangWork\PythonProjects\skp_parser\main.py - WARNING - 分类校验[2020年宁夏全区重大项目清单（最新）.xlsx] 工业: 标题声明 478 项,解析 0 项
2026-08-27 17:35:56,077 - E:\STangWork\PythonProjects\skp_parser\main.py - WARNING - 分类校验[2020年宁夏全区重大项目清单（最新）.xlsx] 工业-冶金有色建材: 标题声明 171 项,解析 96 项
2026-08-27 17:35:56,077 - E:\STangWork\PythonProjects\skp_parser\main.py - WARNING - 分类校验[2020年宁夏全区重大项目清单（最新）.xlsx] 工业-拟建项目: 标题声明 38 项,解析 0 项
2026-08-27 17:35:56,077 - E:\STangWork\PythonProjects\skp_parser\main.py - WARNING - 分类校验[2020年宁夏全区重大项目清单（最新）.xlsx] 现代服务业: 标题声明 286 项,解析 132 项
2026-08-27 17:35:56,077 - E:\STangWork\PythonProjects\skp_parser\main.py - WARNING - 分类校验[2020年宁夏全区重大项目清单（最新）.xlsx] 现代农业: 标题声明 59 项,解析 38 项
2026-08-27 17:35:56,077 - E:\STangWork\PythonProjects\skp_parser\main.py - WARNING - 分类校验[2020年宁夏全区重大项目清单（最新）.xlsx] 交通基础设施: 标题声明 58 项,解析 26 项
2026-08-27 17:35:56,077 - E:\STangWork\PythonProjects\skp_parser\main.py - WARNING - 分类校验[2020年宁夏全区重大项目清单（最新）.xlsx] 农林水利基础设施: 标题声明 84 项,解析 38 项
2026-08-27 17:35:56,077 - E:\STangWork\PythonProjects\skp_parser\main.py - WARNING - 分类校验[2020年宁夏全区重大项目清单（最新）.xlsx] 社会公共服务: 标题声明 104 项,解析 42 项
2026-08-27 17:35:56,077 - E:\STangWork\PythonProjects\skp_parser\main.py - WARNING - 分类校验[2020年宁夏全区重大项目清单（最新）.xlsx] 市政基础设施: 标题声明 160 项,解析 78 项
2026-08-27 17:35:56,078 - E:\STangWork\PythonProjects\skp_parser\main.py - WARNING - 分类校验[2020年宁夏全区重大项目清单（最新）.xlsx] 生态环保: 标题声明 97 项,解析 44 项
2026-08-27 17:35:56,078 - E:\STangWork\PythonProjects\skp_parser\main.py - WARNING - 分类校验[2020年宁夏全区重大项目清单（最新）.xlsx] 公共安全: 标题声明 20 项,解析 12 项
2026-08-27 17:36:01,295 - <stdin> - INFO - [ok] 2020年宁夏全区重大项目清单（最新）.xlsx | 830 | 
2026-08-27 17:36:03,172 - E:\STangWork\PythonProjects\skp_parser\main.py - WARNING - 分类校验[2020年宁夏自治区重点项目投资计划.xlsx] 重大产业项目: 标题声明 43 项,解析 0 项
2026-08-27 17:36:03,172 - E:\STangWork\PythonProjects\skp_parser\main.py - WARNING - 分类校验[2020年宁夏自治区重点项目投资计划.xlsx] 重大产业项目-工业: 标题声明 39 项,解析 38 项
2026-08-27 17:36:03,172 - E:\STangWork\PythonProjects\skp_parser\main.py - WARNING - 分类校验[2020年宁夏自治区重点项目投资计划.xlsx] 重大产业项目-宁夏国光新能源永宁县光伏发电项目 续建 装机10万千瓦 2019-2020 50000 10000 40000 建成 宁夏国光新能源有限公司、永宁县人民政府: 标题声明 39 项,解析 0 项
2026-08-27 17:36:03,172 - E:\STangWork\PythonProjects\skp_parser\main.py - WARNING - 分类校验[2020年宁夏自治区重点项目投资计划.xlsx] 重大产业项目-宁夏国光新能源永宁县光伏发电项目 续建 装机10万千瓦 2019-三峡新能源吴忠市利通区一期光伏发电项目 续建 装机20万千瓦 2019-2020 93821.6 300 93522 建成 三峡新能源利通区五里坡发电有限公司、利通区人民政府: 标题声明 39 项,解析 0 项
2026-08-27 17:36:03,172 - E:\STangWork\PythonProjects\skp_parser\main.py - WARNING - 分类校验[2020年宁夏自治区重点项目投资计划.xlsx] 重大产业项目-宁夏国光新能源永宁县光伏发电项目 续建 装机10万千瓦 2019-三峡新能源吴忠市利通区一期光伏发电项目 续建 装机20万千瓦 2019-大唐宁夏红寺堡光伏项目 续建 装机5万千瓦 2019-2020 19335 10582 8753 建成 : 标题声明 39 项,解析 0 项
2026-08-27 17:36:03,172 - E:\STangWork\PythonProjects\skp_parser\main.py - WARNING - 分类校验[2020年宁夏自治区重点项目投资计划.xlsx] 重大产业项目-宁夏国光新能源永宁县光伏发电项目 续建 装机10万千瓦 2019-三峡新能源吴忠市利通区一期光伏发电项目 续建 装机20万千瓦 2019-大唐宁夏红寺堡光伏项目 续建 装机5万千瓦 2019-中能建投盐池光伏发电项目 续建 装机12万千瓦 2: 标题声明 39 项,解析 0 项
2026-08-27 17:36:03,172 - E:\STangWork\PythonProjects\skp_parser\main.py - WARNING - 分类校验[2020年宁夏自治区重点项目投资计划.xlsx] 重大产业项目-宁夏国光新能源永宁县光伏发电项目 续建 装机10万千瓦 2019-三峡新能源吴忠市利通区一期光伏发电项目 续建 装机20万千瓦 2019-大唐宁夏红寺堡光伏项目 续建 装机5万千瓦 2019-华润中卫市海原县付套村光伏电站 续建 装机3万千瓦: 标题声明 39 项,解析 0 项
2026-08-27 17:36:03,172 - E:\STangWork\PythonProjects\skp_parser\main.py - WARNING - 分类校验[2020年宁夏自治区重点项目投资计划.xlsx] 重大产业项目-宁夏国光新能源永宁县光伏发电项目 续建 装机10万千瓦 2019-三峡新能源吴忠市利通区一期光伏发电项目 续建 装机20万千瓦 2019-大唐宁夏红寺堡光伏项目 续建 装机5万千瓦 2019-华润中卫市海原县范台村光伏电站 续建 装机6万千瓦: 标题声明 39 项,解析 1 项
2026-08-27 17:36:03,172 - E:\STangWork\PythonProjects\skp_parser\main.py - WARNING - 分类校验[2020年宁夏自治区重点项目投资计划.xlsx] 重大产业项目-宁夏国光新能源永宁县光伏发电项目 续建 装机10万千瓦 2019-三峡新能源吴忠市利通区一期光伏发电项目 续建 装机20万千瓦 2019-大唐宁夏红寺堡光伏项目 续建 装机5万千瓦 2019-灵武兴黔风电项目 续建 装机20万千瓦 2019-: 标题声明 41 项,解析 4 项
2026-08-27 17:36:03,173 - E:\STangWork\PythonProjects\skp_parser\main.py - WARNING - 分类校验[2020年宁夏自治区重点项目投资计划.xlsx] 重大基础设施项目: 标题声明 21 项,解析 0 项
2026-08-27 17:36:03,173 - E:\STangWork\PythonProjects\skp_parser\main.py - WARNING - 分类校验[2020年宁夏自治区重点项目投资计划.xlsx] 重大基础设施项目-银川市应急调峰储气设施建设项目 续建 建设8万立方米天然气储气设施 2019-2021 81700 20400 15700 完成罐区建设、部分设备购置及安装 宁夏凯添天然气有限公司、银川市人民政府: 标题声明 7 项,解析 0 项
2026-08-27 17:36:03,173 - E:\STangWork\PythonProjects\skp_parser\main.py - WARNING - 分类校验[2020年宁夏自治区重点项目投资计划.xlsx] 重大基础设施项目-银川市应急调峰储气设施建设项目 续建 建设8万立方米天然气储气设施 2019-石嘴山市应急储气设施建设项目 续建 建设2万立方米天然气储气设施 2019-2021 23664 3950 8000 完成罐区建设、部分设备购置及安装 石嘴山市: 标题声明 7 项,解析 0 项
2026-08-27 17:36:03,173 - E:\STangWork\PythonProjects\skp_parser\main.py - WARNING - 分类校验[2020年宁夏自治区重点项目投资计划.xlsx] 重大基础设施项目-银川市应急调峰储气设施建设项目 续建 建设8万立方米天然气储气设施 2019-石嘴山市应急储气设施建设项目 续建 建设2万立方米天然气储气设施 2019-吴忠市应急储气设施建设项目 续建 建设6万立方米天然气储气设施 2019-2021 : 标题声明 7 项,解析 0 项
2026-08-27 17:36:03,173 - E:\STangWork\PythonProjects\skp_parser\main.py - WARNING - 分类校验[2020年宁夏自治区重点项目投资计划.xlsx] 民生及社会事业项目: 标题声明 16 项,解析 0 项
2026-08-27 17:36:03,469 - <stdin> - INFO - [ok] 2020年宁夏自治区重点项目投资计划.xlsx | 172 | 
2026-08-27 17:36:03,480 - E:\STangWork\PythonProjects\skp_parser\parser\xls_parser.py - WARNING - E:\STangWork\STangFiles\各省重点项目：2020年起\2020年重点项目\2020年各省市重点项目清单汇总：51.63万亿\08新疆自治区2020年重点项目清单\新疆.xls[Sheet1]: 前 20 行未找到表头,跳过
2026-08-27 17:36:03,565 - <stdin> - INFO - [ok] 新疆.xls | 0 | 
2026-08-27 17:36:17,606 - <stdin> - INFO - [ok] 安徽省2020年重点项目清单.xls | 14132 | 
2026-08-27 17:36:20,706 - <stdin> - INFO - [ok] 附件：2020年度福建省重点项目名单(1567个).docx | 1566 | 
2026-08-27 17:37:10,099 - <stdin> - INFO - [ok] 广东省2020重点项目.pdf | 2176 | 
2026-08-27 17:37:11,022 - <stdin> - INFO - [ok] 海南省2020年重点项目投资计划.xls | 313 | 
2026-08-27 17:37:11,352 - <stdin> - INFO - [ok] 海南省2020年重点预备项目投资计划.xlsx | 58 | 
2026-08-27 17:37:16,673 - <stdin> - INFO - [ok] 河南省2020重点工程项目.xls | 1960 | 
2026-08-27 17:37:18,503 - <stdin> - INFO - [ok] 附件：2020年河南省重点建设项目名单.xls.xls | 980 | 
2026-08-27 17:37:19,528 - <stdin> - INFO - [ok] 2020年河北省第二批省重点项目计划.docx | 204 | 
2026-08-27 17:38:49,556 - <stdin> - INFO - [ok] 关于印发2020年河北省重点项目计划的通知及附件.pdf | 464 | 
2026-08-27 17:38:51,492 - E:\STangWork\PythonProjects\skp_parser\main.py - WARNING - 分类校验[湖北省2019年省级重点建设计划.pdf] 产业类项目: 标题声明 167 项,解析 0 项
2026-08-27 17:38:51,492 - E:\STangWork\PythonProjects\skp_parser\main.py - WARNING - 分类校验[湖北省2019年省级重点建设计划.pdf] 产业类项目-先进制造业: 标题声明 117 项,解析 167 项
2026-08-27 17:38:52,252 - <stdin> - INFO - [ok] 湖北省2019年省级重点建设计划.pdf | 296 | 
2026-08-27 17:38:52,891 - E:\STangWork\PythonProjects\skp_parser\main.py - WARNING - 分类校验[湖北省2020年省级重点建设计划.xls] 产业类: 标题声明 228 项,解析 0 项
2026-08-27 17:38:52,891 - E:\STangWork\PythonProjects\skp_parser\main.py - WARNING - 分类校验[湖北省2020年省级重点建设计划.xls] 产业类-先进制造业: 标题声明 131 项,解析 393 项
2026-08-27 17:38:52,891 - E:\STangWork\PythonProjects\skp_parser\main.py - WARNING - 分类校验[湖北省2020年省级重点建设计划.xls] 产业类-现代服务业: 标题声明 85 项,解析 255 项
2026-08-27 17:38:52,891 - E:\STangWork\PythonProjects\skp_parser\main.py - WARNING - 分类校验[湖北省2020年省级重点建设计划.xls] 产业类-产业融合: 标题声明 12 项,解析 36 项
2026-08-27 17:38:52,891 - E:\STangWork\PythonProjects\skp_parser\main.py - WARNING - 分类校验[湖北省2020年省级重点建设计划.xls] 重大基础设施类: 标题声明 81 项,解析 0 项
2026-08-27 17:38:52,891 - E:\STangWork\PythonProjects\skp_parser\main.py - WARNING - 分类校验[湖北省2020年省级重点建设计划.xls] 重大基础设施类-交通运输类项目: 标题声明 57 项,解析 0 项
2026-08-27 17:38:52,891 - E:\STangWork\PythonProjects\skp_parser\main.py - WARNING - 分类校验[湖北省2020年省级重点建设计划.xls] 重大基础设施类-高速公路及桥梁: 标题声明 28 项,解析 84 项
2026-08-27 17:38:52,891 - E:\STangWork\PythonProjects\skp_parser\main.py - WARNING - 分类校验[湖北省2020年省级重点建设计划.xls] 重大基础设施类-国道、省道改造: 标题声明 13 项,解析 87 项
2026-08-27 17:38:52,891 - E:\STangWork\PythonProjects\skp_parser\main.py - WARNING - 分类校验[湖北省2020年省级重点建设计划.xls] 重大基础设施类-能源类项目: 标题声明 19 项,解析 57 项
2026-08-27 17:38:52,892 - E:\STangWork\PythonProjects\skp_parser\main.py - WARNING - 分类校验[湖北省2020年省级重点建设计划.xls] 重大基础设施类-水利类: 标题声明 5 项,解析 15 项
2026-08-27 17:38:52,892 - E:\STangWork\PythonProjects\skp_parser\main.py - WARNING - 分类校验[湖北省2020年省级重点建设计划.xls] 生态类: 标题声明 28 项,解析 84 项
2026-08-27 17:38:52,892 - E:\STangWork\PythonProjects\skp_parser\main.py - WARNING - 分类校验[湖北省2020年省级重点建设计划.xls] 民生类: 标题声明 73 项,解析 0 项
2026-08-27 17:38:52,892 - E:\STangWork\PythonProjects\skp_parser\main.py - WARNING - 分类校验[湖北省2020年省级重点建设计划.xls] 民生类-市政设施类: 标题声明 36 项,解析 108 项
2026-08-27 17:38:52,892 - E:\STangWork\PythonProjects\skp_parser\main.py - WARNING - 分类校验[湖北省2020年省级重点建设计划.xls] 民生类-社会事业类: 标题声明 37 项,解析 111 项
2026-08-27 17:38:58,380 - <stdin> - INFO - [ok] 湖北省2020年省级重点建设计划.xls | 2046 | 
2026-08-27 17:38:58,451 - E:\STangWork\PythonProjects\skp_parser\parser\xls_parser.py - WARNING - E:\STangWork\STangFiles\各省重点项目：2020年起\2020年重点项目\2020年各省市重点项目清单汇总：51.63万亿\2020年各省重点项目清单汇总.xls[基建投资]: 前 20 行未找到表头,跳过
2026-08-27 17:38:58,451 - E:\STangWork\PythonProjects\skp_parser\parser\xls_parser.py - WARNING - E:\STangWork\STangFiles\各省重点项目：2020年起\2020年重点项目\2020年各省市重点项目清单汇总：51.63万亿\2020年各省重点项目清单汇总.xls[各省新开工铁公轨]: 前 20 行未找到表头,跳过
2026-08-27 17:38:58,499 - E:\STangWork\PythonProjects\skp_parser\main.py - WARNING - 分类校验[2020年各省重点项目清单汇总.xls] 基础设施项目: 标题声明 100 项,解析 0 项
2026-08-27 17:38:58,499 - E:\STangWork\PythonProjects\skp_parser\main.py - WARNING - 分类校验[2020年各省重点项目清单汇总.xls] 基础设施项目-市郊铁路: 标题声明 5 项,解析 6 项
2026-08-27 17:38:58,499 - E:\STangWork\PythonProjects\skp_parser\main.py - WARNING - 分类校验[2020年各省重点项目清单汇总.xls] 基础设施项目-轨道交通: 标题声明 16 项,解析 17 项
2026-08-27 17:38:58,499 - E:\STangWork\PythonProjects\skp_parser\main.py - WARNING - 分类校验[2020年各省重点项目清单汇总.xls] 基础设施项目-公路: 标题声明 12 项,解析 13 项
2026-08-27 17:38:58,499 - E:\STangWork\PythonProjects\skp_parser\main.py - WARNING - 分类校验[2020年各省重点项目清单汇总.xls] 基础设施项目-城市道路: 标题声明 16 项,解析 17 项
2026-08-27 17:38:58,500 - E:\STangWork\PythonProjects\skp_parser\main.py - WARNING - 分类校验[2020年各省重点项目清单汇总.xls] 基础设施项目-交通基础设施配套: 标题声明 20 项,解析 21 项
2026-08-27 17:38:58,500 - E:\STangWork\PythonProjects\skp_parser\main.py - WARNING - 分类校验[2020年各省重点项目清单汇总.xls] 基础设施项目-能源设施: 标题声明 7 项,解析 8 项
2026-08-27 17:38:58,500 - E:\STangWork\PythonProjects\skp_parser\main.py - WARNING - 分类校验[2020年各省重点项目清单汇总.xls] 基础设施项目-水务工程: 标题声明 11 项,解析 12 项
2026-08-27 17:38:58,500 - E:\STangWork\PythonProjects\skp_parser\main.py - WARNING - 分类校验[2020年各省重点项目清单汇总.xls] 基础设施项目-固液态废物处理设施: 标题声明 6 项,解析 7 项
2026-08-27 17:38:58,500 - E:\STangWork\PythonProjects\skp_parser\main.py - WARNING - 分类校验[2020年各省重点项目清单汇总.xls] 民生改善项目: 标题声明 100 项,解析 0 项
2026-08-27 17:38:58,500 - E:\STangWork\PythonProjects\skp_parser\main.py - WARNING - 分类校验[2020年各省重点项目清单汇总.xls] 民生改善项目-政策性住房: 标题声明 6 项,解析 7 项
2026-08-27 17:38:58,500 - E:\STangWork\PythonProjects\skp_parser\main.py - WARNING - 分类校验[2020年各省重点项目清单汇总.xls] 民生改善项目-教育: 标题声明 22 项,解析 23 项
2026-08-27 17:38:58,500 - E:\STangWork\PythonProjects\skp_parser\main.py - WARNING - 分类校验[2020年各省重点项目清单汇总.xls] 民生改善项目-医疗: 标题声明 22 项,解析 23 项
2026-08-27 17:38:58,500 - E:\STangWork\PythonProjects\skp_parser\main.py - WARNING - 分类校验[2020年各省重点项目清单汇总.xls] 民生改善项目-养老: 标题声明 5 项,解析 6 项
2026-08-27 17:38:58,500 - E:\STangWork\PythonProjects\skp_parser\main.py - WARNING - 分类校验[2020年各省重点项目清单汇总.xls] 民生改善项目-文化: 标题声明 10 项,解析 11 项
2026-08-27 17:38:58,500 - E:\STangWork\PythonProjects\skp_parser\main.py - WARNING - 分类校验[2020年各省重点项目清单汇总.xls] 民生改善项目-体育: 标题声明 13 项,解析 14 项
2026-08-27 17:38:58,500 - E:\STangWork\PythonProjects\skp_parser\main.py - WARNING - 分类校验[2020年各省重点项目清单汇总.xls] 民生改善项目-绿化: 标题声明 13 项,解析 14 项
2026-08-27 17:38:58,500 - E:\STangWork\PythonProjects\skp_parser\main.py - WARNING - 分类校验[2020年各省重点项目清单汇总.xls] 民生改善项目-城市更新及便民服务: 标题声明 9 项,解析 10 项
2026-08-27 17:38:58,500 - E:\STangWork\PythonProjects\skp_parser\main.py - WARNING - 分类校验[2020年各省重点项目清单汇总.xls] 高精尖产业项目: 标题声明 100 项,解析 0 项
2026-08-27 17:38:58,500 - E:\STangWork\PythonProjects\skp_parser\main.py - WARNING - 分类校验[2020年各省重点项目清单汇总.xls] 高精尖产业项目-交叉研究平台及大科学装置: 标题声明 18 项,解析 19 项
2026-08-27 17:38:58,501 - E:\STangWork\PythonProjects\skp_parser\main.py - WARNING - 分类校验[2020年各省重点项目清单汇总.xls] 高精尖产业项目-先进制造业: 标题声明 40 项,解析 41 项
2026-08-27 17:38:58,501 - E:\STangWork\PythonProjects\skp_parser\main.py - WARNING - 分类校验[2020年各省重点项目清单汇总.xls] 高精尖产业项目-服务业扩大开放: 标题声明 28 项,解析 29 项
2026-08-27 17:38:58,501 - E:\STangWork\PythonProjects\skp_parser\main.py - WARNING - 分类校验[2020年各省重点项目清单汇总.xls] 高精尖产业项目-文化旅游: 标题声明 14 项,解析 15 项
2026-08-27 17:38:58,501 - E:\STangWork\PythonProjects\skp_parser\main.py - WARNING - 分类校验[2020年各省重点项目清单汇总.xls] 社会民生类  25项: 标题声明 9 项,解析 0 项
2026-08-27 17:38:58,501 - E:\STangWork\PythonProjects\skp_parser\main.py - WARNING - 分类校验[2020年各省重点项目清单汇总.xls] 生态文明建设类  12项: 标题声明 7 项,解析 12 项
2026-08-27 17:38:58,501 - E:\STangWork\PythonProjects\skp_parser\main.py - WARNING - 分类校验[2020年各省重点项目清单汇总.xls] 城市基础设施类  57项: 标题声明 7 项,解析 0 项
2026-08-27 17:38:58,501 - E:\STangWork\PythonProjects\skp_parser\main.py - WARNING - 分类校验[2020年各省重点项目清单汇总.xls] 城乡融合与乡村振兴类  16项: 标题声明 6 项,解析 103 项
2026-08-27 17:39:04,856 - <stdin> - INFO - [ok] 2020年各省重点项目清单汇总.xls | 2135 | 
2026-08-27 17:39:05,111 - <stdin> - INFO - [ok] 2020年湖南省重点建设项目名单（第二批）.xls | 114 | 
2026-08-27 17:39:05,362 - <stdin> - INFO - [ok] 湖南省2020第一批重点项目.xls | 224 | 
2026-08-27 17:39:05,539 - <stdin> - INFO - [ok] 江苏省2020年重大项目投资计划.xls | 256 | 
2026-08-27 17:39:05,811 - E:\STangWork\PythonProjects\skp_parser\parser\pdf_parser.py - WARNING - E:\STangWork\STangFiles\各省重点项目：2020年起\2020年重点项目\2020年各省市重点项目清单汇总：51.63万亿\22江西省2020年重点项目清单\江西省2020第一批重点项目.pdf: 未提取到任何文本,疑似扫描件(需 OCR 支持)
2026-08-27 17:39:06,294 - <stdin> - INFO - [ok] 江西省2020第一批重点项目.pdf | 0 | 
2026-08-27 17:39:06,380 - E:\STangWork\PythonProjects\skp_parser\main.py - WARNING - 分类校验[附件：2020年第二批省重点项目名单( 名单）.xls] 续建项目: 标题声明 2 项,解析 0 项
2026-08-27 17:39:06,419 - E:\STangWork\PythonProjects\skp_parser\main.py - WARNING - 分类校验[附件：2020年第二批省重点项目名单( 名单）.xls] 新开工项目: 标题声明 62 项,解析 0 项
2026-08-27 17:39:06,669 - <stdin> - INFO - [ok] 附件：2020年第二批省重点项目名单( 名单）.xls | 64 | 
2026-08-27 17:39:13,324 - <stdin> - INFO - [ok] 2020年山东省新旧动能转换重大项目库第一批优选项目名单（500个）.pdf | 499 | 
2026-08-27 17:39:13,773 - <stdin> - INFO - [ok] 2020年山东省重大准备项目名单.xlsx | 88 | 
2026-08-27 17:39:14,912 - <stdin> - INFO - [ok] 2020年山东省重大建设项目名单.xlsx | 233 | 
2026-08-27 17:39:16,565 - <stdin> - INFO - [ok] 山东省2020年省重大准备项目名单（88项）.pdf | 85 | 
2026-08-27 17:39:22,567 - <stdin> - INFO - [ok] 山东省2020年重大建设项目名单（223项）.pdf | 130 | 
2026-08-27 17:39:24,910 - E:\STangWork\PythonProjects\skp_parser\parser\pdf_parser.py - WARNING - E:\STangWork\STangFiles\各省重点项目：2020年起\2020年重点项目\2020年各省市重点项目清单汇总：51.63万亿\26山东省2020年重点项目清单\山东省“双招双引”重点签约项目（200个）.pdf: 表格提取仅 1 条(疑似单元格截断),改用列式提取
2026-08-27 17:39:27,992 - <stdin> - INFO - [ok] 山东省“双招双引”重点签约项目（200个）.pdf | 163 | 
2026-08-27 17:39:28,425 - E:\STangWork\PythonProjects\skp_parser\main.py - WARNING - 分类校验[2020年山西省级重点工程第二批项目名单.pdf] 新兴产业类项目: 标题声明 31 项,解析 32 项
2026-08-27 17:39:28,425 - E:\STangWork\PythonProjects\skp_parser\main.py - WARNING - 分类校验[2020年山西省级重点工程第二批项目名单.pdf] 新兴产业类项目-传统产业升级类项目: 标题声明 16 项,解析 17 项
2026-08-27 17:39:28,425 - E:\STangWork\PythonProjects\skp_parser\main.py - WARNING - 分类校验[2020年山西省级重点工程第二批项目名单.pdf] 新兴产业类项目-基础设施类项目: 标题声明 19 项,解析 21 项
2026-08-27 17:39:28,425 - E:\STangWork\PythonProjects\skp_parser\main.py - WARNING - 分类校验[2020年山西省级重点工程第二批项目名单.pdf] 新兴产业类项目-新兴产业类项目: 标题声明 20 项,解析 22 项
2026-08-27 17:39:28,650 - <stdin> - INFO - [ok] 2020年山西省级重点工程第二批项目名单.pdf | 92 | 
2026-08-27 17:39:31,252 - <stdin> - INFO - [ok] 山西省2020重点项目.pdf | 153 | 
2026-08-27 17:39:34,521 - <stdin> - INFO - [ok] 2020年陕西重点建设项目年度计划.pdf | 635 | 
2026-08-27 17:39:35,119 - E:\STangWork\PythonProjects\skp_parser\main.py - WARNING - 分类校验[2020年四川省重点项目清单-整理版.xlsx] 基础设施项目: 标题声明 266 项,解析 0 项
2026-08-27 17:39:35,119 - E:\STangWork\PythonProjects\skp_parser\main.py - WARNING - 分类校验[2020年四川省重点项目清单-整理版.xlsx] 基础设施项目-交通: 标题声明 136 项,解析 140 项
2026-08-27 17:39:35,119 - E:\STangWork\PythonProjects\skp_parser\main.py - WARNING - 分类校验[2020年四川省重点项目清单-整理版.xlsx] 基础设施项目-能源基础设施: 标题声明 7 项,解析 14 项
2026-08-27 17:39:35,119 - E:\STangWork\PythonProjects\skp_parser\main.py - WARNING - 分类校验[2020年四川省重点项目清单-整理版.xlsx] 基础设施项目-水利: 标题声明 13 项,解析 30 项
2026-08-27 17:39:35,119 - E:\STangWork\PythonProjects\skp_parser\main.py - WARNING - 分类校验[2020年四川省重点项目清单-整理版.xlsx] 产业及创新平台项目: 标题声明 341 项,解析 0 项
2026-08-27 17:39:35,119 - E:\STangWork\PythonProjects\skp_parser\main.py - WARNING - 分类校验[2020年四川省重点项目清单-整理版.xlsx] 生态建设和环境保护项目: 标题声明 35 项,解析 37 项
2026-08-27 17:39:37,770 - <stdin> - INFO - [ok] 2020年四川省重点项目清单-整理版.xlsx | 725 | 
2026-08-27 17:39:38,328 - E:\STangWork\PythonProjects\skp_parser\main.py - WARNING - 分类校验[2020年四川省重点项目清单.xlsx] 续建-交通: 标题声明 104 项,解析 141 项
2026-08-27 17:39:38,328 - E:\STangWork\PythonProjects\skp_parser\main.py - WARNING - 分类校验[2020年四川省重点项目清单.xlsx] 续建-水利: 标题声明 11 项,解析 28 项
2026-08-27 17:39:38,328 - E:\STangWork\PythonProjects\skp_parser\main.py - WARNING - 分类校验[2020年四川省重点项目清单.xlsx] 产业及创新平台项目: 标题声明 341 项,解析 45 项
2026-08-27 17:39:38,328 - E:\STangWork\PythonProjects\skp_parser\main.py - WARNING - 分类校验[2020年四川省重点项目清单.xlsx] 基础设施项目: 标题声明 73 项,解析 0 项
2026-08-27 17:39:39,331 - <stdin> - INFO - [ok] 2020年四川省重点项目清单.xlsx | 723 | 
2026-08-27 17:39:39,864 - E:\STangWork\PythonProjects\skp_parser\parser\pdf_parser.py - WARNING - E:\STangWork\STangFiles\各省重点项目：2020年起\2020年重点项目\2020年各省市重点项目清单汇总：51.63万亿\30云南省2020年重点项目清单\云发改投资〔2020〕210号.pdf: 列式提取仅 2 条,改用文本兜底
2026-08-27 17:39:39,870 - E:\STangWork\PythonProjects\skp_parser\parser\pdf_parser.py - WARNING - E:\STangWork\STangFiles\各省重点项目：2020年起\2020年重点项目\2020年各省市重点项目清单汇总：51.63万亿\30云南省2020年重点项目清单\云发改投资〔2020〕210号.pdf: 文本流错乱(碎片行占 1/1),解析结果弃用
2026-08-27 17:39:40,623 - <stdin> - INFO - [ok] 云发改投资〔2020〕210号.pdf | 0 | 
2026-08-27 17:39:41,085 - E:\STangWork\PythonProjects\skp_parser\parser\pdf_parser.py - WARNING - E:\STangWork\STangFiles\各省重点项目：2020年起\2020年重点项目\2020年各省市重点项目清单汇总：51.63万亿\30云南省2020年重点项目清单\云发改投资〔2020〕212号.pdf: 列式提取仅 1 条,改用文本兜底
2026-08-27 17:39:42,567 - <stdin> - INFO - [ok] 云发改投资〔2020〕212号.pdf | 0 | 
2026-08-27 17:39:42,822 - E:\STangWork\PythonProjects\skp_parser\parser\xls_parser.py - WARNING - E:\STangWork\STangFiles\各省重点项目：2020年起\2020年重点项目\2020年各省市重点项目清单汇总：51.63万亿\30云南省2020年重点项目清单\附件1_云南省2020年“四个一百”重点建设项目计划表.xls[项目行业类型]: 前 20 行未找到表头,跳过
2026-08-27 17:39:42,823 - E:\STangWork\PythonProjects\skp_parser\parser\xls_parser.py - WARNING - E:\STangWork\STangFiles\各省重点项目：2020年起\2020年重点项目\2020年各省市重点项目清单汇总：51.63万亿\30云南省2020年重点项目清单\附件1_云南省2020年“四个一百”重点建设项目计划表.xls[企业信用评级]: 前 20 行未找到表头,跳过
2026-08-27 17:39:42,823 - E:\STangWork\PythonProjects\skp_parser\parser\xls_parser.py - WARNING - E:\STangWork\STangFiles\各省重点项目：2020年起\2020年重点项目\2020年各省市重点项目清单汇总：51.63万亿\30云南省2020年重点项目清单\附件1_云南省2020年“四个一百”重点建设项目计划表.xls[融资模式]: 前 20 行未找到表头,跳过
2026-08-27 17:39:42,823 - E:\STangWork\PythonProjects\skp_parser\parser\xls_parser.py - WARNING - E:\STangWork\STangFiles\各省重点项目：2020年起\2020年重点项目\2020年各省市重点项目清单汇总：51.63万亿\30云南省2020年重点项目清单\附件1_云南省2020年“四个一百”重点建设项目计划表.xls[汇总单位]: 前 20 行未找到表头,跳过
2026-08-27 17:39:42,824 - E:\STangWork\PythonProjects\skp_parser\parser\xls_parser.py - WARNING - E:\STangWork\STangFiles\各省重点项目：2020年起\2020年重点项目\2020年各省市重点项目清单汇总：51.63万亿\30云南省2020年重点项目清单\附件1_云南省2020年“四个一百”重点建设项目计划表.xls[云南行政区划]: 前 20 行未找到表头,跳过
2026-08-27 17:39:44,374 - <stdin> - INFO - [ok] 附件1_云南省2020年“四个一百”重点建设项目计划表.xls | 521 | 
2026-08-27 17:39:44,494 - E:\STangWork\PythonProjects\skp_parser\parser\xls_parser.py - WARNING - E:\STangWork\STangFiles\各省重点项目：2020年起\2020年重点项目\2020年各省市重点项目清单汇总：51.63万亿\30云南省2020年重点项目清单\附件1_云南省2020年“四个一百”重点建设项目计划表（整理版）.xls[项目行业类型]: 前 20 行未找到表头,跳过
2026-08-27 17:39:44,495 - E:\STangWork\PythonProjects\skp_parser\parser\xls_parser.py - WARNING - E:\STangWork\STangFiles\各省重点项目：2020年起\2020年重点项目\2020年各省市重点项目清单汇总：51.63万亿\30云南省2020年重点项目清单\附件1_云南省2020年“四个一百”重点建设项目计划表（整理版）.xls[企业信用评级]: 前 20 行未找到表头,跳过
2026-08-27 17:39:44,495 - E:\STangWork\PythonProjects\skp_parser\parser\xls_parser.py - WARNING - E:\STangWork\STangFiles\各省重点项目：2020年起\2020年重点项目\2020年各省市重点项目清单汇总：51.63万亿\30云南省2020年重点项目清单\附件1_云南省2020年“四个一百”重点建设项目计划表（整理版）.xls[融资模式]: 前 20 行未找到表头,跳过
2026-08-27 17:39:44,495 - E:\STangWork\PythonProjects\skp_parser\parser\xls_parser.py - WARNING - E:\STangWork\STangFiles\各省重点项目：2020年起\2020年重点项目\2020年各省市重点项目清单汇总：51.63万亿\30云南省2020年重点项目清单\附件1_云南省2020年“四个一百”重点建设项目计划表（整理版）.xls[汇总单位]: 前 20 行未找到表头,跳过
2026-08-27 17:39:44,496 - E:\STangWork\PythonProjects\skp_parser\parser\xls_parser.py - WARNING - E:\STangWork\STangFiles\各省重点项目：2020年起\2020年重点项目\2020年各省市重点项目清单汇总：51.63万亿\30云南省2020年重点项目清单\附件1_云南省2020年“四个一百”重点建设项目计划表（整理版）.xls[云南行政区划]: 前 20 行未找到表头,跳过
2026-08-27 17:39:44,730 - <stdin> - INFO - [ok] 附件1_云南省2020年“四个一百”重点建设项目计划表（整理版）.xls | 521 | 
2026-08-27 17:39:48,331 - <stdin> - INFO - [ok] 2020年浙江省重点项目清单.xls | 1339 | 
2026-08-27 17:39:49,945 - <stdin> - INFO - [ok] 2020年各省市重点项目清单汇总：51_63万亿.pdf | 31 | 
2026-08-27 17:39:54,246 - E:\STangWork\PythonProjects\skp_parser\parser\pdf_parser.py - WARNING - E:\STangWork\STangFiles\各省重点项目：2020年起\2020年重点项目\2020年各省市重点项目清单汇总：51_63万亿_加密.pdf: 文本流错乱(碎片行占 21/64),解析结果弃用
2026-08-27 17:39:54,566 - <stdin> - INFO - [ok] 2020年各省市重点项目清单汇总：51_63万亿_加密.pdf | 0 | 
2026-08-27 17:39:54,589 - E:\STangWork\PythonProjects\skp_parser\util\db_util.py - INFO - 数据库连接池已关闭
2026-08-27 17:43:27,885 - E:\STangWork\PythonProjects\skp_parser\util\db_util.py - INFO - 数据库连接池已创建: 127.0.0.1:3306/suidaobig
2026-08-27 17:43:44,773 - E:\STangWork\PythonProjects\skp_parser\util\db_util.py - INFO - 数据库连接池已关闭
2026-08-27 17:43:53,556 - E:\STangWork\PythonProjects\skp_parser\util\db_util.py - INFO - 数据库连接池已创建: 127.0.0.1:3306/suidaobig
2026-08-27 17:43:54,133 - E:\STangWork\PythonProjects\skp_parser\util\db_util.py - INFO - 数据库连接池已关闭
2026-08-27 17:44:11,437 - E:\STangWork\PythonProjects\skp_parser\util\db_util.py - INFO - 数据库连接池已创建: 127.0.0.1:3306/suidaobig
2026-08-27 17:44:11,438 - E:\STangWork\PythonProjects\skp_parser\util\db_util.py - INFO - 数据库连接池已关闭
2026-08-27 17:44:19,280 - E:\STangWork\PythonProjects\skp_parser\util\db_util.py - INFO - 数据库连接池已创建: 127.0.0.1:3306/suidaobig
2026-08-27 17:44:19,281 - E:\STangWork\PythonProjects\skp_parser\util\db_util.py - INFO - 数据库连接池已关闭
2026-08-27 17:44:30,931 - E:\STangWork\PythonProjects\skp_parser\util\db_util.py - INFO - 数据库连接池已创建: 127.0.0.1:3306/suidaobig
2026-08-27 17:44:43,559 - E:\STangWork\PythonProjects\skp_parser\util\db_util.py - INFO - 数据库连接池已关闭
