2026-09-02 08:35:07,969 - E:\STangWork\PythonProjects\skp_parser\run_single.py - INFO - 单文件处理: E:\STangWork\STangFiles\各省重点项目：2020年起\2022年重点项目\05广西自治区2022年重点项目清单\2022年柳州市\柳州市2022年第一批\柳发改重大〔2022〕9号附件1：2022年第一批自治区层面统筹推进重大项目（新开工）进度目标责任表.xlsx.xlsx(上传 GoFast: False)
2026-09-02 08:35:07,977 - E:\STangWork\PythonProjects\skp_parser\util\db_util.py - INFO - 数据库连接池已创建: 127.0.0.1:3306/suidaobig
2026-09-02 08:35:08,110 - E:\STangWork\PythonProjects\skp_parser\util\db_util.py - INFO - 数据库表初始化完成(skp_file/skp_project/skp_file_extra/skp_notice/skp_category_declared)
2026-09-02 08:35:08,570 - E:\STangWork\PythonProjects\skp_parser\run_single.py - INFO - 删除旧数据: 文件 1 条, 项目 7 条, 特有信息 7 条, 通知 0 条, 分类声明 0 条
2026-09-02 08:35:08,704 - E:\STangWork\PythonProjects\skp_parser\main.py - WARNING - 通知信息解析失败 柳发改重大〔2022〕9号附件1：2022年第一批自治区层面统筹推进重大项目（新开工）进度目标责任表.xlsx.xlsx: No /Root object! - Is this really a PDF?
2026-09-02 08:35:08,954 - E:\STangWork\PythonProjects\skp_parser\run_single.py - INFO - OK: 柳发改重大〔2022〕9号附件1：2022年第一批自治区层面统筹推进重大项目（新开工）进度目标责任表.xlsx.xlsx (file_id=1428, 项目 7 条)
2026-09-02 08:35:08,954 - E:\STangWork\PythonProjects\skp_parser\util\db_util.py - INFO - 数据库连接池已关闭
2026-09-02 08:37:03,939 - E:\STangWork\PythonProjects\skp_parser\run_single.py - INFO - 单文件处理: E:\STangWork\STangFiles\各省重点项目：2020年起\2026年重点项目\04重庆市2026年重点项目清单\2026年秀山自治县\秀山自治县2026年重点建设项目清单.xlsx(上传 GoFast: False)
2026-09-02 08:37:03,948 - E:\STangWork\PythonProjects\skp_parser\util\db_util.py - INFO - 数据库连接池已创建: 127.0.0.1:3306/suidaobig
2026-09-02 08:37:04,158 - E:\STangWork\PythonProjects\skp_parser\util\db_util.py - INFO - 数据库表初始化完成(skp_file/skp_project/skp_file_extra/skp_notice/skp_category_declared)
2026-09-02 08:37:04,479 - E:\STangWork\PythonProjects\skp_parser\run_single.py - INFO - 删除旧数据: 文件 1 条, 项目 14 条, 特有信息 0 条, 通知 0 条, 分类声明 0 条
2026-09-02 08:37:04,606 - E:\STangWork\PythonProjects\skp_parser\run_single.py - INFO - OK: 秀山自治县2026年重点建设项目清单.xlsx (file_id=1429, 项目 14 条)
2026-09-02 08:37:04,607 - E:\STangWork\PythonProjects\skp_parser\util\db_util.py - INFO - 数据库连接池已关闭
2026-09-02 08:37:32,877 - E:\STangWork\PythonProjects\skp_parser\run_single.py - INFO - 单文件处理: E:\STangWork\STangFiles\各省重点项目：2020年起\2026年重点项目\04重庆市2026年重点项目清单\2026年秀山自治县\秀山自治县2026年重点建设项目清单.xlsx(上传 GoFast: False)
2026-09-02 08:37:32,897 - E:\STangWork\PythonProjects\skp_parser\util\db_util.py - INFO - 数据库连接池已创建: 127.0.0.1:3306/suidaobig
2026-09-02 08:37:33,153 - E:\STangWork\PythonProjects\skp_parser\util\db_util.py - INFO - 数据库表初始化完成(skp_file/skp_project/skp_file_extra/skp_notice/skp_category_declared)
2026-09-02 08:37:33,307 - E:\STangWork\PythonProjects\skp_parser\run_single.py - INFO - 删除旧数据: 文件 1 条, 项目 14 条, 特有信息 0 条, 通知 0 条, 分类声明 0 条
2026-09-02 08:38:33,162 - E:\STangWork\PythonProjects\skp_parser\run_single.py - INFO - 单文件处理: E:\STangWork\STangFiles\各省重点项目：2020年起\2026年重点项目\04重庆市2026年重点项目清单\2026年秀山自治县\秀山自治县2026年重点建设项目清单.xlsx(上传 GoFast: False)
2026-09-02 08:38:33,182 - E:\STangWork\PythonProjects\skp_parser\util\db_util.py - INFO - 数据库连接池已创建: 127.0.0.1:3306/suidaobig
2026-09-02 08:38:33,297 - E:\STangWork\PythonProjects\skp_parser\util\db_util.py - INFO - 数据库表初始化完成(skp_file/skp_project/skp_file_extra/skp_notice/skp_category_declared)
2026-09-02 08:38:33,299 - E:\STangWork\PythonProjects\skp_parser\run_single.py - INFO - 删除旧数据: 文件 0 条, 项目 0 条, 特有信息 0 条, 通知 0 条, 分类声明 0 条
2026-09-02 08:41:06,252 - E:\STangWork\PythonProjects\skp_parser\run_single.py - INFO - 单文件处理: E:\STangWork\STangFiles\各省重点项目：2020年起\2026年重点项目\04重庆市2026年重点项目清单\2026年秀山自治县\秀山自治县2026年重点建设项目清单.xlsx(上传 GoFast: False)
2026-09-02 08:41:06,260 - E:\STangWork\PythonProjects\skp_parser\util\db_util.py - INFO - 数据库连接池已创建: 127.0.0.1:3306/suidaobig
2026-09-02 08:41:06,465 - E:\STangWork\PythonProjects\skp_parser\util\db_util.py - INFO - 数据库表初始化完成(skp_file/skp_project/skp_file_extra/skp_notice/skp_category_declared)
2026-09-02 08:41:06,488 - E:\STangWork\PythonProjects\skp_parser\run_single.py - INFO - 删除旧数据: 文件 0 条, 项目 0 条, 特有信息 0 条, 通知 0 条, 分类声明 0 条
2026-09-02 08:41:06,762 - E:\STangWork\PythonProjects\skp_parser\run_single.py - INFO - OK: 秀山自治县2026年重点建设项目清单.xlsx (file_id=1430, 项目 15 条)
2026-09-02 08:41:06,762 - E:\STangWork\PythonProjects\skp_parser\util\db_util.py - INFO - 数据库连接池已关闭
2026-09-02 08:45:22,662 - E:\STangWork\PythonProjects\skp_parser\run_single.py - INFO - 单文件处理: E:\STangWork\STangFiles\各省重点项目：2020年起\2024年重点项目\04重庆市2024年重点项目清单\长寿区2024年\附件2 2024年度重大建设项目清单.xlsx(上传 GoFast: False)
2026-09-02 08:45:22,670 - E:\STangWork\PythonProjects\skp_parser\util\db_util.py - INFO - 数据库连接池已创建: 127.0.0.1:3306/suidaobig
2026-09-02 08:45:22,913 - E:\STangWork\PythonProjects\skp_parser\util\db_util.py - INFO - 数据库表初始化完成(skp_file/skp_project/skp_file_extra/skp_notice/skp_category_declared)
2026-09-02 08:45:23,536 - E:\STangWork\PythonProjects\skp_parser\run_single.py - INFO - 删除旧数据: 文件 1 条, 项目 223 条, 特有信息 223 条, 通知 0 条, 分类声明 0 条
2026-09-02 08:45:26,401 - E:\STangWork\PythonProjects\skp_parser\run_single.py - INFO - OK: 附件2 2024年度重大建设项目清单.xlsx (file_id=1431, 项目 223 条)
2026-09-02 08:45:26,401 - E:\STangWork\PythonProjects\skp_parser\util\db_util.py - INFO - 数据库连接池已关闭
2026-09-02 08:46:33,830 - E:\STangWork\PythonProjects\skp_parser\run_single.py - INFO - 单文件处理: E:\STangWork\STangFiles\各省重点项目：2020年起\2024年重点项目\04重庆市2024年重点项目清单\长寿区2024年\附件2 2024年度重大建设项目清单.xlsx(上传 GoFast: False)
2026-09-02 08:46:33,849 - E:\STangWork\PythonProjects\skp_parser\util\db_util.py - INFO - 数据库连接池已创建: 127.0.0.1:3306/suidaobig
2026-09-02 08:46:34,155 - E:\STangWork\PythonProjects\skp_parser\util\db_util.py - INFO - 数据库表初始化完成(skp_file/skp_project/skp_file_extra/skp_notice/skp_category_declared)
2026-09-02 08:46:34,285 - E:\STangWork\PythonProjects\skp_parser\run_single.py - INFO - 删除旧数据: 文件 1 条, 项目 223 条, 特有信息 223 条, 通知 0 条, 分类声明 0 条
2026-09-02 08:49:55,645 - E:\STangWork\PythonProjects\skp_parser\run_single.py - INFO - 单文件处理: E:\STangWork\STangFiles\各省重点项目：2020年起\2024年重点项目\04重庆市2024年重点项目清单\长寿区2024年\附件2 2024年度重大建设项目清单.xlsx(上传 GoFast: False)
2026-09-02 08:49:55,665 - E:\STangWork\PythonProjects\skp_parser\util\db_util.py - INFO - 数据库连接池已创建: 127.0.0.1:3306/suidaobig
2026-09-02 08:49:55,859 - E:\STangWork\PythonProjects\skp_parser\util\db_util.py - INFO - 数据库表初始化完成(skp_file/skp_project/skp_file_extra/skp_notice/skp_category_declared)
2026-09-02 08:49:56,043 - E:\STangWork\PythonProjects\skp_parser\run_single.py - INFO - 删除旧数据: 文件 1 条, 项目 223 条, 特有信息 223 条, 通知 0 条, 分类声明 0 条
2026-09-02 09:10:05,303 - E:\STangWork\PythonProjects\skp_parser\run_single.py - INFO - 单文件处理: E:\STangWork\STangFiles\各省重点项目：2020年起\2024年重点项目\04重庆市2024年重点项目清单\长寿区2024年\附件2 2024年度重大建设项目清单.xlsx(上传 GoFast: False)
2026-09-02 09:10:05,322 - E:\STangWork\PythonProjects\skp_parser\util\db_util.py - INFO - 数据库连接池已创建: 127.0.0.1:3306/suidaobig
2026-09-02 09:10:05,539 - E:\STangWork\PythonProjects\skp_parser\util\db_util.py - INFO - 数据库表初始化完成(skp_file/skp_project/skp_file_extra/skp_notice/skp_category_declared)
2026-09-02 09:10:05,562 - E:\STangWork\PythonProjects\skp_parser\run_single.py - INFO - 删除旧数据: 文件 0 条, 项目 0 条, 特有信息 0 条, 通知 0 条, 分类声明 0 条
2026-09-02 09:11:32,427 - E:\STangWork\PythonProjects\skp_parser\run_single.py - INFO - OK: 附件2 2024年度重大建设项目清单.xlsx (file_id=1433, 项目 223 条)
2026-09-02 09:11:32,429 - E:\STangWork\PythonProjects\skp_parser\util\db_util.py - INFO - 数据库连接池已关闭
2026-09-02 09:17:07,327 - E:\STangWork\PythonProjects\skp_parser\run_single.py - INFO - 单文件处理: E:\STangWork\STangFiles\各省重点项目：2020年起\2022年重点项目\05广西自治区2022年重点项目清单\附件 2022年上半年自治区层面统筹推进重大项目退出项目清单.xlsx(上传 GoFast: False)
2026-09-02 09:17:07,336 - E:\STangWork\PythonProjects\skp_parser\util\db_util.py - INFO - 数据库连接池已创建: 127.0.0.1:3306/suidaobig
2026-09-02 09:17:07,535 - E:\STangWork\PythonProjects\skp_parser\util\db_util.py - INFO - 数据库表初始化完成(skp_file/skp_project/skp_file_extra/skp_notice/skp_category_declared)
2026-09-02 09:17:07,552 - E:\STangWork\PythonProjects\skp_parser\run_single.py - INFO - 删除旧数据: 文件 0 条, 项目 0 条, 特有信息 0 条, 通知 0 条, 分类声明 0 条
2026-09-02 09:17:09,081 - E:\STangWork\PythonProjects\skp_parser\run_single.py - INFO - OK: 附件 2022年上半年自治区层面统筹推进重大项目退出项目清单.xlsx (file_id=1434, 项目 129 条)
2026-09-02 09:17:09,081 - E:\STangWork\PythonProjects\skp_parser\util\db_util.py - INFO - 数据库连接池已关闭
2026-09-02 09:19:32,553 - E:\STangWork\PythonProjects\skp_parser\run_single.py - INFO - 单文件处理: E:\STangWork\STangFiles\各省重点项目：2020年起\2022年重点项目\29四川省2022年重点项目清单\2022年甘孜州\2022年甘孜州重点项目名单.xlsx(上传 GoFast: False)
2026-09-02 09:19:32,562 - E:\STangWork\PythonProjects\skp_parser\util\db_util.py - INFO - 数据库连接池已创建: 127.0.0.1:3306/suidaobig
2026-09-02 09:19:32,691 - E:\STangWork\PythonProjects\skp_parser\util\db_util.py - INFO - 数据库表初始化完成(skp_file/skp_project/skp_file_extra/skp_notice/skp_category_declared)
2026-09-02 09:19:33,219 - E:\STangWork\PythonProjects\skp_parser\run_single.py - INFO - 删除旧数据: 文件 1 条, 项目 357 条, 特有信息 356 条, 通知 0 条, 分类声明 0 条
2026-09-02 09:19:35,736 - E:\STangWork\PythonProjects\skp_parser\run_single.py - INFO - OK: 2022年甘孜州重点项目名单.xlsx (file_id=1435, 项目 359 条)
2026-09-02 09:19:35,737 - E:\STangWork\PythonProjects\skp_parser\util\db_util.py - INFO - 数据库连接池已关闭
2026-09-02 09:58:03,436 - E:\STangWork\PythonProjects\skp_parser\run_single.py - INFO - 单文件处理: E:\STangWork\STangFiles\各省重点项目：2020年起\2023年重点项目\06内蒙古自治区2023年重点项目清单\2023年呼和浩特市\附件下载1：经开区2023年城市建设重点项目册.xlsx.xlsx(上传 GoFast: False)
2026-09-02 09:58:03,444 - E:\STangWork\PythonProjects\skp_parser\util\db_util.py - INFO - 数据库连接池已创建: 127.0.0.1:3306/suidaobig
2026-09-02 09:58:03,758 - E:\STangWork\PythonProjects\skp_parser\util\db_util.py - INFO - 数据库表初始化完成(skp_file/skp_project/skp_file_extra/skp_notice/skp_category_declared)
2026-09-02 09:58:03,782 - E:\STangWork\PythonProjects\skp_parser\run_single.py - INFO - 删除旧数据: 文件 0 条, 项目 0 条, 特有信息 0 条, 通知 0 条, 分类声明 0 条
2026-09-02 09:58:04,059 - E:\STangWork\PythonProjects\skp_parser\parser\base_parser.py - INFO - 合并表头修正: project_name 列 2 → 3
2026-09-02 09:58:04,077 - E:\STangWork\PythonProjects\skp_parser\parser\base_parser.py - INFO - 合并表头修正: project_name 列 2 → 3
2026-09-02 09:58:04,628 - E:\STangWork\PythonProjects\skp_parser\run_single.py - INFO - OK: 附件下载1：经开区2023年城市建设重点项目册.xlsx.xlsx (file_id=1436, 项目 98 条)
2026-09-02 09:58:04,628 - E:\STangWork\PythonProjects\skp_parser\util\db_util.py - INFO - 数据库连接池已关闭
2026-09-02 09:59:55,540 - E:\STangWork\PythonProjects\skp_parser\run_single.py - INFO - 单文件处理: E:\STangWork\STangFiles\各省重点项目：2020年起\2023年重点项目\06内蒙古自治区2023年重点项目清单\2023年呼和浩特市\附件下载1：经开区2023年城市建设重点项目册.xlsx.xlsx(上传 GoFast: False)
2026-09-02 09:59:55,559 - E:\STangWork\PythonProjects\skp_parser\util\db_util.py - INFO - 数据库连接池已创建: 127.0.0.1:3306/suidaobig
2026-09-02 09:59:55,741 - E:\STangWork\PythonProjects\skp_parser\util\db_util.py - INFO - 数据库表初始化完成(skp_file/skp_project/skp_file_extra/skp_notice/skp_category_declared)
2026-09-02 09:59:55,997 - E:\STangWork\PythonProjects\skp_parser\run_single.py - INFO - 删除旧数据: 文件 1 条, 项目 98 条, 特有信息 98 条, 通知 0 条, 分类声明 0 条
2026-09-02 10:00:13,870 - E:\STangWork\PythonProjects\skp_parser\parser\base_parser.py - INFO - 合并表头修正: project_name 列 2 → 3
2026-09-02 10:01:34,743 - E:\STangWork\PythonProjects\skp_parser\run_single.py - INFO - 单文件处理: E:\STangWork\STangFiles\各省重点项目：2020年起\2023年重点项目\06内蒙古自治区2023年重点项目清单\2023年呼和浩特市\附件下载1：经开区2023年城市建设重点项目册.xlsx.xlsx(上传 GoFast: False)
2026-09-02 10:01:34,763 - E:\STangWork\PythonProjects\skp_parser\util\db_util.py - INFO - 数据库连接池已创建: 127.0.0.1:3306/suidaobig
2026-09-02 10:01:34,885 - E:\STangWork\PythonProjects\skp_parser\util\db_util.py - INFO - 数据库表初始化完成(skp_file/skp_project/skp_file_extra/skp_notice/skp_category_declared)
2026-09-02 10:01:34,887 - E:\STangWork\PythonProjects\skp_parser\run_single.py - INFO - 删除旧数据: 文件 0 条, 项目 0 条, 特有信息 0 条, 通知 0 条, 分类声明 0 条
2026-09-02 10:01:39,314 - E:\STangWork\PythonProjects\skp_parser\parser\base_parser.py - INFO - 合并表头修正: project_name 列 2 → 3
2026-09-02 10:04:22,332 - E:\STangWork\PythonProjects\skp_parser\run_single.py - INFO - 单文件处理: E:\STangWork\STangFiles\各省重点项目：2020年起\2023年重点项目\06内蒙古自治区2023年重点项目清单\2023年呼和浩特市\附件下载1：经开区2023年城市建设重点项目册.xlsx.xlsx(上传 GoFast: False)
2026-09-02 10:04:22,341 - E:\STangWork\PythonProjects\skp_parser\util\db_util.py - INFO - 数据库连接池已创建: 127.0.0.1:3306/suidaobig
2026-09-02 10:04:22,523 - E:\STangWork\PythonProjects\skp_parser\util\db_util.py - INFO - 数据库表初始化完成(skp_file/skp_project/skp_file_extra/skp_notice/skp_category_declared)
2026-09-02 10:04:22,546 - E:\STangWork\PythonProjects\skp_parser\run_single.py - INFO - 删除旧数据: 文件 0 条, 项目 0 条, 特有信息 0 条, 通知 0 条, 分类声明 0 条
2026-09-02 10:04:22,837 - E:\STangWork\PythonProjects\skp_parser\parser\base_parser.py - INFO - 合并表头修正: project_name 列 2 → 3
2026-09-02 10:04:22,857 - E:\STangWork\PythonProjects\skp_parser\parser\base_parser.py - INFO - 合并表头修正: project_name 列 2 → 3
2026-09-02 10:04:23,855 - E:\STangWork\PythonProjects\skp_parser\run_single.py - INFO - OK: 附件下载1：经开区2023年城市建设重点项目册.xlsx.xlsx (file_id=1437, 项目 98 条)
2026-09-02 10:04:23,855 - E:\STangWork\PythonProjects\skp_parser\util\db_util.py - INFO - 数据库连接池已关闭
2026-09-02 10:04:46,675 - E:\STangWork\PythonProjects\skp_parser\parser\base_parser.py - INFO - 合并表头修正: project_name 列 2 → 3
2026-09-02 10:04:46,696 - E:\STangWork\PythonProjects\skp_parser\parser\base_parser.py - INFO - 合并表头修正: project_name 列 2 → 3
2026-09-02 10:05:23,878 - E:\STangWork\PythonProjects\skp_parser\parser\base_parser.py - INFO - 合并表头修正: project_name 列 2 → 3
2026-09-02 10:05:23,896 - E:\STangWork\PythonProjects\skp_parser\parser\base_parser.py - INFO - 合并表头修正: project_name 列 2 → 3
2026-09-02 10:06:44,333 - E:\STangWork\PythonProjects\skp_parser\parser\base_parser.py - INFO - 合并表头修正: project_name 列 2 → 3
2026-09-02 10:06:44,358 - E:\STangWork\PythonProjects\skp_parser\parser\base_parser.py - INFO - 合并表头修正: project_name 列 2 → 3
2026-09-02 10:07:48,610 - E:\STangWork\PythonProjects\skp_parser\parser\base_parser.py - INFO - 合并表头修正: project_name 列 3 → 4
2026-09-02 10:07:48,861 - E:\STangWork\PythonProjects\skp_parser\parser\base_parser.py - INFO - 合并表头修正: project_name 列 1 → 2
2026-09-02 10:16:34,264 - E:\STangWork\PythonProjects\skp_parser\parser\base_parser.py - INFO - 合并表头修正: project_name 列 2 → 3
2026-09-02 10:16:34,289 - E:\STangWork\PythonProjects\skp_parser\parser\base_parser.py - INFO - 合并表头修正: project_name 列 2 → 3
2026-09-02 10:17:42,506 - E:\STangWork\PythonProjects\skp_parser\parser\base_parser.py - INFO - 合并表头修正: project_name 列 3 → 4
2026-09-02 10:17:42,790 - E:\STangWork\PythonProjects\skp_parser\parser\base_parser.py - INFO - 合并表头修正: project_name 列 1 → 2
2026-09-02 10:17:44,312 - E:\STangWork\PythonProjects\skp_parser\parser\base_parser.py - INFO - 合并表头修正: project_name 列 1 → 2
2026-09-02 10:22:31,061 - E:\STangWork\PythonProjects\skp_parser\run_single.py - INFO - 单文件处理: E:\STangWork\STangFiles\各省重点项目：2020年起\2023年重点项目\06内蒙古自治区2023年重点项目清单\2023年呼和浩特市\附件下载1：经开区2023年城市建设重点项目册.xlsx.xlsx(上传 GoFast: False)
2026-09-02 10:22:31,072 - E:\STangWork\PythonProjects\skp_parser\util\db_util.py - INFO - 数据库连接池已创建: 127.0.0.1:3306/suidaobig
2026-09-02 10:22:31,223 - E:\STangWork\PythonProjects\skp_parser\util\db_util.py - INFO - 数据库表初始化完成(skp_file/skp_project/skp_file_extra/skp_notice/skp_category_declared)
2026-09-02 10:22:31,453 - E:\STangWork\PythonProjects\skp_parser\run_single.py - INFO - 删除旧数据: 文件 1 条, 项目 98 条, 特有信息 98 条, 通知 0 条, 分类声明 0 条
2026-09-02 10:22:31,759 - E:\STangWork\PythonProjects\skp_parser\parser\base_parser.py - INFO - 合并表头修正: project_name 列 2 → 3
2026-09-02 10:22:31,785 - E:\STangWork\PythonProjects\skp_parser\parser\base_parser.py - INFO - 合并表头修正: project_name 列 2 → 3
2026-09-02 10:22:31,795 - E:\STangWork\PythonProjects\skp_parser\main.py - WARNING - 分类校验[附件下载1：经开区2023年城市建设重点项目册.xlsx.xlsx] 基础设施类-供排水管网工程: 标题声明 17 项,解析 15 项
2026-09-02 10:22:31,795 - E:\STangWork\PythonProjects\skp_parser\main.py - WARNING - 分类校验[附件下载1：经开区2023年城市建设重点项目册.xlsx.xlsx] 基础设施类-强弱电设施及管线: 标题声明 7 项,解析 6 项
2026-09-02 10:22:31,795 - E:\STangWork\PythonProjects\skp_parser\main.py - WARNING - 分类校验[附件下载1：经开区2023年城市建设重点项目册.xlsx.xlsx] 基础设施类-新基建工程: 标题声明 4 项,解析 3 项
2026-09-02 10:22:31,795 - E:\STangWork\PythonProjects\skp_parser\main.py - WARNING - 分类校验[附件下载1：经开区2023年城市建设重点项目册.xlsx.xlsx] 交通便利类-新续建道路工程: 标题声明 22 项,解析 17 项
2026-09-02 10:22:31,795 - E:\STangWork\PythonProjects\skp_parser\main.py - WARNING - 分类校验[附件下载1：经开区2023年城市建设重点项目册.xlsx.xlsx] 交通便利类-新续建桥梁工程: 标题声明 2 项,解析 3 项
2026-09-02 10:22:31,795 - E:\STangWork\PythonProjects\skp_parser\main.py - WARNING - 分类校验[附件下载1：经开区2023年城市建设重点项目册.xlsx.xlsx] 市政基础设施建设工程-供排水管网工程: 标题声明 17 项,解析 15 项
2026-09-02 10:22:31,795 - E:\STangWork\PythonProjects\skp_parser\main.py - WARNING - 分类校验[附件下载1：经开区2023年城市建设重点项目册.xlsx.xlsx] 市政基础设施建设工程-强弱电设施及管线: 标题声明 7 项,解析 6 项
2026-09-02 10:22:31,795 - E:\STangWork\PythonProjects\skp_parser\main.py - WARNING - 分类校验[附件下载1：经开区2023年城市建设重点项目册.xlsx.xlsx] 市政基础设施建设工程-新基建工程: 标题声明 5 项,解析 4 项
2026-09-02 10:22:33,302 - E:\STangWork\PythonProjects\skp_parser\run_single.py - INFO - OK: 附件下载1：经开区2023年城市建设重点项目册.xlsx.xlsx (file_id=1438, 项目 98 条)
2026-09-02 10:22:33,302 - E:\STangWork\PythonProjects\skp_parser\util\db_util.py - INFO - 数据库连接池已关闭
2026-09-02 10:25:26,426 - E:\STangWork\PythonProjects\skp_parser\parser\base_parser.py - INFO - 合并表头修正: project_name 列 1 → 2
2026-09-02 10:25:26,719 - E:\STangWork\PythonProjects\skp_parser\parser\base_parser.py - INFO - 合并表头修正: project_name 列 2 → 3
2026-09-02 10:25:26,732 - E:\STangWork\PythonProjects\skp_parser\parser\base_parser.py - INFO - 合并表头修正: project_name 列 2 → 3
2026-09-02 10:26:32,270 - E:\STangWork\PythonProjects\skp_parser\parser\base_parser.py - INFO - 合并表头修正: project_name 列 3 → 4
2026-09-02 10:26:32,536 - E:\STangWork\PythonProjects\skp_parser\parser\base_parser.py - INFO - 合并表头修正: project_name 列 1 → 2
2026-09-02 10:29:23,966 - E:\STangWork\PythonProjects\skp_parser\run_single.py - INFO - 单文件处理: E:\STangWork\STangFiles\各省重点项目：2020年起\2023年重点项目\06内蒙古自治区2023年重点项目清单\2023年呼和浩特市\附件下载1：经开区2023年城市建设重点项目册.xlsx.xlsx(上传 GoFast: False)
2026-09-02 10:29:23,985 - E:\STangWork\PythonProjects\skp_parser\util\db_util.py - INFO - 数据库连接池已创建: 127.0.0.1:3306/suidaobig
2026-09-02 10:29:24,167 - E:\STangWork\PythonProjects\skp_parser\util\db_util.py - INFO - 数据库表初始化完成(skp_file/skp_project/skp_file_extra/skp_notice/skp_category_declared)
2026-09-02 10:29:24,271 - E:\STangWork\PythonProjects\skp_parser\run_single.py - INFO - 删除旧数据: 文件 1 条, 项目 98 条, 特有信息 98 条, 通知 0 条, 分类声明 20 条
2026-09-02 10:29:30,748 - E:\STangWork\PythonProjects\skp_parser\parser\base_parser.py - INFO - 合并表头修正: project_name 列 2 → 3
2026-09-02 10:32:25,104 - E:\STangWork\PythonProjects\skp_parser\run_single.py - INFO - 单文件处理: E:\STangWork\STangFiles\各省重点项目：2020年起\2023年重点项目\05广西自治区2023年重点项目清单\2023年贵港市\（贵重点项目办3号附件）贵港市2023年市级层面重大项目目标责任表.xlsx.xlsx(上传 GoFast: False)
2026-09-02 10:32:25,123 - E:\STangWork\PythonProjects\skp_parser\util\db_util.py - INFO - 数据库连接池已创建: 127.0.0.1:3306/suidaobig
2026-09-02 10:32:25,307 - E:\STangWork\PythonProjects\skp_parser\util\db_util.py - INFO - 数据库表初始化完成(skp_file/skp_project/skp_file_extra/skp_notice/skp_category_declared)
2026-09-02 10:32:27,240 - E:\STangWork\PythonProjects\skp_parser\run_single.py - INFO - 删除旧数据: 文件 1 条, 项目 931 条, 特有信息 931 条, 通知 0 条, 分类声明 0 条
2026-09-02 10:36:00,917 - E:\STangWork\PythonProjects\skp_parser\parser\base_parser.py - INFO - 合并表头修正: project_name 列 2 → 3
2026-09-02 10:36:00,947 - E:\STangWork\PythonProjects\skp_parser\parser\base_parser.py - INFO - 合并表头修正: project_name 列 2 → 3
2026-09-02 10:36:21,257 - E:\STangWork\PythonProjects\skp_parser\parser\base_parser.py - INFO - 合并表头修正: project_name 列 3 → 4
2026-09-02 10:36:21,504 - E:\STangWork\PythonProjects\skp_parser\parser\base_parser.py - INFO - 合并表头修正: project_name 列 1 → 2
2026-09-02 10:37:10,192 - E:\STangWork\PythonProjects\skp_parser\parser\base_parser.py - INFO - 合并表头修正: project_name 列 1 → 2
2026-09-02 10:48:59,506 - E:\STangWork\PythonProjects\skp_parser\parser\base_parser.py - INFO - 合并表头修正: project_name 列 2 → 3
2026-09-02 10:48:59,534 - E:\STangWork\PythonProjects\skp_parser\parser\base_parser.py - INFO - 合并表头修正: project_name 列 2 → 3
2026-09-02 10:49:18,138 - E:\STangWork\PythonProjects\skp_parser\parser\base_parser.py - INFO - 合并表头修正: project_name 列 3 → 4
2026-09-02 10:49:18,405 - E:\STangWork\PythonProjects\skp_parser\parser\base_parser.py - INFO - 合并表头修正: project_name 列 1 → 2
2026-09-02 10:50:03,048 - E:\STangWork\PythonProjects\skp_parser\parser\base_parser.py - INFO - 合并表头修正: project_name 列 1 → 2
2026-09-02 10:57:46,114 - E:\STangWork\PythonProjects\skp_parser\run_single.py - INFO - 单文件处理: E:\STangWork\STangFiles\各省重点项目：2020年起\2023年重点项目\05广西自治区2023年重点项目清单\2023年贵港市\（贵重点项目办3号附件）贵港市2023年市级层面重大项目目标责任表.xlsx.xlsx(上传 GoFast: False)
2026-09-02 10:57:46,124 - E:\STangWork\PythonProjects\skp_parser\util\db_util.py - INFO - 数据库连接池已创建: 127.0.0.1:3306/suidaobig
2026-09-02 10:57:46,324 - E:\STangWork\PythonProjects\skp_parser\util\db_util.py - INFO - 数据库表初始化完成(skp_file/skp_project/skp_file_extra/skp_notice/skp_category_declared)
2026-09-02 10:57:46,348 - E:\STangWork\PythonProjects\skp_parser\run_single.py - INFO - 删除旧数据: 文件 0 条, 项目 0 条, 特有信息 0 条, 通知 0 条, 分类声明 0 条
2026-09-02 10:57:49,416 - E:\STangWork\PythonProjects\skp_parser\run_single.py - INFO - OK: （贵重点项目办3号附件）贵港市2023年市级层面重大项目目标责任表.xlsx.xlsx (file_id=1439, 项目 931 条)
2026-09-02 10:57:49,416 - E:\STangWork\PythonProjects\skp_parser\util\db_util.py - INFO - 数据库连接池已关闭
2026-09-02 10:59:25,077 - E:\STangWork\PythonProjects\skp_parser\run_single.py - INFO - 单文件处理: E:\STangWork\STangFiles\各省重点项目：2020年起\2023年重点项目\05广西自治区2023年重点项目清单\2023年贵港市\（贵重点项目办3号附件）贵港市2023年市级层面重大项目目标责任表.xlsx.xlsx(上传 GoFast: False)
2026-09-02 10:59:25,097 - E:\STangWork\PythonProjects\skp_parser\util\db_util.py - INFO - 数据库连接池已创建: 127.0.0.1:3306/suidaobig
2026-09-02 10:59:25,236 - E:\STangWork\PythonProjects\skp_parser\util\db_util.py - INFO - 数据库表初始化完成(skp_file/skp_project/skp_file_extra/skp_notice/skp_category_declared)
2026-09-02 10:59:25,710 - E:\STangWork\PythonProjects\skp_parser\run_single.py - INFO - 删除旧数据: 文件 1 条, 项目 931 条, 特有信息 931 条, 通知 0 条, 分类声明 0 条
2026-09-02 11:07:55,263 - E:\STangWork\PythonProjects\skp_parser\run_single.py - INFO - OK: （贵重点项目办3号附件）贵港市2023年市级层面重大项目目标责任表.xlsx.xlsx (file_id=1440, 项目 931 条)
2026-09-02 11:07:55,264 - E:\STangWork\PythonProjects\skp_parser\util\db_util.py - INFO - 数据库连接池已关闭
2026-09-02 11:08:13,973 - E:\STangWork\PythonProjects\skp_parser\run_single.py - INFO - 单文件处理: E:\STangWork\STangFiles\各省重点项目：2020年起\2022年重点项目\07宁夏自治区2022年重点项目清单\附件-1 2022年自治区重点建设项目投资计划.xlsx(上传 GoFast: False)
2026-09-02 11:08:14,019 - E:\STangWork\PythonProjects\skp_parser\util\db_util.py - INFO - 数据库连接池已创建: 127.0.0.1:3306/suidaobig
2026-09-02 11:08:14,230 - E:\STangWork\PythonProjects\skp_parser\util\db_util.py - INFO - 数据库表初始化完成(skp_file/skp_project/skp_file_extra/skp_notice/skp_category_declared)
2026-09-02 11:08:14,248 - E:\STangWork\PythonProjects\skp_parser\run_single.py - INFO - 删除旧数据: 文件 0 条, 项目 0 条, 特有信息 0 条, 通知 0 条, 分类声明 0 条
2026-09-02 11:08:16,574 - E:\STangWork\PythonProjects\skp_parser\parser\base_parser.py - INFO - 合并表头修正: project_name 列 0 → 1
2026-09-02 11:08:16,596 - E:\STangWork\PythonProjects\skp_parser\main.py - WARNING - 分类校验[附件-1 2022年自治区重点建设项目投资计划.xlsx] 标注▲2018年重点建设项目结转: 标题声明 35 项,解析 10 项
2026-09-02 11:08:17,055 - E:\STangWork\PythonProjects\skp_parser\run_single.py - INFO - OK: 附件-1 2022年自治区重点建设项目投资计划.xlsx (file_id=1441, 项目 148 条)
2026-09-02 11:08:17,055 - E:\STangWork\PythonProjects\skp_parser\util\db_util.py - INFO - 数据库连接池已关闭
2026-09-02 11:11:53,928 - E:\STangWork\PythonProjects\skp_parser\run_single.py - INFO - 单文件处理: E:\STangWork\STangFiles\各省重点项目：2020年起\2023年重点项目\11福建省2023年重点项目清单\2023年福州市\2023年度市级重点项目名录.xlsx(上传 GoFast: False)
2026-09-02 11:11:53,937 - E:\STangWork\PythonProjects\skp_parser\util\db_util.py - INFO - 数据库连接池已创建: 127.0.0.1:3306/suidaobig
2026-09-02 11:11:54,076 - E:\STangWork\PythonProjects\skp_parser\util\db_util.py - INFO - 数据库表初始化完成(skp_file/skp_project/skp_file_extra/skp_notice/skp_category_declared)
2026-09-02 11:11:56,877 - E:\STangWork\PythonProjects\skp_parser\run_single.py - INFO - 删除旧数据: 文件 1 条, 项目 1987 条, 特有信息 0 条, 通知 0 条, 分类声明 0 条
2026-09-02 11:12:06,689 - E:\STangWork\PythonProjects\skp_parser\run_single.py - INFO - OK: 2023年度市级重点项目名录.xlsx (file_id=1442, 项目 1988 条)
2026-09-02 11:12:06,689 - E:\STangWork\PythonProjects\skp_parser\util\db_util.py - INFO - 数据库连接池已关闭
2026-09-02 11:15:44,461 - E:\STangWork\PythonProjects\skp_parser\run_single.py - INFO - 单文件处理: E:\STangWork\STangFiles\各省重点项目：2020年起\2024年重点项目\04重庆市2024年重点项目清单\垫江县2024年\重庆市垫江县2024年重点建设项目名单.xlsx(上传 GoFast: False)
2026-09-02 11:15:44,469 - E:\STangWork\PythonProjects\skp_parser\util\db_util.py - INFO - 数据库连接池已创建: 127.0.0.1:3306/suidaobig
2026-09-02 11:15:44,679 - E:\STangWork\PythonProjects\skp_parser\util\db_util.py - INFO - 数据库表初始化完成(skp_file/skp_project/skp_file_extra/skp_notice/skp_category_declared)
2026-09-02 11:15:45,367 - E:\STangWork\PythonProjects\skp_parser\run_single.py - INFO - 删除旧数据: 文件 1 条, 项目 187 条, 特有信息 168 条, 通知 0 条, 分类声明 0 条
2026-09-02 11:15:47,905 - E:\STangWork\PythonProjects\skp_parser\run_single.py - INFO - OK: 重庆市垫江县2024年重点建设项目名单.xlsx (file_id=1443, 项目 185 条)
2026-09-02 11:15:47,905 - E:\STangWork\PythonProjects\skp_parser\util\db_util.py - INFO - 数据库连接池已关闭
2026-09-02 11:16:23,765 - E:\STangWork\PythonProjects\skp_parser\run_single.py - INFO - 单文件处理: E:\STangWork\STangFiles\各省重点项目：2020年起\2024年重点项目\30云南省2024年重点项目清单\昆明市2024年\附件1.昆明市2024年市级重大项目计划表(在建项目).xlsx(上传 GoFast: False)
2026-09-02 11:16:23,783 - E:\STangWork\PythonProjects\skp_parser\util\db_util.py - INFO - 数据库连接池已创建: 127.0.0.1:3306/suidaobig
2026-09-02 11:16:23,921 - E:\STangWork\PythonProjects\skp_parser\util\db_util.py - INFO - 数据库表初始化完成(skp_file/skp_project/skp_file_extra/skp_notice/skp_category_declared)
2026-09-02 11:16:24,092 - E:\STangWork\PythonProjects\skp_parser\run_single.py - INFO - 删除旧数据: 文件 1 条, 项目 264 条, 特有信息 264 条, 通知 0 条, 分类声明 0 条
2026-09-02 11:36:21,895 - E:\STangWork\PythonProjects\skp_parser\parser\base_parser.py - INFO - 合并表头修正: project_name 列 2 → 3
2026-09-02 11:36:21,927 - E:\STangWork\PythonProjects\skp_parser\parser\base_parser.py - INFO - 合并表头修正: project_name 列 2 → 3
2026-09-02 11:36:41,392 - E:\STangWork\PythonProjects\skp_parser\parser\base_parser.py - INFO - 合并表头修正: project_name 列 3 → 4
2026-09-02 11:36:41,651 - E:\STangWork\PythonProjects\skp_parser\parser\base_parser.py - INFO - 合并表头修正: project_name 列 1 → 2
2026-09-02 11:37:28,991 - E:\STangWork\PythonProjects\skp_parser\parser\base_parser.py - INFO - 合并表头修正: project_name 列 1 → 2
2026-09-02 11:48:15,095 - E:\STangWork\PythonProjects\skp_parser\run_single.py - INFO - 单文件处理: E:\STangWork\STangFiles\各省重点项目：2020年起\2024年重点项目\30云南省2024年重点项目清单\昆明市2024年\附件1.昆明市2024年市级重大项目计划表(在建项目).xlsx(上传 GoFast: False)
2026-09-02 11:48:15,111 - E:\STangWork\PythonProjects\skp_parser\util\db_util.py - INFO - 数据库连接池已创建: 127.0.0.1:3306/suidaobig
2026-09-02 11:48:15,371 - E:\STangWork\PythonProjects\skp_parser\util\db_util.py - INFO - 数据库表初始化完成(skp_file/skp_project/skp_file_extra/skp_notice/skp_category_declared)
2026-09-02 11:48:15,390 - E:\STangWork\PythonProjects\skp_parser\run_single.py - INFO - 删除旧数据: 文件 0 条, 项目 0 条, 特有信息 0 条, 通知 0 条, 分类声明 0 条
2026-09-02 11:48:15,506 - E:\STangWork\PythonProjects\skp_parser\main.py - WARNING - 分类校验[附件1.昆明市2024年市级重大项目计划表(在建项目).xlsx] 农林水利: 标题声明 14 项,解析 15 项
2026-09-02 11:48:15,506 - E:\STangWork\PythonProjects\skp_parser\main.py - WARNING - 分类校验[附件1.昆明市2024年市级重大项目计划表(在建项目).xlsx] 农林水利-水利: 标题声明 7 项,解析 11 项
2026-09-02 11:48:15,506 - E:\STangWork\PythonProjects\skp_parser\main.py - WARNING - 分类校验[附件1.昆明市2024年市级重大项目计划表(在建项目).xlsx] 综合交通项目: 标题声明 21 项,解析 22 项
2026-09-02 11:48:15,506 - E:\STangWork\PythonProjects\skp_parser\main.py - WARNING - 分类校验[附件1.昆明市2024年市级重大项目计划表(在建项目).xlsx] 综合交通项目-港口及航运: 标题声明 1 项,解析 5 项
2026-09-02 11:48:15,506 - E:\STangWork\PythonProjects\skp_parser\main.py - WARNING - 分类校验[附件1.昆明市2024年市级重大项目计划表(在建项目).xlsx] 城市建设（含城市更新改造）: 标题声明 51 项,解析 52 项
2026-09-02 11:48:15,506 - E:\STangWork\PythonProjects\skp_parser\main.py - WARNING - 分类校验[附件1.昆明市2024年市级重大项目计划表(在建项目).xlsx] 工业和信息化: 标题声明 66 项,解析 67 项
2026-09-02 11:48:15,507 - E:\STangWork\PythonProjects\skp_parser\main.py - WARNING - 分类校验[附件1.昆明市2024年市级重大项目计划表(在建项目).xlsx] 工业和信息化-工业园区基础设施: 标题声明 9 项,解析 26 项
2026-09-02 11:48:17,389 - E:\STangWork\PythonProjects\skp_parser\run_single.py - INFO - OK: 附件1.昆明市2024年市级重大项目计划表(在建项目).xlsx (file_id=1444, 项目 264 条)
2026-09-02 11:48:17,390 - E:\STangWork\PythonProjects\skp_parser\util\db_util.py - INFO - 数据库连接池已关闭
2026-09-02 11:49:05,369 - E:\STangWork\PythonProjects\skp_parser\run_single.py - INFO - 单文件处理: E:\STangWork\STangFiles\各省重点项目：2020年起\2024年重点项目\30云南省2024年重点项目清单\昆明市2024年\附件1.昆明市2024年市级重大项目计划表(在建项目).xlsx(上传 GoFast: False)
2026-09-02 11:49:05,379 - E:\STangWork\PythonProjects\skp_parser\util\db_util.py - INFO - 数据库连接池已创建: 127.0.0.1:3306/suidaobig
2026-09-02 11:49:05,515 - E:\STangWork\PythonProjects\skp_parser\util\db_util.py - INFO - 数据库表初始化完成(skp_file/skp_project/skp_file_extra/skp_notice/skp_category_declared)
2026-09-02 11:49:05,619 - E:\STangWork\PythonProjects\skp_parser\run_single.py - INFO - 删除旧数据: 文件 1 条, 项目 264 条, 特有信息 264 条, 通知 0 条, 分类声明 22 条
2026-09-02 11:49:05,735 - E:\STangWork\PythonProjects\skp_parser\main.py - WARNING - 分类校验[附件1.昆明市2024年市级重大项目计划表(在建项目).xlsx] 农林水利: 标题声明 14 项,解析 15 项
2026-09-02 11:49:05,736 - E:\STangWork\PythonProjects\skp_parser\main.py - WARNING - 分类校验[附件1.昆明市2024年市级重大项目计划表(在建项目).xlsx] 农林水利-水利: 标题声明 7 项,解析 11 项
2026-09-02 11:49:05,736 - E:\STangWork\PythonProjects\skp_parser\main.py - WARNING - 分类校验[附件1.昆明市2024年市级重大项目计划表(在建项目).xlsx] 综合交通项目: 标题声明 21 项,解析 22 项
2026-09-02 11:49:05,736 - E:\STangWork\PythonProjects\skp_parser\main.py - WARNING - 分类校验[附件1.昆明市2024年市级重大项目计划表(在建项目).xlsx] 综合交通项目-港口及航运: 标题声明 1 项,解析 5 项
2026-09-02 11:49:05,736 - E:\STangWork\PythonProjects\skp_parser\main.py - WARNING - 分类校验[附件1.昆明市2024年市级重大项目计划表(在建项目).xlsx] 城市建设（含城市更新改造）: 标题声明 51 项,解析 52 项
2026-09-02 11:49:05,736 - E:\STangWork\PythonProjects\skp_parser\main.py - WARNING - 分类校验[附件1.昆明市2024年市级重大项目计划表(在建项目).xlsx] 工业和信息化: 标题声明 66 项,解析 67 项
2026-09-02 11:49:05,736 - E:\STangWork\PythonProjects\skp_parser\main.py - WARNING - 分类校验[附件1.昆明市2024年市级重大项目计划表(在建项目).xlsx] 工业和信息化-工业园区基础设施: 标题声明 9 项,解析 26 项
2026-09-02 11:49:09,787 - E:\STangWork\PythonProjects\skp_parser\run_single.py - INFO - OK: 附件1.昆明市2024年市级重大项目计划表(在建项目).xlsx (file_id=1445, 项目 264 条)
2026-09-02 11:49:09,787 - E:\STangWork\PythonProjects\skp_parser\util\db_util.py - INFO - 数据库连接池已关闭
2026-09-02 11:50:10,035 - E:\STangWork\PythonProjects\skp_parser\run_single.py - INFO - 单文件处理: E:\STangWork\STangFiles\各省重点项目：2020年起\2024年重点项目\30云南省2024年重点项目清单\昆明市2024年\附件1.昆明市2024年市级重大项目计划表(在建项目).xlsx(上传 GoFast: False)
2026-09-02 11:50:10,053 - E:\STangWork\PythonProjects\skp_parser\util\db_util.py - INFO - 数据库连接池已创建: 127.0.0.1:3306/suidaobig
2026-09-02 11:50:10,171 - E:\STangWork\PythonProjects\skp_parser\util\db_util.py - INFO - 数据库表初始化完成(skp_file/skp_project/skp_file_extra/skp_notice/skp_category_declared)
2026-09-02 11:50:10,304 - E:\STangWork\PythonProjects\skp_parser\run_single.py - INFO - 删除旧数据: 文件 1 条, 项目 264 条, 特有信息 264 条, 通知 0 条, 分类声明 22 条
2026-09-02 11:53:58,617 - E:\STangWork\PythonProjects\skp_parser\run_single.py - INFO - 单文件处理: E:\STangWork\STangFiles\各省重点项目：2020年起\2024年重点项目\30云南省2024年重点项目清单\昆明市2024年\附件1.昆明市2024年市级重大项目计划表(在建项目).xlsx(上传 GoFast: False)
2026-09-02 11:53:58,635 - E:\STangWork\PythonProjects\skp_parser\util\db_util.py - INFO - 数据库连接池已创建: 127.0.0.1:3306/suidaobig
2026-09-02 11:53:58,823 - E:\STangWork\PythonProjects\skp_parser\util\db_util.py - INFO - 数据库表初始化完成(skp_file/skp_project/skp_file_extra/skp_notice/skp_category_declared)
2026-09-02 11:53:58,841 - E:\STangWork\PythonProjects\skp_parser\run_single.py - INFO - 删除旧数据: 文件 0 条, 项目 0 条, 特有信息 0 条, 通知 0 条, 分类声明 0 条
2026-09-02 13:55:32,549 - E:\STangWork\PythonProjects\skp_parser\run_single.py - INFO - 单文件处理: E:\STangWork\STangFiles\各省重点项目：2020年起\2024年重点项目\30云南省2024年重点项目清单\昆明市2024年\附件1.昆明市2024年市级重大项目计划表(在建项目).xlsx(上传 GoFast: False)
2026-09-02 13:55:32,558 - E:\STangWork\PythonProjects\skp_parser\util\db_util.py - INFO - 数据库连接池已创建: 127.0.0.1:3306/suidaobig
2026-09-02 13:55:33,038 - E:\STangWork\PythonProjects\skp_parser\util\db_util.py - INFO - 数据库表初始化完成(skp_file/skp_project/skp_file_extra/skp_notice/skp_category_declared)
2026-09-02 13:55:33,062 - E:\STangWork\PythonProjects\skp_parser\run_single.py - INFO - 删除旧数据: 文件 0 条, 项目 0 条, 特有信息 0 条, 通知 0 条, 分类声明 0 条
2026-09-02 13:55:35,056 - E:\STangWork\PythonProjects\skp_parser\run_single.py - INFO - OK: 附件1.昆明市2024年市级重大项目计划表(在建项目).xlsx (file_id=1446, 项目 260 条)
2026-09-02 13:55:35,057 - E:\STangWork\PythonProjects\skp_parser\util\db_util.py - INFO - 数据库连接池已关闭
2026-09-02 13:56:22,851 - E:\STangWork\PythonProjects\skp_parser\run_single.py - INFO - 单文件处理: E:\STangWork\STangFiles\各省重点项目：2020年起\2026年重点项目\22江苏省2026年重点项目清单\2026年镇江市\2026年镇江市重大项目清单.xlsx(上传 GoFast: False)
2026-09-02 13:56:22,907 - E:\STangWork\PythonProjects\skp_parser\util\db_util.py - INFO - 数据库连接池已创建: 127.0.0.1:3306/suidaobig
2026-09-02 13:56:23,022 - E:\STangWork\PythonProjects\skp_parser\util\db_util.py - INFO - 数据库表初始化完成(skp_file/skp_project/skp_file_extra/skp_notice/skp_category_declared)
2026-09-02 13:56:23,396 - E:\STangWork\PythonProjects\skp_parser\run_single.py - INFO - 删除旧数据: 文件 1 条, 项目 373 条, 特有信息 364 条, 通知 0 条, 分类声明 0 条
2026-09-02 13:56:25,873 - E:\STangWork\PythonProjects\skp_parser\run_single.py - INFO - OK: 2026年镇江市重大项目清单.xlsx (file_id=1447, 项目 364 条)
2026-09-02 13:56:25,873 - E:\STangWork\PythonProjects\skp_parser\util\db_util.py - INFO - 数据库连接池已关闭
2026-09-02 13:57:33,648 - E:\STangWork\PythonProjects\skp_parser\run_single.py - INFO - 单文件处理: E:\STangWork\STangFiles\各省重点项目：2020年起\2025年重点项目\04重庆市2025年重点项目清单\垫江县2025年\重庆市垫江县2025年重点建设项目清单.xlsx(上传 GoFast: False)
2026-09-02 13:57:33,683 - E:\STangWork\PythonProjects\skp_parser\util\db_util.py - INFO - 数据库连接池已创建: 127.0.0.1:3306/suidaobig
2026-09-02 13:57:33,795 - E:\STangWork\PythonProjects\skp_parser\util\db_util.py - INFO - 数据库表初始化完成(skp_file/skp_project/skp_file_extra/skp_notice/skp_category_declared)
2026-09-02 13:57:34,010 - E:\STangWork\PythonProjects\skp_parser\run_single.py - INFO - 删除旧数据: 文件 1 条, 项目 194 条, 特有信息 180 条, 通知 0 条, 分类声明 0 条
2026-09-02 13:57:36,482 - E:\STangWork\PythonProjects\skp_parser\run_single.py - INFO - OK: 重庆市垫江县2025年重点建设项目清单.xlsx (file_id=1448, 项目 192 条)
2026-09-02 13:57:36,482 - E:\STangWork\PythonProjects\skp_parser\util\db_util.py - INFO - 数据库连接池已关闭
2026-09-02 13:58:04,818 - E:\STangWork\PythonProjects\skp_parser\run_single.py - INFO - 单文件处理: E:\STangWork\STangFiles\各省重点项目：2020年起\2025年重点项目\04重庆市2025年重点项目清单\垫江县2025年\重庆市垫江县2025年重点建设项目清单.xlsx(上传 GoFast: False)
2026-09-02 13:58:04,839 - E:\STangWork\PythonProjects\skp_parser\util\db_util.py - INFO - 数据库连接池已创建: 127.0.0.1:3306/suidaobig
2026-09-02 13:58:04,997 - E:\STangWork\PythonProjects\skp_parser\util\db_util.py - INFO - 数据库表初始化完成(skp_file/skp_project/skp_file_extra/skp_notice/skp_category_declared)
2026-09-02 13:58:05,103 - E:\STangWork\PythonProjects\skp_parser\run_single.py - INFO - 删除旧数据: 文件 1 条, 项目 192 条, 特有信息 180 条, 通知 0 条, 分类声明 0 条
2026-09-02 14:39:02,968 - E:\STangWork\PythonProjects\skp_parser\parser\base_parser.py - INFO - 合并表头修正: project_name 列 2 → 3
2026-09-02 14:39:02,998 - E:\STangWork\PythonProjects\skp_parser\parser\base_parser.py - INFO - 合并表头修正: project_name 列 2 → 3
2026-09-02 14:39:22,409 - E:\STangWork\PythonProjects\skp_parser\parser\base_parser.py - INFO - 合并表头修正: project_name 列 3 → 4
2026-09-02 14:39:22,671 - E:\STangWork\PythonProjects\skp_parser\parser\base_parser.py - INFO - 合并表头修正: project_name 列 1 → 2
2026-09-02 14:40:08,723 - E:\STangWork\PythonProjects\skp_parser\parser\base_parser.py - INFO - 合并表头修正: project_name 列 1 → 2
2026-09-02 14:49:02,270 - E:\STangWork\PythonProjects\skp_parser\parser\base_parser.py - INFO - 合并表头修正: project_name 列 2 → 3
2026-09-02 14:49:02,301 - E:\STangWork\PythonProjects\skp_parser\parser\base_parser.py - INFO - 合并表头修正: project_name 列 2 → 3
2026-09-02 14:49:20,819 - E:\STangWork\PythonProjects\skp_parser\parser\base_parser.py - INFO - 合并表头修正: project_name 列 3 → 4
2026-09-02 14:49:21,109 - E:\STangWork\PythonProjects\skp_parser\parser\base_parser.py - INFO - 合并表头修正: project_name 列 1 → 2
2026-09-02 14:50:07,513 - E:\STangWork\PythonProjects\skp_parser\parser\base_parser.py - INFO - 合并表头修正: project_name 列 1 → 2
2026-09-02 14:56:02,628 - E:\STangWork\PythonProjects\skp_parser\run_single.py - INFO - 单文件处理: E:\STangWork\STangFiles\各省重点项目：2020年起\2025年重点项目\04重庆市2025年重点项目清单\垫江县2025年\重庆市垫江县2025年重点建设项目清单.xlsx(上传 GoFast: False)
2026-09-02 14:56:02,639 - E:\STangWork\PythonProjects\skp_parser\util\db_util.py - INFO - 数据库连接池已创建: 127.0.0.1:3306/suidaobig
2026-09-02 14:56:02,971 - E:\STangWork\PythonProjects\skp_parser\util\db_util.py - INFO - 数据库表初始化完成(skp_file/skp_project/skp_file_extra/skp_notice/skp_category_declared)
2026-09-02 14:56:02,991 - E:\STangWork\PythonProjects\skp_parser\run_single.py - INFO - 删除旧数据: 文件 0 条, 项目 0 条, 特有信息 0 条, 通知 0 条, 分类声明 0 条
2026-09-02 14:56:04,693 - E:\STangWork\PythonProjects\skp_parser\run_single.py - INFO - OK: 重庆市垫江县2025年重点建设项目清单.xlsx (file_id=1449, 项目 180 条)
2026-09-02 14:56:04,693 - E:\STangWork\PythonProjects\skp_parser\util\db_util.py - INFO - 数据库连接池已关闭
2026-09-02 14:57:52,254 - E:\STangWork\PythonProjects\skp_parser\run_single.py - INFO - 单文件处理: E:\STangWork\STangFiles\各省重点项目：2020年起\2024年重点项目\04重庆市2024年重点项目清单\垫江县2024年\重庆市垫江县2024年重点建设项目清单.xlsx(上传 GoFast: False)
2026-09-02 14:58:41,520 - E:\STangWork\PythonProjects\skp_parser\run_single.py - INFO - 单文件处理: E:\STangWork\STangFiles\各省重点项目：2020年起\2024年重点项目\04重庆市2024年重点项目清单\垫江县2024年\重庆市垫江县2024年重点建设项目名单.xlsx(上传 GoFast: False)
2026-09-02 14:58:41,548 - E:\STangWork\PythonProjects\skp_parser\util\db_util.py - INFO - 数据库连接池已创建: 127.0.0.1:3306/suidaobig
2026-09-02 14:58:41,683 - E:\STangWork\PythonProjects\skp_parser\util\db_util.py - INFO - 数据库表初始化完成(skp_file/skp_project/skp_file_extra/skp_notice/skp_category_declared)
2026-09-02 14:58:41,929 - E:\STangWork\PythonProjects\skp_parser\run_single.py - INFO - 删除旧数据: 文件 1 条, 项目 185 条, 特有信息 168 条, 通知 0 条, 分类声明 0 条
2026-09-02 14:58:44,297 - E:\STangWork\PythonProjects\skp_parser\run_single.py - INFO - OK: 重庆市垫江县2024年重点建设项目名单.xlsx (file_id=1450, 项目 185 条)
2026-09-02 14:58:44,298 - E:\STangWork\PythonProjects\skp_parser\util\db_util.py - INFO - 数据库连接池已关闭
2026-09-02 14:59:18,451 - E:\STangWork\PythonProjects\skp_parser\run_single.py - INFO - 单文件处理: E:\STangWork\STangFiles\各省重点项目：2020年起\2024年重点项目\04重庆市2024年重点项目清单\垫江县2024年\重庆市垫江县2024年重点建设项目名单.xlsx(上传 GoFast: False)
2026-09-02 14:59:18,469 - E:\STangWork\PythonProjects\skp_parser\util\db_util.py - INFO - 数据库连接池已创建: 127.0.0.1:3306/suidaobig
2026-09-02 14:59:18,593 - E:\STangWork\PythonProjects\skp_parser\util\db_util.py - INFO - 数据库表初始化完成(skp_file/skp_project/skp_file_extra/skp_notice/skp_category_declared)
2026-09-02 14:59:18,682 - E:\STangWork\PythonProjects\skp_parser\run_single.py - INFO - 删除旧数据: 文件 1 条, 项目 185 条, 特有信息 168 条, 通知 0 条, 分类声明 0 条
2026-09-02 15:08:12,087 - E:\STangWork\PythonProjects\skp_parser\run_single.py - INFO - 单文件处理: E:\STangWork\STangFiles\各省重点项目：2020年起\2024年重点项目\04重庆市2024年重点项目清单\垫江县2024年\重庆市垫江县2024年重点建设项目名单.xlsx(上传 GoFast: False)
2026-09-02 15:08:12,107 - E:\STangWork\PythonProjects\skp_parser\util\db_util.py - INFO - 数据库连接池已创建: 127.0.0.1:3306/suidaobig
2026-09-02 15:08:12,308 - E:\STangWork\PythonProjects\skp_parser\util\db_util.py - INFO - 数据库表初始化完成(skp_file/skp_project/skp_file_extra/skp_notice/skp_category_declared)
2026-09-02 15:08:12,325 - E:\STangWork\PythonProjects\skp_parser\run_single.py - INFO - 删除旧数据: 文件 0 条, 项目 0 条, 特有信息 0 条, 通知 0 条, 分类声明 0 条
2026-09-02 15:11:19,387 - E:\STangWork\PythonProjects\skp_parser\run_single.py - INFO - 单文件处理: E:\STangWork\STangFiles\各省重点项目：2020年起\2024年重点项目\04重庆市2024年重点项目清单\垫江县2024年\重庆市垫江县2024年重点建设项目名单.xlsx(上传 GoFast: False)
2026-09-02 15:11:19,395 - E:\STangWork\PythonProjects\skp_parser\util\db_util.py - INFO - 数据库连接池已创建: 127.0.0.1:3306/suidaobig
2026-09-02 15:11:19,576 - E:\STangWork\PythonProjects\skp_parser\util\db_util.py - INFO - 数据库表初始化完成(skp_file/skp_project/skp_file_extra/skp_notice/skp_category_declared)
2026-09-02 15:11:19,576 - E:\STangWork\PythonProjects\skp_parser\run_single.py - INFO - 删除旧数据: 文件 0 条, 项目 0 条, 特有信息 0 条, 通知 0 条, 分类声明 0 条
2026-09-02 15:11:22,242 - E:\STangWork\PythonProjects\skp_parser\run_single.py - INFO - OK: 重庆市垫江县2024年重点建设项目名单.xlsx (file_id=1451, 项目 168 条)
2026-09-02 15:11:22,243 - E:\STangWork\PythonProjects\skp_parser\util\db_util.py - INFO - 数据库连接池已关闭
2026-09-02 15:11:50,874 - E:\STangWork\PythonProjects\skp_parser\run_single.py - INFO - 单文件处理: E:\STangWork\STangFiles\各省重点项目：2020年起\2025年重点项目\04重庆市2025年重点项目清单\垫江县2025年\重庆市垫江县2025年重点建设项目清单.xlsx(上传 GoFast: False)
2026-09-02 15:11:50,883 - E:\STangWork\PythonProjects\skp_parser\util\db_util.py - INFO - 数据库连接池已创建: 127.0.0.1:3306/suidaobig
2026-09-02 15:11:51,016 - E:\STangWork\PythonProjects\skp_parser\util\db_util.py - INFO - 数据库表初始化完成(skp_file/skp_project/skp_file_extra/skp_notice/skp_category_declared)
2026-09-02 15:11:51,220 - E:\STangWork\PythonProjects\skp_parser\run_single.py - INFO - 删除旧数据: 文件 1 条, 项目 180 条, 特有信息 180 条, 通知 0 条, 分类声明 0 条
2026-09-02 15:11:53,286 - E:\STangWork\PythonProjects\skp_parser\run_single.py - INFO - OK: 重庆市垫江县2025年重点建设项目清单.xlsx (file_id=1452, 项目 180 条)
2026-09-02 15:11:53,287 - E:\STangWork\PythonProjects\skp_parser\util\db_util.py - INFO - 数据库连接池已关闭
2026-09-02 15:13:52,089 - E:\STangWork\PythonProjects\skp_parser\run_single.py - INFO - 单文件处理: E:\STangWork\STangFiles\各省重点项目：2020年起\2020年重点项目\2020年各省市重点项目清单汇总：51.63万亿\29四川省2020年重点项目清单\2020年四川省重点项目清单.xlsx(上传 GoFast: False)
2026-09-02 15:13:52,100 - E:\STangWork\PythonProjects\skp_parser\util\db_util.py - INFO - 数据库连接池已创建: 127.0.0.1:3306/suidaobig
2026-09-02 15:13:52,214 - E:\STangWork\PythonProjects\skp_parser\util\db_util.py - INFO - 数据库表初始化完成(skp_file/skp_project/skp_file_extra/skp_notice/skp_category_declared)
2026-09-02 15:13:53,309 - E:\STangWork\PythonProjects\skp_parser\run_single.py - INFO - 删除旧数据: 文件 1 条, 项目 720 条, 特有信息 30 条, 通知 0 条, 分类声明 26 条
2026-09-02 15:13:54,738 - E:\STangWork\PythonProjects\skp_parser\main.py - WARNING - 分类校验[2020年四川省重点项目清单.xlsx] 基础设施项目: 标题声明 266 项,解析 235 项
2026-09-02 15:13:54,739 - E:\STangWork\PythonProjects\skp_parser\main.py - WARNING - 分类校验[2020年四川省重点项目清单.xlsx] 基础设施项目-交通: 标题声明 136 项,解析 140 项
2026-09-02 15:13:54,739 - E:\STangWork\PythonProjects\skp_parser\main.py - WARNING - 分类校验[2020年四川省重点项目清单.xlsx] 基础设施项目-交通-高速公路: 标题声明 41 项,解析 45 项
2026-09-02 15:13:54,739 - E:\STangWork\PythonProjects\skp_parser\main.py - WARNING - 分类校验[2020年四川省重点项目清单.xlsx] 基础设施项目-能源基础设施: 标题声明 7 项,解析 14 项
2026-09-02 15:13:54,739 - E:\STangWork\PythonProjects\skp_parser\main.py - WARNING - 分类校验[2020年四川省重点项目清单.xlsx] 基础设施项目-水利: 标题声明 13 项,解析 12 项
2026-09-02 15:14:02,943 - E:\STangWork\PythonProjects\skp_parser\run_single.py - INFO - OK: 2020年四川省重点项目清单.xlsx (file_id=1453, 项目 720 条)
2026-09-02 15:14:02,943 - E:\STangWork\PythonProjects\skp_parser\util\db_util.py - INFO - 数据库连接池已关闭
2026-09-02 15:15:38,761 - E:\STangWork\PythonProjects\skp_parser\run_single.py - INFO - 单文件处理: E:\STangWork\STangFiles\各省重点项目：2020年起\2025年重点项目\04重庆市2025年重点项目清单\璧山区2025年\2025年璧山区重点项目清单.xlsx(上传 GoFast: False)
2026-09-02 15:15:38,771 - E:\STangWork\PythonProjects\skp_parser\util\db_util.py - INFO - 数据库连接池已创建: 127.0.0.1:3306/suidaobig
2026-09-02 15:15:38,968 - E:\STangWork\PythonProjects\skp_parser\util\db_util.py - INFO - 数据库表初始化完成(skp_file/skp_project/skp_file_extra/skp_notice/skp_category_declared)
2026-09-02 15:15:39,257 - E:\STangWork\PythonProjects\skp_parser\run_single.py - INFO - 删除旧数据: 文件 1 条, 项目 101 条, 特有信息 29 条, 通知 0 条, 分类声明 0 条
2026-09-02 15:15:41,150 - E:\STangWork\PythonProjects\skp_parser\run_single.py - INFO - OK: 2025年璧山区重点项目清单.xlsx (file_id=1454, 项目 101 条)
2026-09-02 15:15:41,150 - E:\STangWork\PythonProjects\skp_parser\util\db_util.py - INFO - 数据库连接池已关闭
2026-09-02 15:26:50,738 - E:\STangWork\PythonProjects\skp_parser\run_single.py - INFO - 单文件处理: E:\STangWork\STangFiles\各省重点项目：2020年起\2026年重点项目\13广东省2026年重点项目清单\2026年珠海市\附件：珠海市2026年政府投资项目计划表.xlsx(上传 GoFast: False)
2026-09-02 15:26:50,748 - E:\STangWork\PythonProjects\skp_parser\util\db_util.py - INFO - 数据库连接池已创建: 127.0.0.1:3306/suidaobig
2026-09-02 15:26:50,976 - E:\STangWork\PythonProjects\skp_parser\util\db_util.py - INFO - 数据库表初始化完成(skp_file/skp_project/skp_file_extra/skp_notice/skp_category_declared)
2026-09-02 15:26:51,547 - E:\STangWork\PythonProjects\skp_parser\run_single.py - INFO - 删除旧数据: 文件 1 条, 项目 85 条, 特有信息 85 条, 通知 0 条, 分类声明 0 条
2026-09-02 15:26:53,540 - E:\STangWork\PythonProjects\skp_parser\run_single.py - INFO - OK: 附件：珠海市2026年政府投资项目计划表.xlsx (file_id=1455, 项目 85 条)
2026-09-02 15:26:53,541 - E:\STangWork\PythonProjects\skp_parser\util\db_util.py - INFO - 数据库连接池已关闭
2026-09-02 15:34:06,984 - E:\STangWork\PythonProjects\skp_parser\run_single.py - INFO - 单文件处理: E:\STangWork\STangFiles\各省重点项目：2020年起\2023年重点项目\30云南省2023年重点项目清单\2023年昆明市\附件1.昆明市2023年市级重大在建项目计划表.xlsx(上传 GoFast: False)
2026-09-02 15:34:07,029 - E:\STangWork\PythonProjects\skp_parser\util\db_util.py - INFO - 数据库连接池已创建: 127.0.0.1:3306/suidaobig
2026-09-02 15:34:07,213 - E:\STangWork\PythonProjects\skp_parser\util\db_util.py - INFO - 数据库表初始化完成(skp_file/skp_project/skp_file_extra/skp_notice/skp_category_declared)
2026-09-02 15:34:07,519 - E:\STangWork\PythonProjects\skp_parser\run_single.py - INFO - 删除旧数据: 文件 1 条, 项目 455 条, 特有信息 454 条, 通知 0 条, 分类声明 0 条
2026-09-02 15:34:07,621 - E:\STangWork\PythonProjects\skp_parser\parser\xlsx_parser.py - WARNING - E:\STangWork\STangFiles\各省重点项目：2020年起\2023年重点项目\30云南省2023年重点项目清单\2023年昆明市\附件1.昆明市2023年市级重大在建项目计划表.xlsx[Sheet2]: 前 20 行未找到表头,跳过
2026-09-02 15:34:11,126 - E:\STangWork\PythonProjects\skp_parser\run_single.py - INFO - OK: 附件1.昆明市2023年市级重大在建项目计划表.xlsx (file_id=1456, 项目 451 条)
2026-09-02 15:34:11,127 - E:\STangWork\PythonProjects\skp_parser\util\db_util.py - INFO - 数据库连接池已关闭
2026-09-02 15:36:07,458 - E:\STangWork\PythonProjects\skp_parser\run_single.py - INFO - 单文件处理: E:\STangWork\STangFiles\各省重点项目：2020年起\2023年重点项目\30云南省2023年重点项目清单\2023年昆明市\附件2.昆明市2023年市级重大新开工项目计划表.xlsx(上传 GoFast: False)
2026-09-02 15:36:07,470 - E:\STangWork\PythonProjects\skp_parser\util\db_util.py - INFO - 数据库连接池已创建: 127.0.0.1:3306/suidaobig
2026-09-02 15:36:07,622 - E:\STangWork\PythonProjects\skp_parser\util\db_util.py - INFO - 数据库表初始化完成(skp_file/skp_project/skp_file_extra/skp_notice/skp_category_declared)
2026-09-02 15:36:07,821 - E:\STangWork\PythonProjects\skp_parser\run_single.py - INFO - 删除旧数据: 文件 1 条, 项目 355 条, 特有信息 350 条, 通知 0 条, 分类声明 0 条
2026-09-02 15:36:07,915 - E:\STangWork\PythonProjects\skp_parser\parser\xlsx_parser.py - WARNING - E:\STangWork\STangFiles\各省重点项目：2020年起\2023年重点项目\30云南省2023年重点项目清单\2023年昆明市\附件2.昆明市2023年市级重大新开工项目计划表.xlsx[Sheet2]: 前 20 行未找到表头,跳过
2026-09-02 15:36:11,618 - E:\STangWork\PythonProjects\skp_parser\run_single.py - INFO - OK: 附件2.昆明市2023年市级重大新开工项目计划表.xlsx (file_id=1457, 项目 351 条)
2026-09-02 15:36:11,618 - E:\STangWork\PythonProjects\skp_parser\util\db_util.py - INFO - 数据库连接池已关闭
2026-09-02 15:36:56,799 - E:\STangWork\PythonProjects\skp_parser\run_single.py - INFO - 单文件处理: E:\STangWork\STangFiles\各省重点项目：2020年起\2024年重点项目\30云南省2024年重点项目清单\昆明市2024年\附件2.昆明市2024年市级重大项目计划表(新开工项目).xlsx(上传 GoFast: False)
2026-09-02 15:36:56,828 - E:\STangWork\PythonProjects\skp_parser\util\db_util.py - INFO - 数据库连接池已创建: 127.0.0.1:3306/suidaobig
2026-09-02 15:36:57,010 - E:\STangWork\PythonProjects\skp_parser\util\db_util.py - INFO - 数据库表初始化完成(skp_file/skp_project/skp_file_extra/skp_notice/skp_category_declared)
2026-09-02 15:36:57,593 - E:\STangWork\PythonProjects\skp_parser\run_single.py - INFO - 删除旧数据: 文件 1 条, 项目 204 条, 特有信息 200 条, 通知 0 条, 分类声明 0 条
2026-09-02 15:37:00,078 - E:\STangWork\PythonProjects\skp_parser\run_single.py - INFO - OK: 附件2.昆明市2024年市级重大项目计划表(新开工项目).xlsx (file_id=1458, 项目 200 条)
2026-09-02 15:37:00,078 - E:\STangWork\PythonProjects\skp_parser\util\db_util.py - INFO - 数据库连接池已关闭
2026-09-02 15:37:40,582 - E:\STangWork\PythonProjects\skp_parser\run_single.py - INFO - 单文件处理: E:\STangWork\STangFiles\各省重点项目：2020年起\2026年重点项目\29四川省2026年重点项目清单\2026年德阳市\2026年德阳市重点项目名单（新开工）.xlsx(上传 GoFast: False)
2026-09-02 15:37:40,631 - E:\STangWork\PythonProjects\skp_parser\util\db_util.py - INFO - 数据库连接池已创建: 127.0.0.1:3306/suidaobig
2026-09-02 15:37:40,743 - E:\STangWork\PythonProjects\skp_parser\util\db_util.py - INFO - 数据库表初始化完成(skp_file/skp_project/skp_file_extra/skp_notice/skp_category_declared)
2026-09-02 15:37:40,852 - E:\STangWork\PythonProjects\skp_parser\run_single.py - INFO - 删除旧数据: 文件 1 条, 项目 163 条, 特有信息 0 条, 通知 0 条, 分类声明 0 条
2026-09-02 15:37:42,124 - E:\STangWork\PythonProjects\skp_parser\run_single.py - INFO - OK: 2026年德阳市重点项目名单（新开工）.xlsx (file_id=1459, 项目 162 条)
2026-09-02 15:37:42,124 - E:\STangWork\PythonProjects\skp_parser\util\db_util.py - INFO - 数据库连接池已关闭
2026-09-02 15:40:17,773 - E:\STangWork\PythonProjects\skp_parser\run_single.py - INFO - 单文件处理: E:\STangWork\STangFiles\各省重点项目：2020年起\2026年重点项目\29四川省2026年重点项目清单\2026年德阳市\2026年德阳市重点项目名单（新开工）.xlsx(上传 GoFast: False)
2026-09-02 15:40:17,782 - E:\STangWork\PythonProjects\skp_parser\util\db_util.py - INFO - 数据库连接池已创建: 127.0.0.1:3306/suidaobig
2026-09-02 15:40:18,043 - E:\STangWork\PythonProjects\skp_parser\util\db_util.py - INFO - 数据库表初始化完成(skp_file/skp_project/skp_file_extra/skp_notice/skp_category_declared)
2026-09-02 15:40:18,310 - E:\STangWork\PythonProjects\skp_parser\run_single.py - INFO - 删除旧数据: 文件 1 条, 项目 162 条, 特有信息 0 条, 通知 0 条, 分类声明 0 条
2026-09-02 15:40:19,846 - E:\STangWork\PythonProjects\skp_parser\run_single.py - INFO - OK: 2026年德阳市重点项目名单（新开工）.xlsx (file_id=1460, 项目 158 条)
2026-09-02 15:40:19,847 - E:\STangWork\PythonProjects\skp_parser\util\db_util.py - INFO - 数据库连接池已关闭
2026-09-02 15:41:07,596 - E:\STangWork\PythonProjects\skp_parser\run_single.py - INFO - 单文件处理: E:\STangWork\STangFiles\各省重点项目：2020年起\2026年重点项目\29四川省2026年重点项目清单\2026年德阳市\2026年德阳市重点项目名单（续建）.xlsx(上传 GoFast: False)
2026-09-02 15:41:07,620 - E:\STangWork\PythonProjects\skp_parser\util\db_util.py - INFO - 数据库连接池已创建: 127.0.0.1:3306/suidaobig
2026-09-02 15:41:07,802 - E:\STangWork\PythonProjects\skp_parser\util\db_util.py - INFO - 数据库表初始化完成(skp_file/skp_project/skp_file_extra/skp_notice/skp_category_declared)
2026-09-02 15:41:07,909 - E:\STangWork\PythonProjects\skp_parser\run_single.py - INFO - 删除旧数据: 文件 1 条, 项目 249 条, 特有信息 0 条, 通知 0 条, 分类声明 0 条
2026-09-02 15:41:09,719 - E:\STangWork\PythonProjects\skp_parser\run_single.py - INFO - OK: 2026年德阳市重点项目名单（续建）.xlsx (file_id=1461, 项目 244 条)
2026-09-02 15:41:09,719 - E:\STangWork\PythonProjects\skp_parser\util\db_util.py - INFO - 数据库连接池已关闭
2026-09-02 15:53:21,372 - E:\STangWork\PythonProjects\skp_parser\run_single.py - INFO - 单文件处理: E:\STangWork\STangFiles\各省重点项目：2020年起\2024年重点项目\30云南省2024年重点项目清单\昆明市2024年\附件3.昆明市2024年市级重大项目计划表(前期项目).xlsx(上传 GoFast: False)
2026-09-02 15:53:21,394 - E:\STangWork\PythonProjects\skp_parser\util\db_util.py - INFO - 数据库连接池已创建: 127.0.0.1:3306/suidaobig
2026-09-02 15:53:21,635 - E:\STangWork\PythonProjects\skp_parser\util\db_util.py - INFO - 数据库表初始化完成(skp_file/skp_project/skp_file_extra/skp_notice/skp_category_declared)
2026-09-02 15:53:21,895 - E:\STangWork\PythonProjects\skp_parser\run_single.py - INFO - 删除旧数据: 文件 1 条, 项目 41 条, 特有信息 40 条, 通知 0 条, 分类声明 0 条
2026-09-02 15:53:23,227 - E:\STangWork\PythonProjects\skp_parser\run_single.py - INFO - OK: 附件3.昆明市2024年市级重大项目计划表(前期项目).xlsx (file_id=1462, 项目 40 条)
2026-09-02 15:53:23,228 - E:\STangWork\PythonProjects\skp_parser\util\db_util.py - INFO - 数据库连接池已关闭
2026-09-02 15:53:55,470 - E:\STangWork\PythonProjects\skp_parser\run_single.py - INFO - 单文件处理: E:\STangWork\STangFiles\各省重点项目：2020年起\2024年重点项目\30云南省2024年重点项目清单\昆明市2024年\附件3.昆明市2024年市级重大项目计划表(前期项目).xlsx(上传 GoFast: False)
2026-09-02 15:53:55,478 - E:\STangWork\PythonProjects\skp_parser\util\db_util.py - INFO - 数据库连接池已创建: 127.0.0.1:3306/suidaobig
2026-09-02 15:53:55,608 - E:\STangWork\PythonProjects\skp_parser\util\db_util.py - INFO - 数据库表初始化完成(skp_file/skp_project/skp_file_extra/skp_notice/skp_category_declared)
2026-09-02 15:53:55,691 - E:\STangWork\PythonProjects\skp_parser\run_single.py - INFO - 删除旧数据: 文件 1 条, 项目 40 条, 特有信息 40 条, 通知 0 条, 分类声明 12 条
2026-09-02 15:53:55,947 - E:\STangWork\PythonProjects\skp_parser\run_single.py - INFO - OK: 附件3.昆明市2024年市级重大项目计划表(前期项目).xlsx (file_id=1463, 项目 40 条)
2026-09-02 15:53:55,948 - E:\STangWork\PythonProjects\skp_parser\util\db_util.py - INFO - 数据库连接池已关闭
2026-09-02 15:55:14,318 - E:\STangWork\PythonProjects\skp_parser\run_single.py - INFO - 单文件处理: E:\STangWork\STangFiles\各省重点项目：2020年起\2024年重点项目\30云南省2024年重点项目清单\昆明市2024年\附件3.昆明市2024年市级重大项目计划表(前期项目).xlsx(上传 GoFast: False)
2026-09-02 15:55:14,336 - E:\STangWork\PythonProjects\skp_parser\util\db_util.py - INFO - 数据库连接池已创建: 127.0.0.1:3306/suidaobig
2026-09-02 15:55:14,548 - E:\STangWork\PythonProjects\skp_parser\util\db_util.py - INFO - 数据库表初始化完成(skp_file/skp_project/skp_file_extra/skp_notice/skp_category_declared)
2026-09-02 15:55:14,635 - E:\STangWork\PythonProjects\skp_parser\run_single.py - INFO - 删除旧数据: 文件 1 条, 项目 40 条, 特有信息 40 条, 通知 0 条, 分类声明 12 条
2026-09-02 15:59:37,931 - E:\STangWork\PythonProjects\skp_parser\run_single.py - INFO - OK: 附件3.昆明市2024年市级重大项目计划表(前期项目).xlsx (file_id=1464, 项目 40 条)
2026-09-02 15:59:37,932 - E:\STangWork\PythonProjects\skp_parser\util\db_util.py - INFO - 数据库连接池已关闭
2026-09-02 16:00:26,805 - E:\STangWork\PythonProjects\skp_parser\run_single.py - INFO - 单文件处理: E:\STangWork\STangFiles\各省重点项目：2020年起\2024年重点项目\30云南省2024年重点项目清单\昆明市2024年\附件4.昆明市2024年市级重大项目计划表(重中之重项目).xlsx(上传 GoFast: False)
2026-09-02 16:00:26,823 - E:\STangWork\PythonProjects\skp_parser\util\db_util.py - INFO - 数据库连接池已创建: 127.0.0.1:3306/suidaobig
2026-09-02 16:00:27,051 - E:\STangWork\PythonProjects\skp_parser\util\db_util.py - INFO - 数据库表初始化完成(skp_file/skp_project/skp_file_extra/skp_notice/skp_category_declared)
2026-09-02 16:00:27,261 - E:\STangWork\PythonProjects\skp_parser\run_single.py - INFO - 删除旧数据: 文件 1 条, 项目 40 条, 特有信息 40 条, 通知 0 条, 分类声明 0 条
2026-09-02 16:00:28,893 - E:\STangWork\PythonProjects\skp_parser\run_single.py - INFO - OK: 附件4.昆明市2024年市级重大项目计划表(重中之重项目).xlsx (file_id=1465, 项目 39 条)
2026-09-02 16:00:28,893 - E:\STangWork\PythonProjects\skp_parser\util\db_util.py - INFO - 数据库连接池已关闭
2026-09-02 16:00:46,345 - E:\STangWork\PythonProjects\skp_parser\run_single.py - INFO - 单文件处理: E:\STangWork\STangFiles\各省重点项目：2020年起\2024年重点项目\04重庆市2024年重点项目清单\石柱县2024年\石柱县2024年重点项目清单.xlsx(上传 GoFast: False)
2026-09-02 16:00:46,387 - E:\STangWork\PythonProjects\skp_parser\util\db_util.py - INFO - 数据库连接池已创建: 127.0.0.1:3306/suidaobig
2026-09-02 16:00:46,651 - E:\STangWork\PythonProjects\skp_parser\util\db_util.py - INFO - 数据库表初始化完成(skp_file/skp_project/skp_file_extra/skp_notice/skp_category_declared)
2026-09-02 16:00:46,757 - E:\STangWork\PythonProjects\skp_parser\run_single.py - INFO - 删除旧数据: 文件 1 条, 项目 101 条, 特有信息 0 条, 通知 0 条, 分类声明 0 条
2026-09-02 16:00:54,947 - E:\STangWork\PythonProjects\skp_parser\run_single.py - INFO - OK: 石柱县2024年重点项目清单.xlsx (file_id=1466, 项目 100 条)
2026-09-02 16:00:54,947 - E:\STangWork\PythonProjects\skp_parser\util\db_util.py - INFO - 数据库连接池已关闭
2026-09-02 16:02:51,259 - E:\STangWork\PythonProjects\skp_parser\run_single.py - INFO - 单文件处理: E:\STangWork\STangFiles\各省重点项目：2020年起\2020年重点项目\2020年各省市重点项目清单汇总：51.63万亿\07宁夏古自治区2020年重点项目清单\2020年宁夏自治区重点项目投资计划.xlsx(上传 GoFast: False)
2026-09-02 16:02:51,294 - E:\STangWork\PythonProjects\skp_parser\util\db_util.py - INFO - 数据库连接池已创建: 127.0.0.1:3306/suidaobig
2026-09-02 16:02:51,454 - E:\STangWork\PythonProjects\skp_parser\util\db_util.py - INFO - 数据库表初始化完成(skp_file/skp_project/skp_file_extra/skp_notice/skp_category_declared)
2026-09-02 16:02:51,861 - E:\STangWork\PythonProjects\skp_parser\run_single.py - INFO - 删除旧数据: 文件 1 条, 项目 210 条, 特有信息 210 条, 通知 0 条, 分类声明 2 条
2026-09-02 16:02:53,886 - E:\STangWork\PythonProjects\skp_parser\parser\base_parser.py - INFO - 合并表头修正: project_name 列 0 → 1
2026-09-02 16:02:53,911 - E:\STangWork\PythonProjects\skp_parser\main.py - WARNING - 分类校验[2020年宁夏自治区重点项目投资计划.xlsx] 标注▲2018年重点建设项目结转: 标题声明 35 项,解析 10 项
2026-09-02 16:02:54,702 - E:\STangWork\PythonProjects\skp_parser\run_single.py - INFO - OK: 2020年宁夏自治区重点项目投资计划.xlsx (file_id=1467, 项目 211 条)
2026-09-02 16:02:54,702 - E:\STangWork\PythonProjects\skp_parser\util\db_util.py - INFO - 数据库连接池已关闭
2026-09-02 16:05:26,419 - E:\STangWork\PythonProjects\skp_parser\run_single.py - INFO - 单文件处理: E:\STangWork\STangFiles\各省重点项目：2020年起\2020年重点项目\2020年各省市重点项目清单汇总：51.63万亿\07宁夏古自治区2020年重点项目清单\2020年宁夏自治区重点项目投资计划.xlsx(上传 GoFast: False)
2026-09-02 16:05:26,437 - E:\STangWork\PythonProjects\skp_parser\util\db_util.py - INFO - 数据库连接池已创建: 127.0.0.1:3306/suidaobig
2026-09-02 16:05:26,637 - E:\STangWork\PythonProjects\skp_parser\util\db_util.py - INFO - 数据库表初始化完成(skp_file/skp_project/skp_file_extra/skp_notice/skp_category_declared)
2026-09-02 16:05:26,909 - E:\STangWork\PythonProjects\skp_parser\run_single.py - INFO - 删除旧数据: 文件 1 条, 项目 211 条, 特有信息 211 条, 通知 0 条, 分类声明 1 条
2026-09-02 16:20:52,223 - E:\STangWork\PythonProjects\skp_parser\run_single.py - INFO - 单文件处理: E:\STangWork\STangFiles\各省重点项目：2020年起\2020年重点项目\2020年各省市重点项目清单汇总：51.63万亿\07宁夏古自治区2020年重点项目清单\2020年宁夏自治区重点项目投资计划.xlsx(上传 GoFast: False)
2026-09-02 16:20:52,242 - E:\STangWork\PythonProjects\skp_parser\util\db_util.py - INFO - 数据库连接池已创建: 127.0.0.1:3306/suidaobig
2026-09-02 16:20:52,473 - E:\STangWork\PythonProjects\skp_parser\util\db_util.py - INFO - 数据库表初始化完成(skp_file/skp_project/skp_file_extra/skp_notice/skp_category_declared)
2026-09-02 16:20:52,493 - E:\STangWork\PythonProjects\skp_parser\run_single.py - INFO - 删除旧数据: 文件 0 条, 项目 0 条, 特有信息 0 条, 通知 0 条, 分类声明 0 条
2026-09-02 16:24:14,166 - E:\STangWork\PythonProjects\skp_parser\run_single.py - INFO - 单文件处理: E:\STangWork\STangFiles\各省重点项目：2020年起\2020年重点项目\2020年各省市重点项目清单汇总：51.63万亿\07宁夏古自治区2020年重点项目清单\2020年宁夏自治区重点项目投资计划.xlsx(上传 GoFast: False)
2026-09-02 16:24:14,187 - E:\STangWork\PythonProjects\skp_parser\util\db_util.py - INFO - 数据库连接池已创建: 127.0.0.1:3306/suidaobig
2026-09-02 16:24:14,331 - E:\STangWork\PythonProjects\skp_parser\util\db_util.py - INFO - 数据库表初始化完成(skp_file/skp_project/skp_file_extra/skp_notice/skp_category_declared)
2026-09-02 16:24:14,332 - E:\STangWork\PythonProjects\skp_parser\run_single.py - INFO - 删除旧数据: 文件 0 条, 项目 0 条, 特有信息 0 条, 通知 0 条, 分类声明 0 条
2026-09-02 16:41:09,116 - E:\STangWork\PythonProjects\skp_parser\parser\base_parser.py - INFO - 合并表头修正: project_name 列 0 → 1
2026-09-02 16:41:25,582 - E:\STangWork\PythonProjects\skp_parser\parser\base_parser.py - INFO - 合并表头修正: project_name 列 0 → 1
2026-09-02 16:41:25,900 - E:\STangWork\PythonProjects\skp_parser\parser\base_parser.py - INFO - 合并表头修正: project_name 列 2 → 3
2026-09-02 16:41:25,932 - E:\STangWork\PythonProjects\skp_parser\parser\base_parser.py - INFO - 合并表头修正: project_name 列 2 → 3
2026-09-02 16:41:44,823 - E:\STangWork\PythonProjects\skp_parser\parser\base_parser.py - INFO - 合并表头修正: project_name 列 3 → 4
2026-09-02 16:41:45,144 - E:\STangWork\PythonProjects\skp_parser\parser\base_parser.py - INFO - 合并表头修正: project_name 列 1 → 2
2026-09-02 16:42:33,410 - E:\STangWork\PythonProjects\skp_parser\parser\base_parser.py - INFO - 合并表头修正: project_name 列 1 → 2
2026-09-02 16:44:49,396 - E:\STangWork\PythonProjects\skp_parser\parser\base_parser.py - INFO - 合并表头修正: project_name 列 0 → 1
2026-09-02 16:44:49,717 - E:\STangWork\PythonProjects\skp_parser\parser\base_parser.py - INFO - 合并表头修正: project_name 列 2 → 3
2026-09-02 16:44:49,749 - E:\STangWork\PythonProjects\skp_parser\parser\base_parser.py - INFO - 合并表头修正: project_name 列 2 → 3
2026-09-02 16:45:09,946 - E:\STangWork\PythonProjects\skp_parser\parser\base_parser.py - INFO - 合并表头修正: project_name 列 3 → 4
2026-09-02 16:45:10,249 - E:\STangWork\PythonProjects\skp_parser\parser\base_parser.py - INFO - 合并表头修正: project_name 列 1 → 2
2026-09-02 16:45:57,711 - E:\STangWork\PythonProjects\skp_parser\parser\base_parser.py - INFO - 合并表头修正: project_name 列 1 → 2
2026-09-02 16:47:57,547 - E:\STangWork\PythonProjects\skp_parser\run_single.py - INFO - 单文件处理: E:\STangWork\STangFiles\各省重点项目：2020年起\2020年重点项目\2020年各省市重点项目清单汇总：51.63万亿\07宁夏古自治区2020年重点项目清单\2020年宁夏自治区重点项目投资计划.xlsx(上传 GoFast: False)
2026-09-02 16:47:57,566 - E:\STangWork\PythonProjects\skp_parser\util\db_util.py - INFO - 数据库连接池已创建: 127.0.0.1:3306/suidaobig
2026-09-02 16:47:57,703 - E:\STangWork\PythonProjects\skp_parser\util\db_util.py - INFO - 数据库表初始化完成(skp_file/skp_project/skp_file_extra/skp_notice/skp_category_declared)
2026-09-02 16:47:57,704 - E:\STangWork\PythonProjects\skp_parser\run_single.py - INFO - 删除旧数据: 文件 0 条, 项目 0 条, 特有信息 0 条, 通知 0 条, 分类声明 0 条
2026-09-02 16:49:26,670 - E:\STangWork\PythonProjects\skp_parser\parser\base_parser.py - INFO - 合并表头修正: project_name 列 0 → 1
2026-09-02 16:49:26,734 - E:\STangWork\PythonProjects\skp_parser\main.py - WARNING - 分类校验[2020年宁夏自治区重点项目投资计划.xlsx] 标注▲2018年重点建设项目结转: 标题声明 35 项,解析 10 项
2026-09-02 16:49:27,712 - E:\STangWork\PythonProjects\skp_parser\run_single.py - INFO - OK: 2020年宁夏自治区重点项目投资计划.xlsx (file_id=1468, 项目 211 条)
2026-09-02 16:49:27,713 - E:\STangWork\PythonProjects\skp_parser\util\db_util.py - INFO - 数据库连接池已关闭
2026-09-02 16:55:25,023 - E:\STangWork\PythonProjects\skp_parser\run_single.py - INFO - 单文件处理: E:\STangWork\STangFiles\各省重点项目：2020年起\2023年重点项目\30云南省2023年重点项目清单\2023年昆明市\附件3.昆明市2023年市级重大前期项目计划表.xlsx(上传 GoFast: False)
2026-09-02 16:55:25,050 - E:\STangWork\PythonProjects\skp_parser\util\db_util.py - INFO - 数据库连接池已创建: 127.0.0.1:3306/suidaobig
2026-09-02 16:55:25,175 - E:\STangWork\PythonProjects\skp_parser\util\db_util.py - INFO - 数据库表初始化完成(skp_file/skp_project/skp_file_extra/skp_notice/skp_category_declared)
2026-09-02 16:55:25,534 - E:\STangWork\PythonProjects\skp_parser\run_single.py - INFO - 删除旧数据: 文件 1 条, 项目 103 条, 特有信息 100 条, 通知 0 条, 分类声明 0 条
2026-09-02 16:55:25,621 - E:\STangWork\PythonProjects\skp_parser\parser\xlsx_parser.py - WARNING - E:\STangWork\STangFiles\各省重点项目：2020年起\2023年重点项目\30云南省2023年重点项目清单\2023年昆明市\附件3.昆明市2023年市级重大前期项目计划表.xlsx[Sheet2]: 前 20 行未找到表头,跳过
2026-09-02 16:55:27,765 - E:\STangWork\PythonProjects\skp_parser\run_single.py - INFO - OK: 附件3.昆明市2023年市级重大前期项目计划表.xlsx (file_id=1469, 项目 101 条)
2026-09-02 16:55:27,765 - E:\STangWork\PythonProjects\skp_parser\util\db_util.py - INFO - 数据库连接池已关闭
2026-09-02 16:55:45,638 - E:\STangWork\PythonProjects\skp_parser\run_single.py - INFO - 单文件处理: E:\STangWork\STangFiles\各省重点项目：2020年起\2023年重点项目\30云南省2023年重点项目清单\2023年昆明市\附件4.2023年市级“重中之重”项目计划表.xlsx(上传 GoFast: False)
2026-09-02 16:55:45,657 - E:\STangWork\PythonProjects\skp_parser\util\db_util.py - INFO - 数据库连接池已创建: 127.0.0.1:3306/suidaobig
2026-09-02 16:55:45,896 - E:\STangWork\PythonProjects\skp_parser\util\db_util.py - INFO - 数据库表初始化完成(skp_file/skp_project/skp_file_extra/skp_notice/skp_category_declared)
2026-09-02 16:55:46,105 - E:\STangWork\PythonProjects\skp_parser\run_single.py - INFO - 删除旧数据: 文件 1 条, 项目 114 条, 特有信息 113 条, 通知 0 条, 分类声明 0 条
2026-09-02 16:55:46,164 - E:\STangWork\PythonProjects\skp_parser\parser\xlsx_parser.py - WARNING - E:\STangWork\STangFiles\各省重点项目：2020年起\2023年重点项目\30云南省2023年重点项目清单\2023年昆明市\附件4.2023年市级“重中之重”项目计划表.xlsx[Sheet2]: 前 20 行未找到表头,跳过
2026-09-02 16:55:48,272 - E:\STangWork\PythonProjects\skp_parser\run_single.py - INFO - OK: 附件4.2023年市级“重中之重”项目计划表.xlsx (file_id=1470, 项目 111 条)
2026-09-02 16:55:48,273 - E:\STangWork\PythonProjects\skp_parser\util\db_util.py - INFO - 数据库连接池已关闭
2026-09-02 16:56:15,913 - E:\STangWork\PythonProjects\skp_parser\run_single.py - INFO - 单文件处理: E:\STangWork\STangFiles\各省重点项目：2020年起\2024年重点项目\06内蒙古自治区2024年重点项目清单\兴安盟2024年\兴安盟2024年计划实施重大项目清单.xlsx(上传 GoFast: False)
2026-09-02 16:56:15,966 - E:\STangWork\PythonProjects\skp_parser\util\db_util.py - INFO - 数据库连接池已创建: 127.0.0.1:3306/suidaobig
2026-09-02 16:56:16,151 - E:\STangWork\PythonProjects\skp_parser\util\db_util.py - INFO - 数据库表初始化完成(skp_file/skp_project/skp_file_extra/skp_notice/skp_category_declared)
2026-09-02 16:56:16,344 - E:\STangWork\PythonProjects\skp_parser\run_single.py - INFO - 删除旧数据: 文件 1 条, 项目 203 条, 特有信息 194 条, 通知 0 条, 分类声明 0 条
2026-09-02 16:56:18,135 - E:\STangWork\PythonProjects\skp_parser\run_single.py - INFO - OK: 兴安盟2024年计划实施重大项目清单.xlsx (file_id=1471, 项目 194 条)
2026-09-02 16:56:18,135 - E:\STangWork\PythonProjects\skp_parser\util\db_util.py - INFO - 数据库连接池已关闭
2026-09-02 16:57:54,293 - E:\STangWork\PythonProjects\skp_parser\run_single.py - INFO - 单文件处理: E:\STangWork\STangFiles\各省重点项目：2020年起\2024年重点项目\12甘肃省2024年重点项目清单\金昌市2024年\金政办发〔2023〕108号  附件1金昌市2024年重大前期项目清单（新建）.xlsx.xlsx(上传 GoFast: False)
2026-09-02 16:57:54,361 - E:\STangWork\PythonProjects\skp_parser\util\db_util.py - INFO - 数据库连接池已创建: 127.0.0.1:3306/suidaobig
2026-09-02 16:57:54,563 - E:\STangWork\PythonProjects\skp_parser\util\db_util.py - INFO - 数据库表初始化完成(skp_file/skp_project/skp_file_extra/skp_notice/skp_category_declared)
2026-09-02 16:57:55,081 - E:\STangWork\PythonProjects\skp_parser\run_single.py - INFO - 删除旧数据: 文件 1 条, 项目 295 条, 特有信息 291 条, 通知 0 条, 分类声明 36 条
2026-09-02 16:59:15,683 - E:\STangWork\PythonProjects\skp_parser\parser\xlsx_parser.py - WARNING - E:\STangWork\STangFiles\各省重点项目：2020年起\2024年重点项目\12甘肃省2024年重点项目清单\金昌市2024年\金政办发〔2023〕108号  附件1金昌市2024年重大前期项目清单（新建）.xlsx.xlsx[1稿没项目单位]: 前 20 行未找到表头,跳过
2026-09-02 16:59:15,684 - E:\STangWork\PythonProjects\skp_parser\parser\xlsx_parser.py - WARNING - E:\STangWork\STangFiles\各省重点项目：2020年起\2024年重点项目\12甘肃省2024年重点项目清单\金昌市2024年\金政办发〔2023〕108号  附件1金昌市2024年重大前期项目清单（新建）.xlsx.xlsx[二类单位]: 前 20 行未找到表头,跳过
2026-09-02 16:59:15,687 - E:\STangWork\PythonProjects\skp_parser\parser\xlsx_parser.py - WARNING - E:\STangWork\STangFiles\各省重点项目：2020年起\2024年重点项目\12甘肃省2024年重点项目清单\金昌市2024年\金政办发〔2023〕108号  附件1金昌市2024年重大前期项目清单（新建）.xlsx.xlsx[Sheet1]: 前 20 行未找到表头,跳过
2026-09-02 16:59:15,688 - E:\STangWork\PythonProjects\skp_parser\parser\xlsx_parser.py - WARNING - E:\STangWork\STangFiles\各省重点项目：2020年起\2024年重点项目\12甘肃省2024年重点项目清单\金昌市2024年\金政办发〔2023〕108号  附件1金昌市2024年重大前期项目清单（新建）.xlsx.xlsx[Sheet2]: 前 20 行未找到表头,跳过
2026-09-02 16:59:15,697 - E:\STangWork\PythonProjects\skp_parser\main.py - WARNING - 分类校验[金政办发〔2023〕108号  附件1金昌市2024年重大前期项目清单（新建）.xlsx.xlsx] 工业创新驱动和转型升级-节能降耗及技术提升改造: 标题声明 7 项,解析 14 项
2026-09-02 16:59:15,697 - E:\STangWork\PythonProjects\skp_parser\main.py - WARNING - 分类校验[金政办发〔2023〕108号  附件1金昌市2024年重大前期项目清单（新建）.xlsx.xlsx] 农业农村: 标题声明 24 项,解析 27 项
2026-09-02 16:59:15,697 - E:\STangWork\PythonProjects\skp_parser\main.py - WARNING - 分类校验[金政办发〔2023〕108号  附件1金昌市2024年重大前期项目清单（新建）.xlsx.xlsx] 农业农村-养殖业: 标题声明 5 项,解析 7 项
2026-09-02 16:59:15,697 - E:\STangWork\PythonProjects\skp_parser\main.py - WARNING - 分类校验[金政办发〔2023〕108号  附件1金昌市2024年重大前期项目清单（新建）.xlsx.xlsx] 社会事业: 标题声明 14 项,解析 28 项
2026-09-02 16:59:15,697 - E:\STangWork\PythonProjects\skp_parser\main.py - WARNING - 分类校验[金政办发〔2023〕108号  附件1金昌市2024年重大前期项目清单（新建）.xlsx.xlsx] 基础设施补短板-园区基础设施: 标题声明 4 项,解析 8 项
2026-09-02 16:59:15,697 - E:\STangWork\PythonProjects\skp_parser\main.py - WARNING - 分类校验[金政办发〔2023〕108号  附件1金昌市2024年重大前期项目清单（新建）.xlsx.xlsx] 能源-分布式光伏: 标题声明 4 项,解析 1 项
2026-09-02 16:59:15,697 - E:\STangWork\PythonProjects\skp_parser\main.py - WARNING - 分类校验[金政办发〔2023〕108号  附件1金昌市2024年重大前期项目清单（新建）.xlsx.xlsx] 经贸物流: 标题声明 10 项,解析 9 项
2026-09-02 16:59:15,697 - E:\STangWork\PythonProjects\skp_parser\main.py - WARNING - 分类校验[金政办发〔2023〕108号  附件1金昌市2024年重大前期项目清单（新建）.xlsx.xlsx] 生态环保: 标题声明 26 项,解析 27 项
2026-09-02 16:59:15,697 - E:\STangWork\PythonProjects\skp_parser\main.py - WARNING - 分类校验[金政办发〔2023〕108号  附件1金昌市2024年重大前期项目清单（新建）.xlsx.xlsx] 生态环保-工业废弃物利用治理: 标题声明 12 项,解析 13 项
2026-09-02 16:59:15,781 - E:\STangWork\PythonProjects\skp_parser\main.py - WARNING - 通知信息解析失败 金政办发〔2023〕108号  附件1金昌市2024年重大前期项目清单（新建）.xlsx.xlsx: No /Root object! - Is this really a PDF?
2026-09-02 16:59:16,453 - E:\STangWork\PythonProjects\skp_parser\run_single.py - INFO - OK: 金政办发〔2023〕108号  附件1金昌市2024年重大前期项目清单（新建）.xlsx.xlsx (file_id=1472, 项目 295 条)
2026-09-02 16:59:16,453 - E:\STangWork\PythonProjects\skp_parser\util\db_util.py - INFO - 数据库连接池已关闭
2026-09-02 17:02:57,063 - E:\STangWork\PythonProjects\skp_parser\run_single.py - INFO - 单文件处理: E:\STangWork\STangFiles\各省重点项目：2020年起\2024年重点项目\12甘肃省2024年重点项目清单\金昌市2024年\金政办发〔2023〕108号  附件1金昌市2024年重大前期项目清单（新建）.xlsx.xlsx(上传 GoFast: False)
2026-09-02 17:02:57,087 - E:\STangWork\PythonProjects\skp_parser\util\db_util.py - INFO - 数据库连接池已创建: 127.0.0.1:3306/suidaobig
2026-09-02 17:02:57,300 - E:\STangWork\PythonProjects\skp_parser\util\db_util.py - INFO - 数据库表初始化完成(skp_file/skp_project/skp_file_extra/skp_notice/skp_category_declared)
2026-09-02 17:02:57,509 - E:\STangWork\PythonProjects\skp_parser\run_single.py - INFO - 删除旧数据: 文件 1 条, 项目 295 条, 特有信息 291 条, 通知 0 条, 分类声明 36 条
2026-09-02 17:04:44,253 - E:\STangWork\PythonProjects\skp_parser\run_single.py - INFO - 单文件处理: E:\STangWork\STangFiles\各省重点项目：2020年起\2024年重点项目\12甘肃省2024年重点项目清单\金昌市2024年\金政办发〔2023〕108号  附件1金昌市2024年重大前期项目清单（新建）.xlsx.xlsx(上传 GoFast: False)
2026-09-02 17:04:44,281 - E:\STangWork\PythonProjects\skp_parser\util\db_util.py - INFO - 数据库连接池已创建: 127.0.0.1:3306/suidaobig
2026-09-02 17:04:44,399 - E:\STangWork\PythonProjects\skp_parser\util\db_util.py - INFO - 数据库表初始化完成(skp_file/skp_project/skp_file_extra/skp_notice/skp_category_declared)
2026-09-02 17:04:44,404 - E:\STangWork\PythonProjects\skp_parser\run_single.py - INFO - 删除旧数据: 文件 0 条, 项目 0 条, 特有信息 0 条, 通知 0 条, 分类声明 0 条
2026-09-02 17:08:46,348 - E:\STangWork\PythonProjects\skp_parser\run_single.py - INFO - 单文件处理: E:\STangWork\STangFiles\各省重点项目：2020年起\2024年重点项目\12甘肃省2024年重点项目清单\金昌市2024年\金政办发〔2023〕108号  附件1金昌市2024年重大前期项目清单（新建）.xlsx.xlsx(上传 GoFast: False)
2026-09-02 17:08:46,359 - E:\STangWork\PythonProjects\skp_parser\util\db_util.py - INFO - 数据库连接池已创建: 127.0.0.1:3306/suidaobig
2026-09-02 17:08:46,486 - E:\STangWork\PythonProjects\skp_parser\util\db_util.py - INFO - 数据库表初始化完成(skp_file/skp_project/skp_file_extra/skp_notice/skp_category_declared)
2026-09-02 17:08:46,486 - E:\STangWork\PythonProjects\skp_parser\run_single.py - INFO - 删除旧数据: 文件 0 条, 项目 0 条, 特有信息 0 条, 通知 0 条, 分类声明 0 条
2026-09-02 17:09:07,290 - E:\STangWork\PythonProjects\skp_parser\parser\xlsx_parser.py - WARNING - E:\STangWork\STangFiles\各省重点项目：2020年起\2024年重点项目\12甘肃省2024年重点项目清单\金昌市2024年\金政办发〔2023〕108号  附件1金昌市2024年重大前期项目清单（新建）.xlsx.xlsx[1稿没项目单位]: 前 20 行未找到表头,跳过
2026-09-02 17:09:07,291 - E:\STangWork\PythonProjects\skp_parser\parser\xlsx_parser.py - WARNING - E:\STangWork\STangFiles\各省重点项目：2020年起\2024年重点项目\12甘肃省2024年重点项目清单\金昌市2024年\金政办发〔2023〕108号  附件1金昌市2024年重大前期项目清单（新建）.xlsx.xlsx[二类单位]: 前 20 行未找到表头,跳过
2026-09-02 17:09:07,294 - E:\STangWork\PythonProjects\skp_parser\parser\xlsx_parser.py - WARNING - E:\STangWork\STangFiles\各省重点项目：2020年起\2024年重点项目\12甘肃省2024年重点项目清单\金昌市2024年\金政办发〔2023〕108号  附件1金昌市2024年重大前期项目清单（新建）.xlsx.xlsx[Sheet1]: 前 20 行未找到表头,跳过
2026-09-02 17:09:07,295 - E:\STangWork\PythonProjects\skp_parser\parser\xlsx_parser.py - WARNING - E:\STangWork\STangFiles\各省重点项目：2020年起\2024年重点项目\12甘肃省2024年重点项目清单\金昌市2024年\金政办发〔2023〕108号  附件1金昌市2024年重大前期项目清单（新建）.xlsx.xlsx[Sheet2]: 前 20 行未找到表头,跳过
2026-09-02 17:09:07,304 - E:\STangWork\PythonProjects\skp_parser\main.py - WARNING - 分类校验[金政办发〔2023〕108号  附件1金昌市2024年重大前期项目清单（新建）.xlsx.xlsx] 工业创新驱动和转型升级-节能降耗及技术提升改造: 标题声明 7 项,解析 14 项
2026-09-02 17:09:07,305 - E:\STangWork\PythonProjects\skp_parser\main.py - WARNING - 分类校验[金政办发〔2023〕108号  附件1金昌市2024年重大前期项目清单（新建）.xlsx.xlsx] 农业农村-种植业: 标题声明 7 项,解析 3 项
2026-09-02 17:09:07,305 - E:\STangWork\PythonProjects\skp_parser\main.py - WARNING - 分类校验[金政办发〔2023〕108号  附件1金昌市2024年重大前期项目清单（新建）.xlsx.xlsx] 农业农村-草产业: 标题声明 1 项,解析 0 项
2026-09-02 17:09:07,305 - E:\STangWork\PythonProjects\skp_parser\main.py - WARNING - 分类校验[金政办发〔2023〕108号  附件1金昌市2024年重大前期项目清单（新建）.xlsx.xlsx] 社会事业: 标题声明 14 项,解析 28 项
2026-09-02 17:09:07,305 - E:\STangWork\PythonProjects\skp_parser\main.py - WARNING - 分类校验[金政办发〔2023〕108号  附件1金昌市2024年重大前期项目清单（新建）.xlsx.xlsx] 基础设施补短板-园区基础设施: 标题声明 4 项,解析 8 项
2026-09-02 17:09:07,305 - E:\STangWork\PythonProjects\skp_parser\main.py - WARNING - 分类校验[金政办发〔2023〕108号  附件1金昌市2024年重大前期项目清单（新建）.xlsx.xlsx] 能源-分布式光伏: 标题声明 4 项,解析 1 项
2026-09-02 17:09:07,305 - E:\STangWork\PythonProjects\skp_parser\main.py - WARNING - 分类校验[金政办发〔2023〕108号  附件1金昌市2024年重大前期项目清单（新建）.xlsx.xlsx] 经贸物流: 标题声明 10 项,解析 9 项
2026-09-02 17:09:07,305 - E:\STangWork\PythonProjects\skp_parser\main.py - WARNING - 分类校验[金政办发〔2023〕108号  附件1金昌市2024年重大前期项目清单（新建）.xlsx.xlsx] 生态环保-城镇污水垃圾处理: 标题声明 8 项,解析 5 项
2026-09-02 17:09:07,394 - E:\STangWork\PythonProjects\skp_parser\main.py - WARNING - 通知信息解析失败 金政办发〔2023〕108号  附件1金昌市2024年重大前期项目清单（新建）.xlsx.xlsx: No /Root object! - Is this really a PDF?
2026-09-02 17:09:08,943 - E:\STangWork\PythonProjects\skp_parser\run_single.py - INFO - OK: 金政办发〔2023〕108号  附件1金昌市2024年重大前期项目清单（新建）.xlsx.xlsx (file_id=1473, 项目 291 条)
2026-09-02 17:09:08,943 - E:\STangWork\PythonProjects\skp_parser\util\db_util.py - INFO - 数据库连接池已关闭
2026-09-02 17:10:27,292 - E:\STangWork\PythonProjects\skp_parser\run_single.py - INFO - 单文件处理: E:\STangWork\STangFiles\各省重点项目：2020年起\2024年重点项目\29四川省2024年重点项目清单\1.共建成渝地区双城经济圈2024年重大项目清单.xlsx(上传 GoFast: False)
2026-09-02 17:10:27,329 - E:\STangWork\PythonProjects\skp_parser\util\db_util.py - INFO - 数据库连接池已创建: 127.0.0.1:3306/suidaobig
2026-09-02 17:10:27,514 - E:\STangWork\PythonProjects\skp_parser\util\db_util.py - INFO - 数据库表初始化完成(skp_file/skp_project/skp_file_extra/skp_notice/skp_category_declared)
2026-09-02 17:10:27,991 - E:\STangWork\PythonProjects\skp_parser\run_single.py - INFO - 删除旧数据: 文件 1 条, 项目 303 条, 特有信息 0 条, 通知 0 条, 分类声明 0 条
2026-09-02 17:10:31,120 - E:\STangWork\PythonProjects\skp_parser\run_single.py - INFO - OK: 1.共建成渝地区双城经济圈2024年重大项目清单.xlsx (file_id=1474, 项目 300 条)
2026-09-02 17:10:31,120 - E:\STangWork\PythonProjects\skp_parser\util\db_util.py - INFO - 数据库连接池已关闭
2026-09-02 17:12:04,021 - E:\STangWork\PythonProjects\skp_parser\run_single.py - INFO - 单文件处理: E:\STangWork\STangFiles\各省重点项目：2020年起\2024年重点项目\31浙江省2024年重点项目清单\台州市2024年\台州市2024年度重大项目计划.xlsx(上传 GoFast: False)
2026-09-02 17:12:04,029 - E:\STangWork\PythonProjects\skp_parser\util\db_util.py - INFO - 数据库连接池已创建: 127.0.0.1:3306/suidaobig
2026-09-02 17:12:04,216 - E:\STangWork\PythonProjects\skp_parser\util\db_util.py - INFO - 数据库表初始化完成(skp_file/skp_project/skp_file_extra/skp_notice/skp_category_declared)
2026-09-02 17:12:05,828 - E:\STangWork\PythonProjects\skp_parser\run_single.py - INFO - 删除旧数据: 文件 1 条, 项目 778 条, 特有信息 764 条, 通知 0 条, 分类声明 0 条
2026-09-02 17:12:07,661 - E:\STangWork\PythonProjects\skp_parser\parser\xlsx_parser.py - WARNING - E:\STangWork\STangFiles\各省重点项目：2020年起\2024年重点项目\31浙江省2024年重点项目清单\台州市2024年\台州市2024年度重大项目计划.xlsx[Sheet2]: 前 20 行未找到表头,跳过
2026-09-02 17:12:07,662 - E:\STangWork\PythonProjects\skp_parser\parser\xlsx_parser.py - WARNING - E:\STangWork\STangFiles\各省重点项目：2020年起\2024年重点项目\31浙江省2024年重点项目清单\台州市2024年\台州市2024年度重大项目计划.xlsx[Sheet3]: 前 20 行未找到表头,跳过
2026-09-02 17:12:12,195 - E:\STangWork\PythonProjects\skp_parser\run_single.py - INFO - OK: 台州市2024年度重大项目计划.xlsx (file_id=1475, 项目 766 条)
2026-09-02 17:12:12,196 - E:\STangWork\PythonProjects\skp_parser\util\db_util.py - INFO - 数据库连接池已关闭
2026-09-02 17:16:05,017 - E:\STangWork\PythonProjects\skp_parser\run_single.py - INFO - 单文件处理: E:\STangWork\STangFiles\各省重点项目：2020年起\2025年重点项目\29四川省2025年重点项目清单\2025年四川省重点项目名单.xlsx(上传 GoFast: False)
2026-09-02 17:16:05,038 - E:\STangWork\PythonProjects\skp_parser\util\db_util.py - INFO - 数据库连接池已创建: 127.0.0.1:3306/suidaobig
2026-09-02 17:16:05,212 - E:\STangWork\PythonProjects\skp_parser\util\db_util.py - INFO - 数据库表初始化完成(skp_file/skp_project/skp_file_extra/skp_notice/skp_category_declared)
2026-09-02 17:16:06,214 - E:\STangWork\PythonProjects\skp_parser\run_single.py - INFO - 删除旧数据: 文件 1 条, 项目 840 条, 特有信息 808 条, 通知 0 条, 分类声明 28 条
2026-09-02 17:16:06,523 - E:\STangWork\PythonProjects\skp_parser\main.py - WARNING - 分类校验[2025年四川省重点项目名单.xlsx] 基础设施项目: 标题声明 280 项,解析 163 项
2026-09-02 17:16:06,523 - E:\STangWork\PythonProjects\skp_parser\main.py - WARNING - 分类校验[2025年四川省重点项目名单.xlsx] 基础设施项目-交通基础设施: 标题声明 97 项,解析 112 项
2026-09-02 17:16:06,523 - E:\STangWork\PythonProjects\skp_parser\main.py - WARNING - 分类校验[2025年四川省重点项目名单.xlsx] 基础设施项目-交通基础设施-高速公路: 标题声明 38 项,解析 53 项
2026-09-02 17:16:06,524 - E:\STangWork\PythonProjects\skp_parser\main.py - WARNING - 分类校验[2025年四川省重点项目名单.xlsx] 基础设施项目-水利基础设施: 标题声明 11 项,解析 9 项
2026-09-02 17:16:13,499 - E:\STangWork\PythonProjects\skp_parser\run_single.py - INFO - OK: 2025年四川省重点项目名单.xlsx (file_id=1476, 项目 840 条)
2026-09-02 17:16:13,499 - E:\STangWork\PythonProjects\skp_parser\util\db_util.py - INFO - 数据库连接池已关闭
2026-09-02 17:17:18,648 - E:\STangWork\PythonProjects\skp_parser\run_single.py - INFO - 单文件处理: E:\STangWork\STangFiles\各省重点项目：2020年起\2026年重点项目\13广东省2026年重点项目清单\2026年珠海市\附件：珠海市2026年政府投资项目计划表.xlsx(上传 GoFast: False)
2026-09-02 17:17:18,658 - E:\STangWork\PythonProjects\skp_parser\util\db_util.py - INFO - 数据库连接池已创建: 127.0.0.1:3306/suidaobig
2026-09-02 17:17:18,831 - E:\STangWork\PythonProjects\skp_parser\util\db_util.py - INFO - 数据库表初始化完成(skp_file/skp_project/skp_file_extra/skp_notice/skp_category_declared)
2026-09-02 17:17:19,031 - E:\STangWork\PythonProjects\skp_parser\run_single.py - INFO - 删除旧数据: 文件 1 条, 项目 85 条, 特有信息 85 条, 通知 0 条, 分类声明 0 条
2026-09-02 17:17:21,201 - E:\STangWork\PythonProjects\skp_parser\run_single.py - INFO - OK: 附件：珠海市2026年政府投资项目计划表.xlsx (file_id=1477, 项目 85 条)
2026-09-02 17:17:21,201 - E:\STangWork\PythonProjects\skp_parser\util\db_util.py - INFO - 数据库连接池已关闭
2026-09-02 17:17:34,903 - E:\STangWork\PythonProjects\skp_parser\run_single.py - INFO - 单文件处理: E:\STangWork\STangFiles\各省重点项目：2020年起\2022年重点项目\29四川省2022年重点项目清单\2022年甘孜州\2022年甘孜州重点项目名单.xlsx(上传 GoFast: False)
2026-09-02 17:17:34,920 - E:\STangWork\PythonProjects\skp_parser\util\db_util.py - INFO - 数据库连接池已创建: 127.0.0.1:3306/suidaobig
2026-09-02 17:17:35,190 - E:\STangWork\PythonProjects\skp_parser\util\db_util.py - INFO - 数据库表初始化完成(skp_file/skp_project/skp_file_extra/skp_notice/skp_category_declared)
2026-09-02 17:17:35,414 - E:\STangWork\PythonProjects\skp_parser\run_single.py - INFO - 删除旧数据: 文件 1 条, 项目 359 条, 特有信息 356 条, 通知 0 条, 分类声明 0 条
2026-09-02 17:17:37,441 - E:\STangWork\PythonProjects\skp_parser\run_single.py - INFO - OK: 2022年甘孜州重点项目名单.xlsx (file_id=1478, 项目 353 条)
2026-09-02 17:17:37,442 - E:\STangWork\PythonProjects\skp_parser\util\db_util.py - INFO - 数据库连接池已关闭
2026-09-02 17:18:24,906 - E:\STangWork\PythonProjects\skp_parser\run_single.py - INFO - 单文件处理: E:\STangWork\STangFiles\各省重点项目：2020年起\2026年重点项目\19湖北省2026年重点项目清单\2026年荆门市\荆门市2026年省级重点项目汇总表.xlsx(上传 GoFast: False)
2026-09-02 17:18:24,943 - E:\STangWork\PythonProjects\skp_parser\util\db_util.py - INFO - 数据库连接池已创建: 127.0.0.1:3306/suidaobig
2026-09-02 17:18:25,153 - E:\STangWork\PythonProjects\skp_parser\util\db_util.py - INFO - 数据库表初始化完成(skp_file/skp_project/skp_file_extra/skp_notice/skp_category_declared)
2026-09-02 17:18:25,425 - E:\STangWork\PythonProjects\skp_parser\run_single.py - INFO - 删除旧数据: 文件 1 条, 项目 58 条, 特有信息 0 条, 通知 0 条, 分类声明 0 条
2026-09-02 17:18:25,972 - E:\STangWork\PythonProjects\skp_parser\run_single.py - INFO - OK: 荆门市2026年省级重点项目汇总表.xlsx (file_id=1479, 项目 58 条)
2026-09-02 17:18:25,972 - E:\STangWork\PythonProjects\skp_parser\util\db_util.py - INFO - 数据库连接池已关闭
2026-09-02 17:19:42,939 - E:\STangWork\PythonProjects\skp_parser\run_single.py - INFO - 单文件处理: E:\STangWork\STangFiles\各省重点项目：2020年起\2026年重点项目\19湖北省2026年重点项目清单\2026年荆门市\荆门市2026年省级重点项目汇总表.xlsx(上传 GoFast: False)
2026-09-02 17:19:42,958 - E:\STangWork\PythonProjects\skp_parser\util\db_util.py - INFO - 数据库连接池已创建: 127.0.0.1:3306/suidaobig
2026-09-02 17:19:43,101 - E:\STangWork\PythonProjects\skp_parser\util\db_util.py - INFO - 数据库表初始化完成(skp_file/skp_project/skp_file_extra/skp_notice/skp_category_declared)
2026-09-02 17:19:43,197 - E:\STangWork\PythonProjects\skp_parser\run_single.py - INFO - 删除旧数据: 文件 1 条, 项目 58 条, 特有信息 0 条, 通知 0 条, 分类声明 0 条
2026-09-02 17:20:55,179 - E:\STangWork\PythonProjects\skp_parser\run_single.py - INFO - 单文件处理: E:\STangWork\STangFiles\各省重点项目：2020年起\2026年重点项目\19湖北省2026年重点项目清单\2026年荆门市\荆门市2026年省级重点项目汇总表.xlsx(上传 GoFast: False)
2026-09-02 17:20:55,195 - E:\STangWork\PythonProjects\skp_parser\util\db_util.py - INFO - 数据库连接池已创建: 127.0.0.1:3306/suidaobig
2026-09-02 17:20:55,410 - E:\STangWork\PythonProjects\skp_parser\util\db_util.py - INFO - 数据库表初始化完成(skp_file/skp_project/skp_file_extra/skp_notice/skp_category_declared)
2026-09-02 17:20:55,428 - E:\STangWork\PythonProjects\skp_parser\run_single.py - INFO - 删除旧数据: 文件 0 条, 项目 0 条, 特有信息 0 条, 通知 0 条, 分类声明 0 条
2026-09-02 17:33:16,807 - E:\STangWork\PythonProjects\skp_parser\run_single.py - INFO - 单文件处理: E:\STangWork\STangFiles\各省重点项目：2020年起\2026年重点项目\19湖北省2026年重点项目清单\2026年荆门市\荆门市2026年省级重点项目汇总表.xlsx(上传 GoFast: False)
2026-09-02 17:33:16,827 - E:\STangWork\PythonProjects\skp_parser\util\db_util.py - INFO - 数据库连接池已创建: 127.0.0.1:3306/suidaobig
2026-09-02 17:33:16,967 - E:\STangWork\PythonProjects\skp_parser\util\db_util.py - INFO - 数据库表初始化完成(skp_file/skp_project/skp_file_extra/skp_notice/skp_category_declared)
2026-09-02 17:33:16,968 - E:\STangWork\PythonProjects\skp_parser\run_single.py - INFO - 删除旧数据: 文件 0 条, 项目 0 条, 特有信息 0 条, 通知 0 条, 分类声明 0 条
2026-09-02 17:34:36,509 - E:\STangWork\PythonProjects\skp_parser\run_single.py - INFO - 单文件处理: E:\STangWork\STangFiles\各省重点项目：2020年起\2026年重点项目\19湖北省2026年重点项目清单\2026年荆门市\荆门市2026年省级重点项目汇总表.xlsx(上传 GoFast: False)
2026-09-02 17:34:36,525 - E:\STangWork\PythonProjects\skp_parser\util\db_util.py - INFO - 数据库连接池已创建: 127.0.0.1:3306/suidaobig
2026-09-02 17:34:36,820 - E:\STangWork\PythonProjects\skp_parser\util\db_util.py - INFO - 数据库表初始化完成(skp_file/skp_project/skp_file_extra/skp_notice/skp_category_declared)
2026-09-02 17:34:36,822 - E:\STangWork\PythonProjects\skp_parser\run_single.py - INFO - 删除旧数据: 文件 0 条, 项目 0 条, 特有信息 0 条, 通知 0 条, 分类声明 0 条
2026-09-02 17:36:44,271 - E:\STangWork\PythonProjects\skp_parser\run_single.py - INFO - 单文件处理: E:\STangWork\STangFiles\各省重点项目：2020年起\2026年重点项目\19湖北省2026年重点项目清单\2026年荆门市\荆门市2026年省级重点项目汇总表.xlsx(上传 GoFast: False)
2026-09-02 17:36:44,289 - E:\STangWork\PythonProjects\skp_parser\util\db_util.py - INFO - 数据库连接池已创建: 127.0.0.1:3306/suidaobig
2026-09-02 17:36:44,455 - E:\STangWork\PythonProjects\skp_parser\util\db_util.py - INFO - 数据库表初始化完成(skp_file/skp_project/skp_file_extra/skp_notice/skp_category_declared)
2026-09-02 17:36:44,456 - E:\STangWork\PythonProjects\skp_parser\run_single.py - INFO - 删除旧数据: 文件 0 条, 项目 0 条, 特有信息 0 条, 通知 0 条, 分类声明 0 条
2026-09-02 17:38:06,161 - E:\STangWork\PythonProjects\skp_parser\run_single.py - INFO - OK: 荆门市2026年省级重点项目汇总表.xlsx (file_id=1480, 项目 55 条)
2026-09-02 17:38:06,163 - E:\STangWork\PythonProjects\skp_parser\util\db_util.py - INFO - 数据库连接池已关闭
2026-09-02 17:39:23,210 - E:\STangWork\PythonProjects\skp_parser\run_single.py - INFO - 单文件处理: E:\STangWork\STangFiles\各省重点项目：2020年起\2026年重点项目\04重庆市2026年重点项目清单\2026年垫江县\重庆市垫江县2026年重点前期项目清单.xlsx(上传 GoFast: False)
2026-09-02 17:39:23,255 - E:\STangWork\PythonProjects\skp_parser\util\db_util.py - INFO - 数据库连接池已创建: 127.0.0.1:3306/suidaobig
2026-09-02 17:39:23,394 - E:\STangWork\PythonProjects\skp_parser\util\db_util.py - INFO - 数据库表初始化完成(skp_file/skp_project/skp_file_extra/skp_notice/skp_category_declared)
2026-09-02 17:39:23,551 - E:\STangWork\PythonProjects\skp_parser\run_single.py - INFO - 删除旧数据: 文件 1 条, 项目 130 条, 特有信息 115 条, 通知 0 条, 分类声明 0 条
2026-09-02 17:39:25,742 - E:\STangWork\PythonProjects\skp_parser\run_single.py - INFO - OK: 重庆市垫江县2026年重点前期项目清单.xlsx (file_id=1481, 项目 128 条)
2026-09-02 17:39:25,742 - E:\STangWork\PythonProjects\skp_parser\util\db_util.py - INFO - 数据库连接池已关闭
2026-09-02 17:40:28,958 - E:\STangWork\PythonProjects\skp_parser\run_single.py - INFO - 单文件处理: E:\STangWork\STangFiles\各省重点项目：2020年起\2026年重点项目\04重庆市2026年重点项目清单\2026年垫江县\重庆市垫江县2026年重点前期项目清单.xlsx(上传 GoFast: False)
2026-09-02 17:40:28,977 - E:\STangWork\PythonProjects\skp_parser\util\db_util.py - INFO - 数据库连接池已创建: 127.0.0.1:3306/suidaobig
2026-09-02 17:40:29,144 - E:\STangWork\PythonProjects\skp_parser\util\db_util.py - INFO - 数据库表初始化完成(skp_file/skp_project/skp_file_extra/skp_notice/skp_category_declared)
2026-09-02 17:40:29,277 - E:\STangWork\PythonProjects\skp_parser\run_single.py - INFO - 删除旧数据: 文件 1 条, 项目 128 条, 特有信息 115 条, 通知 0 条, 分类声明 0 条
2026-09-02 17:52:15,018 - E:\STangWork\PythonProjects\skp_parser\run_single.py - INFO - 单文件处理: E:\STangWork\STangFiles\各省重点项目：2020年起\2026年重点项目\04重庆市2026年重点项目清单\2026年垫江县\重庆市垫江县2026年重点前期项目清单.xlsx(上传 GoFast: False)
2026-09-02 17:52:15,037 - E:\STangWork\PythonProjects\skp_parser\util\db_util.py - INFO - 数据库连接池已创建: 127.0.0.1:3306/suidaobig
2026-09-02 17:52:15,243 - E:\STangWork\PythonProjects\skp_parser\util\db_util.py - INFO - 数据库表初始化完成(skp_file/skp_project/skp_file_extra/skp_notice/skp_category_declared)
2026-09-02 17:52:15,264 - E:\STangWork\PythonProjects\skp_parser\run_single.py - INFO - 删除旧数据: 文件 0 条, 项目 0 条, 特有信息 0 条, 通知 0 条, 分类声明 0 条
2026-09-02 17:56:01,866 - E:\STangWork\PythonProjects\skp_parser\run_single.py - INFO - OK: 重庆市垫江县2026年重点前期项目清单.xlsx (file_id=1482, 项目 128 条)
2026-09-02 17:56:01,866 - E:\STangWork\PythonProjects\skp_parser\util\db_util.py - INFO - 数据库连接池已关闭
2026-09-02 17:57:26,518 - E:\STangWork\PythonProjects\skp_parser\run_single.py - INFO - 单文件处理: E:\STangWork\STangFiles\各省重点项目：2020年起\2026年重点项目\19湖北省2026年重点项目清单\2026年荆门市\荆门市2026年省级重点项目汇总表.xlsx(上传 GoFast: False)
2026-09-02 17:57:26,526 - E:\STangWork\PythonProjects\skp_parser\util\db_util.py - INFO - 数据库连接池已创建: 127.0.0.1:3306/suidaobig
2026-09-02 17:57:26,644 - E:\STangWork\PythonProjects\skp_parser\util\db_util.py - INFO - 数据库表初始化完成(skp_file/skp_project/skp_file_extra/skp_notice/skp_category_declared)
2026-09-02 17:57:26,841 - E:\STangWork\PythonProjects\skp_parser\run_single.py - INFO - 删除旧数据: 文件 1 条, 项目 55 条, 特有信息 0 条, 通知 0 条, 分类声明 0 条
2026-09-02 17:57:28,200 - E:\STangWork\PythonProjects\skp_parser\run_single.py - INFO - OK: 荆门市2026年省级重点项目汇总表.xlsx (file_id=1483, 项目 55 条)
2026-09-02 17:57:28,200 - E:\STangWork\PythonProjects\skp_parser\util\db_util.py - INFO - 数据库连接池已关闭
